#! /c/Source/iverilog-install/bin/vvp
:ivl_version "12.0 (devel)" "(s20150603-1110-g18392a46)";
:ivl_delay_selection "TYPICAL";
:vpi_time_precision - 12;
:vpi_module "C:\iverilog\lib\ivl\system.vpi";
:vpi_module "C:\iverilog\lib\ivl\vhdl_sys.vpi";
:vpi_module "C:\iverilog\lib\ivl\vhdl_textio.vpi";
:vpi_module "C:\iverilog\lib\ivl\v2005_math.vpi";
:vpi_module "C:\iverilog\lib\ivl\va_math.vpi";
S_000001ac39b64630 .scope module, "program_counter_tb" "program_counter_tb" 2 22;
 .timescale -9 -12;
P_000001ac39b6fb70 .param/l "DATA_WIDTH" 0 2 28, +C4<00000000000000000000000000100000>;
v000001ac39b265c0_0 .var "clk", 0 0;
v000001ac39b26660_0 .var/i "errors", 31 0;
v000001ac39b26700_0 .net "pc", 31 0, v000001ac39b675d0_0;  1 drivers
v000001ac39b267a0_0 .var "pc_next", 31 0;
v000001ac39b6db40_0 .var "pc_write", 0 0;
v000001ac39b6dbe0_0 .var "rst", 0 0;
v000001ac39b6dc80_0 .var/i "tests", 31 0;
S_000001ac39b6d030 .scope module, "DUT" "program_counter" 2 53, 3 26 0, S_000001ac39b64630;
 .timescale 0 0;
    .port_info 0 /INPUT 1 "clk";
    .port_info 1 /INPUT 1 "rst";
    .port_info 2 /INPUT 1 "pc_write";
    .port_info 3 /INPUT 32 "pc_next";
    .port_info 4 /OUTPUT 32 "pc";
P_000001ac39b6f730 .param/l "DATA_WIDTH" 0 3 27, +C4<00000000000000000000000000100000>;
v000001ac39b6d1c0_0 .net "clk", 0 0, v000001ac39b265c0_0;  1 drivers
v000001ac39b675d0_0 .var "pc", 31 0;
v000001ac39b269a0_0 .net "pc_next", 31 0, v000001ac39b267a0_0;  1 drivers
v000001ac39b67710_0 .net "pc_write", 0 0, v000001ac39b6db40_0;  1 drivers
v000001ac39b2be80_0 .net "rst", 0 0, v000001ac39b6dbe0_0;  1 drivers
E_000001ac39b6f5b0 .event posedge, v000001ac39b6d1c0_0;
S_000001ac39b742c0 .scope task, "check_pc" "check_pc" 2 151, 2 151 0, S_000001ac39b64630;
 .timescale -9 -12;
v000001ac39b76880_0 .var "expected", 31 0;
TD_program_counter_tb.check_pc ;
    %delay 1000, 0;
    %load/vec4 v000001ac39b6dc80_0;
    %addi 1, 0, 32;
    %store/vec4 v000001ac39b6dc80_0, 0, 32;
    %load/vec4 v000001ac39b26700_0;
    %load/vec4 v000001ac39b76880_0;
    %cmp/ne;
    %jmp/0xz  T_0.0, 6;
    %vpi_call 2 163 "$display", "[FAIL] Expected = %h  Got = %h", v000001ac39b76880_0, v000001ac39b26700_0 {0 0 0};
    %load/vec4 v000001ac39b26660_0;
    %addi 1, 0, 32;
    %store/vec4 v000001ac39b26660_0, 0, 32;
    %jmp T_0.1;
T_0.0 ;
    %vpi_call 2 173 "$display", "[PASS] PC = %h", v000001ac39b26700_0 {0 0 0};
T_0.1 ;
    %end;
S_000001ac39b74450 .scope task, "reset_dut" "reset_dut" 2 103, 2 103 0, S_000001ac39b64630;
 .timescale -9 -12;
TD_program_counter_tb.reset_dut ;
    %vpi_call 2 107 "$display", "\000" {0 0 0};
    %vpi_call 2 108 "$display", "-----------------------------------------------" {0 0 0};
    %vpi_call 2 109 "$display", "Resetting DUT" {0 0 0};
    %vpi_call 2 110 "$display", "-----------------------------------------------" {0 0 0};
    %pushi/vec4 1, 0, 1;
    %store/vec4 v000001ac39b6dbe0_0, 0, 1;
    %pushi/vec4 0, 0, 1;
    %store/vec4 v000001ac39b6db40_0, 0, 1;
    %pushi/vec4 0, 0, 32;
    %store/vec4 v000001ac39b267a0_0, 0, 32;
    %wait E_000001ac39b6f5b0;
    %wait E_000001ac39b6f5b0;
    %pushi/vec4 0, 0, 1;
    %store/vec4 v000001ac39b6dbe0_0, 0, 1;
    %end;
S_000001ac39b26390 .scope task, "update_pc" "update_pc" 2 129, 2 129 0, S_000001ac39b64630;
 .timescale -9 -12;
v000001ac39b26520_0 .var "next_address", 31 0;
TD_program_counter_tb.update_pc ;
    %load/vec4 v000001ac39b26520_0;
    %store/vec4 v000001ac39b267a0_0, 0, 32;
    %pushi/vec4 1, 0, 1;
    %store/vec4 v000001ac39b6db40_0, 0, 1;
    %wait E_000001ac39b6f5b0;
    %wait E_000001ac39b6f5b0;
    %pushi/vec4 0, 0, 1;
    %store/vec4 v000001ac39b6db40_0, 0, 1;
    %end;
    .scope S_000001ac39b6d030;
T_3 ;
    %wait E_000001ac39b6f5b0;
    %load/vec4 v000001ac39b2be80_0;
    %flag_set/vec4 8;
    %jmp/0xz  T_3.0, 8;
    %pushi/vec4 0, 0, 32;
    %assign/vec4 v000001ac39b675d0_0, 0;
    %jmp T_3.1;
T_3.0 ;
    %load/vec4 v000001ac39b67710_0;
    %flag_set/vec4 8;
    %jmp/0xz  T_3.2, 8;
    %load/vec4 v000001ac39b269a0_0;
    %assign/vec4 v000001ac39b675d0_0, 0;
T_3.2 ;
T_3.1 ;
    %jmp T_3;
    .thread T_3;
    .scope S_000001ac39b64630;
T_4 ;
    %pushi/vec4 0, 0, 1;
    %store/vec4 v000001ac39b265c0_0, 0, 1;
T_4.0 ;
    %delay 5000, 0;
    %load/vec4 v000001ac39b265c0_0;
    %inv;
    %store/vec4 v000001ac39b265c0_0, 0, 1;
    %jmp T_4.0;
    %end;
    .thread T_4;
    .scope S_000001ac39b64630;
T_5 ;
    %vpi_call 2 83 "$dumpfile", "sim/program_counter/program_counter.vcd" {0 0 0};
    %vpi_call 2 84 "$dumpvars", 32'sb00000000000000000000000000000000, S_000001ac39b64630 {0 0 0};
    %end;
    .thread T_5;
    .scope S_000001ac39b64630;
T_6 ;
    %pushi/vec4 0, 0, 32;
    %store/vec4 v000001ac39b6dc80_0, 0, 32;
    %pushi/vec4 0, 0, 32;
    %store/vec4 v000001ac39b26660_0, 0, 32;
    %end;
    .thread T_6;
    .scope S_000001ac39b64630;
T_7 ;
    %pushi/vec4 0, 0, 1;
    %store/vec4 v000001ac39b6dbe0_0, 0, 1;
    %pushi/vec4 0, 0, 1;
    %store/vec4 v000001ac39b6db40_0, 0, 1;
    %pushi/vec4 0, 0, 32;
    %store/vec4 v000001ac39b267a0_0, 0, 32;
    %vpi_call 2 196 "$display", "\000" {0 0 0};
    %vpi_call 2 197 "$display", "=================================================" {0 0 0};
    %vpi_call 2 198 "$display", "      Program Counter Verification" {0 0 0};
    %vpi_call 2 199 "$display", "=================================================" {0 0 0};
    %fork TD_program_counter_tb.reset_dut, S_000001ac39b74450;
    %join;
    %pushi/vec4 0, 0, 32;
    %store/vec4 v000001ac39b76880_0, 0, 32;
    %fork TD_program_counter_tb.check_pc, S_000001ac39b742c0;
    %join;
    %vpi_call 2 213 "$display", "\000" {0 0 0};
    %vpi_call 2 214 "$display", "Single Update" {0 0 0};
    %pushi/vec4 4, 0, 32;
    %store/vec4 v000001ac39b26520_0, 0, 32;
    %fork TD_program_counter_tb.update_pc, S_000001ac39b26390;
    %join;
    %pushi/vec4 4, 0, 32;
    %store/vec4 v000001ac39b76880_0, 0, 32;
    %fork TD_program_counter_tb.check_pc, S_000001ac39b742c0;
    %join;
    %vpi_call 2 224 "$display", "\000" {0 0 0};
    %vpi_call 2 225 "$display", "Consecutive Updates" {0 0 0};
    %pushi/vec4 8, 0, 32;
    %store/vec4 v000001ac39b26520_0, 0, 32;
    %fork TD_program_counter_tb.update_pc, S_000001ac39b26390;
    %join;
    %pushi/vec4 8, 0, 32;
    %store/vec4 v000001ac39b76880_0, 0, 32;
    %fork TD_program_counter_tb.check_pc, S_000001ac39b742c0;
    %join;
    %pushi/vec4 12, 0, 32;
    %store/vec4 v000001ac39b26520_0, 0, 32;
    %fork TD_program_counter_tb.update_pc, S_000001ac39b26390;
    %join;
    %pushi/vec4 12, 0, 32;
    %store/vec4 v000001ac39b76880_0, 0, 32;
    %fork TD_program_counter_tb.check_pc, S_000001ac39b742c0;
    %join;
    %pushi/vec4 16, 0, 32;
    %store/vec4 v000001ac39b26520_0, 0, 32;
    %fork TD_program_counter_tb.update_pc, S_000001ac39b26390;
    %join;
    %pushi/vec4 16, 0, 32;
    %store/vec4 v000001ac39b76880_0, 0, 32;
    %fork TD_program_counter_tb.check_pc, S_000001ac39b742c0;
    %join;
    %vpi_call 2 240 "$display", "\000" {0 0 0};
    %vpi_call 2 241 "$display", "Write Disable" {0 0 0};
    %pushi/vec4 4294967295, 0, 32;
    %store/vec4 v000001ac39b267a0_0, 0, 32;
    %pushi/vec4 0, 0, 1;
    %store/vec4 v000001ac39b6db40_0, 0, 1;
    %wait E_000001ac39b6f5b0;
    %pushi/vec4 16, 0, 32;
    %store/vec4 v000001ac39b76880_0, 0, 32;
    %fork TD_program_counter_tb.check_pc, S_000001ac39b742c0;
    %join;
    %vpi_call 2 254 "$display", "\000" {0 0 0};
    %vpi_call 2 255 "$display", "Reset After Operation" {0 0 0};
    %fork TD_program_counter_tb.reset_dut, S_000001ac39b74450;
    %join;
    %pushi/vec4 0, 0, 32;
    %store/vec4 v000001ac39b76880_0, 0, 32;
    %fork TD_program_counter_tb.check_pc, S_000001ac39b742c0;
    %join;
    %vpi_call 2 265 "$display", "\000" {0 0 0};
    %vpi_call 2 266 "$display", "=================================================" {0 0 0};
    %vpi_call 2 267 "$display", "      Program Counter Verification Summary" {0 0 0};
    %vpi_call 2 268 "$display", "=================================================" {0 0 0};
    %vpi_call 2 269 "$display", "\000" {0 0 0};
    %vpi_call 2 271 "$display", "Tests  : %0d", v000001ac39b6dc80_0 {0 0 0};
    %vpi_call 2 272 "$display", "Errors : %0d", v000001ac39b26660_0 {0 0 0};
    %vpi_call 2 274 "$display", "\000" {0 0 0};
    %load/vec4 v000001ac39b26660_0;
    %cmpi/e 0, 0, 32;
    %jmp/0xz  T_7.0, 4;
    %vpi_call 2 278 "$display", "***********************************************" {0 0 0};
    %vpi_call 2 279 "$display", "*                                             *" {0 0 0};
    %vpi_call 2 280 "$display", "*       ALL TESTS PASSED SUCCESSFULLY!        *" {0 0 0};
    %vpi_call 2 281 "$display", "*                                             *" {0 0 0};
    %vpi_call 2 282 "$display", "***********************************************" {0 0 0};
    %jmp T_7.1;
T_7.0 ;
    %vpi_call 2 288 "$display", "***********************************************" {0 0 0};
    %vpi_call 2 289 "$display", "*                                             *" {0 0 0};
    %vpi_call 2 290 "$display", "*      VERIFICATION FAILED                    *" {0 0 0};
    %vpi_call 2 291 "$display", "*                                             *" {0 0 0};
    %vpi_call 2 292 "$display", "*      Errors : %0d                           *", v000001ac39b26660_0 {0 0 0};
    %vpi_call 2 293 "$display", "*                                             *" {0 0 0};
    %vpi_call 2 294 "$display", "***********************************************" {0 0 0};
T_7.1 ;
    %vpi_call 2 298 "$display", "\000" {0 0 0};
    %vpi_call 2 300 "$finish" {0 0 0};
    %end;
    .thread T_7;
# The file index is used to find the file name in the following table.
:file_names 4;
    "N/A";
    "<interactive>";
    "tb/core/program_counter_tb.v";
    "rtl/core/program_counter.v";
