#! /c/Source/iverilog-install/bin/vvp
:ivl_version "12.0 (devel)" "(s20150603-1110-g18392a46)";
:ivl_delay_selection "TYPICAL";
:vpi_time_precision - 12;
:vpi_module "C:\iverilog\lib\ivl\system.vpi";
:vpi_module "C:\iverilog\lib\ivl\vhdl_sys.vpi";
:vpi_module "C:\iverilog\lib\ivl\vhdl_textio.vpi";
:vpi_module "C:\iverilog\lib\ivl\v2005_math.vpi";
:vpi_module "C:\iverilog\lib\ivl\va_math.vpi";
S_000001f484ed4480 .scope module, "alu_tb" "alu_tb" 2 21;
 .timescale -9 -12;
P_000001f484ef7770 .param/l "DATA_WIDTH" 0 2 27, +C4<00000000000000000000000000100000>;
v000001f485056430_0 .var "alu_op", 3 0;
v000001f4850564d0_0 .var/i "errors", 31 0;
v000001f485056570_0 .var "operand_a", 31 0;
v000001f484f603d0_0 .var "operand_b", 31 0;
v000001f484f5ff70_0 .net "result", 31 0, v000001f484ef8aa0_0;  1 drivers
v000001f484f600b0_0 .var/i "tests", 31 0;
v000001f484f606f0_0 .net "zero", 0 0, L_000001f484f5f890;  1 drivers
S_000001f484ec69c0 .scope module, "DUT" "alu" 2 52, 3 35 0, S_000001f484ed4480;
 .timescale 0 0;
    .port_info 0 /INPUT 32 "operand_a";
    .port_info 1 /INPUT 32 "operand_b";
    .port_info 2 /INPUT 4 "alu_op";
    .port_info 3 /OUTPUT 32 "result";
    .port_info 4 /OUTPUT 1 "zero";
P_000001f484ef77b0 .param/l "DATA_WIDTH" 0 3 36, +C4<00000000000000000000000000100000>;
L_000001f485060088 .functor BUFT 1, C4<00000000000000000000000000000000>, C4<0>, C4<0>, C4<0>;
v000001f484ec6b50_0 .net/2u *"_ivl_0", 31 0, L_000001f485060088;  1 drivers
v000001f485056980_0 .net "alu_op", 3 0, v000001f485056430_0;  1 drivers
v000001f484ed9c30_0 .net "operand_a", 31 0, v000001f485056570_0;  1 drivers
v000001f484ef8a00_0 .net "operand_b", 31 0, v000001f484f603d0_0;  1 drivers
v000001f484ef8aa0_0 .var "result", 31 0;
v000001f484ecdfe0_0 .net "zero", 0 0, L_000001f484f5f890;  alias, 1 drivers
E_000001f484ef7330 .event anyedge, v000001f485056980_0, v000001f484ed9c30_0, v000001f484ef8a00_0;
L_000001f484f5f890 .cmp/eq 32, v000001f484ef8aa0_0, L_000001f485060088;
S_000001f484ece080 .scope task, "check_operation" "check_operation" 2 90, 2 90 0, S_000001f484ed4480;
 .timescale -9 -12;
v000001f48505bc30_0 .var "a", 31 0;
v000001f48505bcd0_0 .var "b", 31 0;
v000001f48505bd70_0 .var "expected_result", 31 0;
v000001f48505be10_0 .var "expected_zero", 0 0;
v000001f485056390_0 .var "operation", 3 0;
TD_alu_tb.check_operation ;
    %load/vec4 v000001f48505bc30_0;
    %store/vec4 v000001f485056570_0, 0, 32;
    %load/vec4 v000001f48505bcd0_0;
    %store/vec4 v000001f484f603d0_0, 0, 32;
    %load/vec4 v000001f485056390_0;
    %store/vec4 v000001f485056430_0, 0, 4;
    %delay 1000, 0;
    %load/vec4 v000001f484f600b0_0;
    %addi 1, 0, 32;
    %store/vec4 v000001f484f600b0_0, 0, 32;
    %load/vec4 v000001f484f5ff70_0;
    %load/vec4 v000001f48505bd70_0;
    %cmp/ne;
    %jmp/0xz  T_0.0, 6;
    %vpi_call 2 116 "$display", "[FAIL] Result" {0 0 0};
    %vpi_call 2 118 "$display", "        Operand A : %h", v000001f48505bc30_0 {0 0 0};
    %vpi_call 2 119 "$display", "        Operand B : %h", v000001f48505bcd0_0 {0 0 0};
    %vpi_call 2 120 "$display", "        ALU Op    : %b", v000001f485056390_0 {0 0 0};
    %vpi_call 2 122 "$display", "        Expected  : %h", v000001f48505bd70_0 {0 0 0};
    %vpi_call 2 123 "$display", "        Received  : %h", v000001f484f5ff70_0 {0 0 0};
    %load/vec4 v000001f4850564d0_0;
    %addi 1, 0, 32;
    %store/vec4 v000001f4850564d0_0, 0, 32;
    %jmp T_0.1;
T_0.0 ;
    %vpi_call 2 131 "$display", "[PASS] Result" {0 0 0};
T_0.1 ;
    %load/vec4 v000001f484f606f0_0;
    %load/vec4 v000001f48505be10_0;
    %cmp/ne;
    %jmp/0xz  T_0.2, 6;
    %vpi_call 2 141 "$display", "[FAIL] Zero Flag" {0 0 0};
    %vpi_call 2 143 "$display", "        Expected : %b", v000001f48505be10_0 {0 0 0};
    %vpi_call 2 144 "$display", "        Received : %b", v000001f484f606f0_0 {0 0 0};
    %load/vec4 v000001f4850564d0_0;
    %addi 1, 0, 32;
    %store/vec4 v000001f4850564d0_0, 0, 32;
    %jmp T_0.3;
T_0.2 ;
    %vpi_call 2 152 "$display", "[PASS] Zero Flag" {0 0 0};
T_0.3 ;
    %vpi_call 2 156 "$display", "\000" {0 0 0};
    %end;
    .scope S_000001f484ec69c0;
T_1 ;
    %wait E_000001f484ef7330;
    %pushi/vec4 0, 0, 32;
    %store/vec4 v000001f484ef8aa0_0, 0, 32;
    %load/vec4 v000001f485056980_0;
    %dup/vec4;
    %pushi/vec4 0, 0, 4;
    %cmp/u;
    %jmp/1 T_1.0, 6;
    %dup/vec4;
    %pushi/vec4 1, 0, 4;
    %cmp/u;
    %jmp/1 T_1.1, 6;
    %dup/vec4;
    %pushi/vec4 2, 0, 4;
    %cmp/u;
    %jmp/1 T_1.2, 6;
    %dup/vec4;
    %pushi/vec4 3, 0, 4;
    %cmp/u;
    %jmp/1 T_1.3, 6;
    %dup/vec4;
    %pushi/vec4 4, 0, 4;
    %cmp/u;
    %jmp/1 T_1.4, 6;
    %dup/vec4;
    %pushi/vec4 5, 0, 4;
    %cmp/u;
    %jmp/1 T_1.5, 6;
    %dup/vec4;
    %pushi/vec4 6, 0, 4;
    %cmp/u;
    %jmp/1 T_1.6, 6;
    %dup/vec4;
    %pushi/vec4 7, 0, 4;
    %cmp/u;
    %jmp/1 T_1.7, 6;
    %dup/vec4;
    %pushi/vec4 8, 0, 4;
    %cmp/u;
    %jmp/1 T_1.8, 6;
    %dup/vec4;
    %pushi/vec4 9, 0, 4;
    %cmp/u;
    %jmp/1 T_1.9, 6;
    %dup/vec4;
    %pushi/vec4 10, 0, 4;
    %cmp/u;
    %jmp/1 T_1.10, 6;
    %pushi/vec4 0, 0, 32;
    %store/vec4 v000001f484ef8aa0_0, 0, 32;
    %jmp T_1.12;
T_1.0 ;
    %load/vec4 v000001f484ed9c30_0;
    %load/vec4 v000001f484ef8a00_0;
    %add;
    %store/vec4 v000001f484ef8aa0_0, 0, 32;
    %jmp T_1.12;
T_1.1 ;
    %load/vec4 v000001f484ed9c30_0;
    %load/vec4 v000001f484ef8a00_0;
    %sub;
    %store/vec4 v000001f484ef8aa0_0, 0, 32;
    %jmp T_1.12;
T_1.2 ;
    %load/vec4 v000001f484ed9c30_0;
    %load/vec4 v000001f484ef8a00_0;
    %and;
    %store/vec4 v000001f484ef8aa0_0, 0, 32;
    %jmp T_1.12;
T_1.3 ;
    %load/vec4 v000001f484ed9c30_0;
    %load/vec4 v000001f484ef8a00_0;
    %or;
    %store/vec4 v000001f484ef8aa0_0, 0, 32;
    %jmp T_1.12;
T_1.4 ;
    %load/vec4 v000001f484ed9c30_0;
    %load/vec4 v000001f484ef8a00_0;
    %xor;
    %store/vec4 v000001f484ef8aa0_0, 0, 32;
    %jmp T_1.12;
T_1.5 ;
    %load/vec4 v000001f484ed9c30_0;
    %load/vec4 v000001f484ef8a00_0;
    %parti/s 5, 0, 2;
    %ix/vec4 4;
    %shiftl 4;
    %store/vec4 v000001f484ef8aa0_0, 0, 32;
    %jmp T_1.12;
T_1.6 ;
    %load/vec4 v000001f484ed9c30_0;
    %load/vec4 v000001f484ef8a00_0;
    %parti/s 5, 0, 2;
    %ix/vec4 4;
    %shiftr 4;
    %store/vec4 v000001f484ef8aa0_0, 0, 32;
    %jmp T_1.12;
T_1.7 ;
    %load/vec4 v000001f484ed9c30_0;
    %load/vec4 v000001f484ef8a00_0;
    %parti/s 5, 0, 2;
    %ix/vec4 4;
    %shiftr/s 4;
    %store/vec4 v000001f484ef8aa0_0, 0, 32;
    %jmp T_1.12;
T_1.8 ;
    %load/vec4 v000001f484ed9c30_0;
    %load/vec4 v000001f484ef8a00_0;
    %cmp/s;
    %flag_mov 8, 5;
    %jmp/0 T_1.13, 8;
    %pushi/vec4 1, 0, 32;
    %jmp/1 T_1.14, 8;
T_1.13 ; End of true expr.
    %pushi/vec4 0, 0, 32;
    %jmp/0 T_1.14, 8;
 ; End of false expr.
    %blend;
T_1.14;
    %store/vec4 v000001f484ef8aa0_0, 0, 32;
    %jmp T_1.12;
T_1.9 ;
    %load/vec4 v000001f484ed9c30_0;
    %load/vec4 v000001f484ef8a00_0;
    %cmp/u;
    %flag_mov 8, 5;
    %jmp/0 T_1.15, 8;
    %pushi/vec4 1, 0, 32;
    %jmp/1 T_1.16, 8;
T_1.15 ; End of true expr.
    %pushi/vec4 0, 0, 32;
    %jmp/0 T_1.16, 8;
 ; End of false expr.
    %blend;
T_1.16;
    %store/vec4 v000001f484ef8aa0_0, 0, 32;
    %jmp T_1.12;
T_1.10 ;
    %load/vec4 v000001f484ef8a00_0;
    %store/vec4 v000001f484ef8aa0_0, 0, 32;
    %jmp T_1.12;
T_1.12 ;
    %pop/vec4 1;
    %jmp T_1;
    .thread T_1, $push;
    .scope S_000001f484ed4480;
T_2 ;
    %vpi_call 2 70 "$dumpfile", "sim/alu/alu.vcd" {0 0 0};
    %vpi_call 2 71 "$dumpvars", 32'sb00000000000000000000000000000000, S_000001f484ed4480 {0 0 0};
    %end;
    .thread T_2;
    .scope S_000001f484ed4480;
T_3 ;
    %pushi/vec4 0, 0, 32;
    %store/vec4 v000001f4850564d0_0, 0, 32;
    %pushi/vec4 0, 0, 32;
    %store/vec4 v000001f484f600b0_0, 0, 32;
    %end;
    .thread T_3;
    .scope S_000001f484ed4480;
T_4 ;
    %vpi_call 2 168 "$display", "\000" {0 0 0};
    %vpi_call 2 169 "$display", "=================================================" {0 0 0};
    %vpi_call 2 170 "$display", "          RV32I ALU Verification" {0 0 0};
    %vpi_call 2 171 "$display", "=================================================" {0 0 0};
    %vpi_call 2 172 "$display", "\000" {0 0 0};
    %vpi_call 2 177 "$display", "-----------------------------------------------" {0 0 0};
    %vpi_call 2 178 "$display", "Testing Arithmetic Operations" {0 0 0};
    %vpi_call 2 179 "$display", "-----------------------------------------------" {0 0 0};
    %vpi_call 2 180 "$display", "\000" {0 0 0};
    %pushi/vec4 10, 0, 32;
    %store/vec4 v000001f48505bc30_0, 0, 32;
    %pushi/vec4 20, 0, 32;
    %store/vec4 v000001f48505bcd0_0, 0, 32;
    %pushi/vec4 0, 0, 4;
    %store/vec4 v000001f485056390_0, 0, 4;
    %pushi/vec4 30, 0, 32;
    %store/vec4 v000001f48505bd70_0, 0, 32;
    %pushi/vec4 0, 0, 1;
    %store/vec4 v000001f48505be10_0, 0, 1;
    %fork TD_alu_tb.check_operation, S_000001f484ece080;
    %join;
    %pushi/vec4 0, 0, 32;
    %store/vec4 v000001f48505bc30_0, 0, 32;
    %pushi/vec4 0, 0, 32;
    %store/vec4 v000001f48505bcd0_0, 0, 32;
    %pushi/vec4 0, 0, 4;
    %store/vec4 v000001f485056390_0, 0, 4;
    %pushi/vec4 0, 0, 32;
    %store/vec4 v000001f48505bd70_0, 0, 32;
    %pushi/vec4 1, 0, 1;
    %store/vec4 v000001f48505be10_0, 0, 1;
    %fork TD_alu_tb.check_operation, S_000001f484ece080;
    %join;
    %pushi/vec4 4294967295, 0, 32;
    %store/vec4 v000001f48505bc30_0, 0, 32;
    %pushi/vec4 1, 0, 32;
    %store/vec4 v000001f48505bcd0_0, 0, 32;
    %pushi/vec4 0, 0, 4;
    %store/vec4 v000001f485056390_0, 0, 4;
    %pushi/vec4 0, 0, 32;
    %store/vec4 v000001f48505bd70_0, 0, 32;
    %pushi/vec4 1, 0, 1;
    %store/vec4 v000001f48505be10_0, 0, 1;
    %fork TD_alu_tb.check_operation, S_000001f484ece080;
    %join;
    %pushi/vec4 20, 0, 32;
    %store/vec4 v000001f48505bc30_0, 0, 32;
    %pushi/vec4 10, 0, 32;
    %store/vec4 v000001f48505bcd0_0, 0, 32;
    %pushi/vec4 1, 0, 4;
    %store/vec4 v000001f485056390_0, 0, 4;
    %pushi/vec4 10, 0, 32;
    %store/vec4 v000001f48505bd70_0, 0, 32;
    %pushi/vec4 0, 0, 1;
    %store/vec4 v000001f48505be10_0, 0, 1;
    %fork TD_alu_tb.check_operation, S_000001f484ece080;
    %join;
    %pushi/vec4 25, 0, 32;
    %store/vec4 v000001f48505bc30_0, 0, 32;
    %pushi/vec4 25, 0, 32;
    %store/vec4 v000001f48505bcd0_0, 0, 32;
    %pushi/vec4 1, 0, 4;
    %store/vec4 v000001f485056390_0, 0, 4;
    %pushi/vec4 0, 0, 32;
    %store/vec4 v000001f48505bd70_0, 0, 32;
    %pushi/vec4 1, 0, 1;
    %store/vec4 v000001f48505be10_0, 0, 1;
    %fork TD_alu_tb.check_operation, S_000001f484ece080;
    %join;
    %pushi/vec4 10, 0, 32;
    %store/vec4 v000001f48505bc30_0, 0, 32;
    %pushi/vec4 20, 0, 32;
    %store/vec4 v000001f48505bcd0_0, 0, 32;
    %pushi/vec4 1, 0, 4;
    %store/vec4 v000001f485056390_0, 0, 4;
    %pushi/vec4 4294967286, 0, 32;
    %store/vec4 v000001f48505bd70_0, 0, 32;
    %pushi/vec4 0, 0, 1;
    %store/vec4 v000001f48505be10_0, 0, 1;
    %fork TD_alu_tb.check_operation, S_000001f484ece080;
    %join;
    %vpi_call 2 262 "$display", "-----------------------------------------------" {0 0 0};
    %vpi_call 2 263 "$display", "Testing Logical Operations" {0 0 0};
    %vpi_call 2 264 "$display", "-----------------------------------------------" {0 0 0};
    %vpi_call 2 265 "$display", "\000" {0 0 0};
    %pushi/vec4 4042322160, 0, 32;
    %store/vec4 v000001f48505bc30_0, 0, 32;
    %pushi/vec4 4294901760, 0, 32;
    %store/vec4 v000001f48505bcd0_0, 0, 32;
    %pushi/vec4 2, 0, 4;
    %store/vec4 v000001f485056390_0, 0, 4;
    %pushi/vec4 4042260480, 0, 32;
    %store/vec4 v000001f48505bd70_0, 0, 32;
    %pushi/vec4 0, 0, 1;
    %store/vec4 v000001f48505be10_0, 0, 1;
    %fork TD_alu_tb.check_operation, S_000001f484ece080;
    %join;
    %pushi/vec4 4294967295, 0, 32;
    %store/vec4 v000001f48505bc30_0, 0, 32;
    %pushi/vec4 4294967295, 0, 32;
    %store/vec4 v000001f48505bcd0_0, 0, 32;
    %pushi/vec4 2, 0, 4;
    %store/vec4 v000001f485056390_0, 0, 4;
    %pushi/vec4 4294967295, 0, 32;
    %store/vec4 v000001f48505bd70_0, 0, 32;
    %pushi/vec4 0, 0, 1;
    %store/vec4 v000001f48505be10_0, 0, 1;
    %fork TD_alu_tb.check_operation, S_000001f484ece080;
    %join;
    %pushi/vec4 2863311530, 0, 32;
    %store/vec4 v000001f48505bc30_0, 0, 32;
    %pushi/vec4 1431655765, 0, 32;
    %store/vec4 v000001f48505bcd0_0, 0, 32;
    %pushi/vec4 2, 0, 4;
    %store/vec4 v000001f485056390_0, 0, 4;
    %pushi/vec4 0, 0, 32;
    %store/vec4 v000001f48505bd70_0, 0, 32;
    %pushi/vec4 1, 0, 1;
    %store/vec4 v000001f48505be10_0, 0, 1;
    %fork TD_alu_tb.check_operation, S_000001f484ece080;
    %join;
    %pushi/vec4 4042260480, 0, 32;
    %store/vec4 v000001f48505bc30_0, 0, 32;
    %pushi/vec4 61680, 0, 32;
    %store/vec4 v000001f48505bcd0_0, 0, 32;
    %pushi/vec4 3, 0, 4;
    %store/vec4 v000001f485056390_0, 0, 4;
    %pushi/vec4 4042322160, 0, 32;
    %store/vec4 v000001f48505bd70_0, 0, 32;
    %pushi/vec4 0, 0, 1;
    %store/vec4 v000001f48505be10_0, 0, 1;
    %fork TD_alu_tb.check_operation, S_000001f484ece080;
    %join;
    %pushi/vec4 0, 0, 32;
    %store/vec4 v000001f48505bc30_0, 0, 32;
    %pushi/vec4 0, 0, 32;
    %store/vec4 v000001f48505bcd0_0, 0, 32;
    %pushi/vec4 3, 0, 4;
    %store/vec4 v000001f485056390_0, 0, 4;
    %pushi/vec4 0, 0, 32;
    %store/vec4 v000001f48505bd70_0, 0, 32;
    %pushi/vec4 1, 0, 1;
    %store/vec4 v000001f48505be10_0, 0, 1;
    %fork TD_alu_tb.check_operation, S_000001f484ece080;
    %join;
    %pushi/vec4 2863311530, 0, 32;
    %store/vec4 v000001f48505bc30_0, 0, 32;
    %pushi/vec4 1431655765, 0, 32;
    %store/vec4 v000001f48505bcd0_0, 0, 32;
    %pushi/vec4 4, 0, 4;
    %store/vec4 v000001f485056390_0, 0, 4;
    %pushi/vec4 4294967295, 0, 32;
    %store/vec4 v000001f48505bd70_0, 0, 32;
    %pushi/vec4 0, 0, 1;
    %store/vec4 v000001f48505be10_0, 0, 1;
    %fork TD_alu_tb.check_operation, S_000001f484ece080;
    %join;
    %pushi/vec4 305419896, 0, 32;
    %store/vec4 v000001f48505bc30_0, 0, 32;
    %pushi/vec4 305419896, 0, 32;
    %store/vec4 v000001f48505bcd0_0, 0, 32;
    %pushi/vec4 4, 0, 4;
    %store/vec4 v000001f485056390_0, 0, 4;
    %pushi/vec4 0, 0, 32;
    %store/vec4 v000001f48505bd70_0, 0, 32;
    %pushi/vec4 1, 0, 1;
    %store/vec4 v000001f48505be10_0, 0, 1;
    %fork TD_alu_tb.check_operation, S_000001f484ece080;
    %join;
    %pushi/vec4 4294901760, 0, 32;
    %store/vec4 v000001f48505bc30_0, 0, 32;
    %pushi/vec4 16776960, 0, 32;
    %store/vec4 v000001f48505bcd0_0, 0, 32;
    %pushi/vec4 4, 0, 4;
    %store/vec4 v000001f485056390_0, 0, 4;
    %pushi/vec4 4278255360, 0, 32;
    %store/vec4 v000001f48505bd70_0, 0, 32;
    %pushi/vec4 0, 0, 1;
    %store/vec4 v000001f48505be10_0, 0, 1;
    %fork TD_alu_tb.check_operation, S_000001f484ece080;
    %join;
    %vpi_call 2 367 "$display", "-----------------------------------------------" {0 0 0};
    %vpi_call 2 368 "$display", "Testing Shift Operations" {0 0 0};
    %vpi_call 2 369 "$display", "-----------------------------------------------" {0 0 0};
    %vpi_call 2 370 "$display", "\000" {0 0 0};
    %pushi/vec4 1, 0, 32;
    %store/vec4 v000001f48505bc30_0, 0, 32;
    %pushi/vec4 4, 0, 32;
    %store/vec4 v000001f48505bcd0_0, 0, 32;
    %pushi/vec4 5, 0, 4;
    %store/vec4 v000001f485056390_0, 0, 4;
    %pushi/vec4 16, 0, 32;
    %store/vec4 v000001f48505bd70_0, 0, 32;
    %pushi/vec4 0, 0, 1;
    %store/vec4 v000001f48505be10_0, 0, 1;
    %fork TD_alu_tb.check_operation, S_000001f484ece080;
    %join;
    %pushi/vec4 305419896, 0, 32;
    %store/vec4 v000001f48505bc30_0, 0, 32;
    %pushi/vec4 0, 0, 32;
    %store/vec4 v000001f48505bcd0_0, 0, 32;
    %pushi/vec4 5, 0, 4;
    %store/vec4 v000001f485056390_0, 0, 4;
    %pushi/vec4 305419896, 0, 32;
    %store/vec4 v000001f48505bd70_0, 0, 32;
    %pushi/vec4 0, 0, 1;
    %store/vec4 v000001f48505be10_0, 0, 1;
    %fork TD_alu_tb.check_operation, S_000001f484ece080;
    %join;
    %pushi/vec4 1, 0, 32;
    %store/vec4 v000001f48505bc30_0, 0, 32;
    %pushi/vec4 31, 0, 32;
    %store/vec4 v000001f48505bcd0_0, 0, 32;
    %pushi/vec4 5, 0, 4;
    %store/vec4 v000001f485056390_0, 0, 4;
    %pushi/vec4 2147483648, 0, 32;
    %store/vec4 v000001f48505bd70_0, 0, 32;
    %pushi/vec4 0, 0, 1;
    %store/vec4 v000001f48505be10_0, 0, 1;
    %fork TD_alu_tb.check_operation, S_000001f484ece080;
    %join;
    %pushi/vec4 2147483648, 0, 32;
    %store/vec4 v000001f48505bc30_0, 0, 32;
    %pushi/vec4 4, 0, 32;
    %store/vec4 v000001f48505bcd0_0, 0, 32;
    %pushi/vec4 6, 0, 4;
    %store/vec4 v000001f485056390_0, 0, 4;
    %pushi/vec4 134217728, 0, 32;
    %store/vec4 v000001f48505bd70_0, 0, 32;
    %pushi/vec4 0, 0, 1;
    %store/vec4 v000001f48505be10_0, 0, 1;
    %fork TD_alu_tb.check_operation, S_000001f484ece080;
    %join;
    %pushi/vec4 2271560481, 0, 32;
    %store/vec4 v000001f48505bc30_0, 0, 32;
    %pushi/vec4 0, 0, 32;
    %store/vec4 v000001f48505bcd0_0, 0, 32;
    %pushi/vec4 6, 0, 4;
    %store/vec4 v000001f485056390_0, 0, 4;
    %pushi/vec4 2271560481, 0, 32;
    %store/vec4 v000001f48505bd70_0, 0, 32;
    %pushi/vec4 0, 0, 1;
    %store/vec4 v000001f48505be10_0, 0, 1;
    %fork TD_alu_tb.check_operation, S_000001f484ece080;
    %join;
    %pushi/vec4 2147483648, 0, 32;
    %store/vec4 v000001f48505bc30_0, 0, 32;
    %pushi/vec4 31, 0, 32;
    %store/vec4 v000001f48505bcd0_0, 0, 32;
    %pushi/vec4 6, 0, 4;
    %store/vec4 v000001f485056390_0, 0, 4;
    %pushi/vec4 1, 0, 32;
    %store/vec4 v000001f48505bd70_0, 0, 32;
    %pushi/vec4 0, 0, 1;
    %store/vec4 v000001f48505be10_0, 0, 1;
    %fork TD_alu_tb.check_operation, S_000001f484ece080;
    %join;
    %pushi/vec4 32, 0, 32;
    %store/vec4 v000001f48505bc30_0, 0, 32;
    %pushi/vec4 2, 0, 32;
    %store/vec4 v000001f48505bcd0_0, 0, 32;
    %pushi/vec4 7, 0, 4;
    %store/vec4 v000001f485056390_0, 0, 4;
    %pushi/vec4 8, 0, 32;
    %store/vec4 v000001f48505bd70_0, 0, 32;
    %pushi/vec4 0, 0, 1;
    %store/vec4 v000001f48505be10_0, 0, 1;
    %fork TD_alu_tb.check_operation, S_000001f484ece080;
    %join;
    %pushi/vec4 4294967280, 0, 32;
    %store/vec4 v000001f48505bc30_0, 0, 32;
    %pushi/vec4 2, 0, 32;
    %store/vec4 v000001f48505bcd0_0, 0, 32;
    %pushi/vec4 7, 0, 4;
    %store/vec4 v000001f485056390_0, 0, 4;
    %pushi/vec4 4294967292, 0, 32;
    %store/vec4 v000001f48505bd70_0, 0, 32;
    %pushi/vec4 0, 0, 1;
    %store/vec4 v000001f48505be10_0, 0, 1;
    %fork TD_alu_tb.check_operation, S_000001f484ece080;
    %join;
    %pushi/vec4 4294967168, 0, 32;
    %store/vec4 v000001f48505bc30_0, 0, 32;
    %pushi/vec4 0, 0, 32;
    %store/vec4 v000001f48505bcd0_0, 0, 32;
    %pushi/vec4 7, 0, 4;
    %store/vec4 v000001f485056390_0, 0, 4;
    %pushi/vec4 4294967168, 0, 32;
    %store/vec4 v000001f48505bd70_0, 0, 32;
    %pushi/vec4 0, 0, 1;
    %store/vec4 v000001f48505be10_0, 0, 1;
    %fork TD_alu_tb.check_operation, S_000001f484ece080;
    %join;
    %vpi_call 2 484 "$display", "-----------------------------------------------" {0 0 0};
    %vpi_call 2 485 "$display", "Testing Comparison Operations" {0 0 0};
    %vpi_call 2 486 "$display", "-----------------------------------------------" {0 0 0};
    %vpi_call 2 487 "$display", "\000" {0 0 0};
    %pushi/vec4 5, 0, 32;
    %store/vec4 v000001f48505bc30_0, 0, 32;
    %pushi/vec4 10, 0, 32;
    %store/vec4 v000001f48505bcd0_0, 0, 32;
    %pushi/vec4 8, 0, 4;
    %store/vec4 v000001f485056390_0, 0, 4;
    %pushi/vec4 1, 0, 32;
    %store/vec4 v000001f48505bd70_0, 0, 32;
    %pushi/vec4 0, 0, 1;
    %store/vec4 v000001f48505be10_0, 0, 1;
    %fork TD_alu_tb.check_operation, S_000001f484ece080;
    %join;
    %pushi/vec4 20, 0, 32;
    %store/vec4 v000001f48505bc30_0, 0, 32;
    %pushi/vec4 10, 0, 32;
    %store/vec4 v000001f48505bcd0_0, 0, 32;
    %pushi/vec4 8, 0, 4;
    %store/vec4 v000001f485056390_0, 0, 4;
    %pushi/vec4 0, 0, 32;
    %store/vec4 v000001f48505bd70_0, 0, 32;
    %pushi/vec4 1, 0, 1;
    %store/vec4 v000001f48505be10_0, 0, 1;
    %fork TD_alu_tb.check_operation, S_000001f484ece080;
    %join;
    %pushi/vec4 4294967295, 0, 32;
    %store/vec4 v000001f48505bc30_0, 0, 32;
    %pushi/vec4 1, 0, 32;
    %store/vec4 v000001f48505bcd0_0, 0, 32;
    %pushi/vec4 8, 0, 4;
    %store/vec4 v000001f485056390_0, 0, 4;
    %pushi/vec4 1, 0, 32;
    %store/vec4 v000001f48505bd70_0, 0, 32;
    %pushi/vec4 0, 0, 1;
    %store/vec4 v000001f48505be10_0, 0, 1;
    %fork TD_alu_tb.check_operation, S_000001f484ece080;
    %join;
    %pushi/vec4 5, 0, 32;
    %store/vec4 v000001f48505bc30_0, 0, 32;
    %pushi/vec4 10, 0, 32;
    %store/vec4 v000001f48505bcd0_0, 0, 32;
    %pushi/vec4 9, 0, 4;
    %store/vec4 v000001f485056390_0, 0, 4;
    %pushi/vec4 1, 0, 32;
    %store/vec4 v000001f48505bd70_0, 0, 32;
    %pushi/vec4 0, 0, 1;
    %store/vec4 v000001f48505be10_0, 0, 1;
    %fork TD_alu_tb.check_operation, S_000001f484ece080;
    %join;
    %pushi/vec4 20, 0, 32;
    %store/vec4 v000001f48505bc30_0, 0, 32;
    %pushi/vec4 10, 0, 32;
    %store/vec4 v000001f48505bcd0_0, 0, 32;
    %pushi/vec4 9, 0, 4;
    %store/vec4 v000001f485056390_0, 0, 4;
    %pushi/vec4 0, 0, 32;
    %store/vec4 v000001f48505bd70_0, 0, 32;
    %pushi/vec4 1, 0, 1;
    %store/vec4 v000001f48505be10_0, 0, 1;
    %fork TD_alu_tb.check_operation, S_000001f484ece080;
    %join;
    %pushi/vec4 4294967295, 0, 32;
    %store/vec4 v000001f48505bc30_0, 0, 32;
    %pushi/vec4 1, 0, 32;
    %store/vec4 v000001f48505bcd0_0, 0, 32;
    %pushi/vec4 9, 0, 4;
    %store/vec4 v000001f485056390_0, 0, 4;
    %pushi/vec4 0, 0, 32;
    %store/vec4 v000001f48505bd70_0, 0, 32;
    %pushi/vec4 1, 0, 1;
    %store/vec4 v000001f48505be10_0, 0, 1;
    %fork TD_alu_tb.check_operation, S_000001f484ece080;
    %join;
    %pushi/vec4 305419896, 0, 32;
    %store/vec4 v000001f48505bc30_0, 0, 32;
    %pushi/vec4 3405691582, 0, 32;
    %store/vec4 v000001f48505bcd0_0, 0, 32;
    %pushi/vec4 10, 0, 4;
    %store/vec4 v000001f485056390_0, 0, 4;
    %pushi/vec4 3405691582, 0, 32;
    %store/vec4 v000001f48505bd70_0, 0, 32;
    %pushi/vec4 0, 0, 1;
    %store/vec4 v000001f48505be10_0, 0, 1;
    %fork TD_alu_tb.check_operation, S_000001f484ece080;
    %join;
    %pushi/vec4 4294967295, 0, 32;
    %store/vec4 v000001f48505bc30_0, 0, 32;
    %pushi/vec4 0, 0, 32;
    %store/vec4 v000001f48505bcd0_0, 0, 32;
    %pushi/vec4 10, 0, 4;
    %store/vec4 v000001f485056390_0, 0, 4;
    %pushi/vec4 0, 0, 32;
    %store/vec4 v000001f48505bd70_0, 0, 32;
    %pushi/vec4 1, 0, 1;
    %store/vec4 v000001f48505be10_0, 0, 1;
    %fork TD_alu_tb.check_operation, S_000001f484ece080;
    %join;
    %vpi_call 2 592 "$display", "\000" {0 0 0};
    %vpi_call 2 593 "$display", "=================================================" {0 0 0};
    %vpi_call 2 594 "$display", "           ALU Verification Summary" {0 0 0};
    %vpi_call 2 595 "$display", "=================================================" {0 0 0};
    %vpi_call 2 596 "$display", "\000" {0 0 0};
    %vpi_call 2 598 "$display", "Total Tests Executed : %0d", v000001f484f600b0_0 {0 0 0};
    %vpi_call 2 599 "$display", "Total Errors         : %0d", v000001f4850564d0_0 {0 0 0};
    %vpi_call 2 600 "$display", "\000" {0 0 0};
    %load/vec4 v000001f4850564d0_0;
    %cmpi/e 0, 0, 32;
    %jmp/0xz  T_4.0, 4;
    %vpi_call 2 604 "$display", "***********************************************" {0 0 0};
    %vpi_call 2 605 "$display", "*                                             *" {0 0 0};
    %vpi_call 2 606 "$display", "*       ALL TESTS PASSED SUCCESSFULLY!        *" {0 0 0};
    %vpi_call 2 607 "$display", "*                                             *" {0 0 0};
    %vpi_call 2 608 "$display", "***********************************************" {0 0 0};
    %jmp T_4.1;
T_4.0 ;
    %vpi_call 2 614 "$display", "***********************************************" {0 0 0};
    %vpi_call 2 615 "$display", "*                                             *" {0 0 0};
    %vpi_call 2 616 "$display", "*      VERIFICATION FAILED!                   *" {0 0 0};
    %vpi_call 2 617 "$display", "*                                             *" {0 0 0};
    %vpi_call 2 618 "$display", "*      Errors Detected : %0d                  *", v000001f4850564d0_0 {0 0 0};
    %vpi_call 2 619 "$display", "*                                             *" {0 0 0};
    %vpi_call 2 620 "$display", "***********************************************" {0 0 0};
T_4.1 ;
    %vpi_call 2 624 "$display", "\000" {0 0 0};
    %vpi_call 2 625 "$display", "=================================================" {0 0 0};
    %vpi_call 2 626 "$display", "            End of Verification" {0 0 0};
    %vpi_call 2 627 "$display", "=================================================" {0 0 0};
    %vpi_call 2 628 "$display", "\000" {0 0 0};
    %vpi_call 2 630 "$finish" {0 0 0};
    %end;
    .thread T_4;
# The file index is used to find the file name in the following table.
:file_names 4;
    "N/A";
    "<interactive>";
    "tb\core\alu_tb.v";
    "rtl\core\alu.v";
