#! /c/Source/iverilog-install/bin/vvp
:ivl_version "12.0 (devel)" "(s20150603-1110-g18392a46)";
:ivl_delay_selection "TYPICAL";
:vpi_time_precision - 12;
:vpi_module "C:\iverilog\lib\ivl\system.vpi";
:vpi_module "C:\iverilog\lib\ivl\vhdl_sys.vpi";
:vpi_module "C:\iverilog\lib\ivl\vhdl_textio.vpi";
:vpi_module "C:\iverilog\lib\ivl\v2005_math.vpi";
:vpi_module "C:\iverilog\lib\ivl\va_math.vpi";
S_0000027215d38ba0 .scope module, "next_pc_tb" "next_pc_tb" 2 18;
 .timescale -9 -12;
P_0000027215d3ef60 .param/l "DATA_WIDTH" 1 2 24, +C4<00000000000000000000000000100000>;
v0000027215cf6490_0 .var "branch_taken", 0 0;
v0000027215cf6530_0 .var "branch_target", 31 0;
v0000027215cf65d0_0 .var/i "errors", 31 0;
v0000027215cf6670_0 .var "jal_target", 31 0;
v0000027215cf6710_0 .var "jalr_target", 31 0;
v0000027215d423f0_0 .net "next_pc", 31 0, v0000027215d40cc0_0;  1 drivers
v0000027215d42490_0 .var "pc", 31 0;
v0000027215db58f0_0 .var "pc_src", 1 0;
v0000027215db6110_0 .var/i "tests", 31 0;
S_0000027215d41920 .scope module, "DUT" "next_pc" 2 55, 3 21 0, S_0000027215d38ba0;
 .timescale 0 0;
    .port_info 0 /INPUT 32 "pc";
    .port_info 1 /INPUT 32 "branch_target";
    .port_info 2 /INPUT 32 "jal_target";
    .port_info 3 /INPUT 32 "jalr_target";
    .port_info 4 /INPUT 1 "branch_taken";
    .port_info 5 /INPUT 2 "pc_src";
    .port_info 6 /OUTPUT 32 "next_pc";
P_0000027215d3eba0 .param/l "DATA_WIDTH" 0 3 22, +C4<00000000000000000000000000100000>;
v0000027215cf6940_0 .net "branch_taken", 0 0, v0000027215cf6490_0;  1 drivers
v0000027215d44590_0 .net "branch_target", 31 0, v0000027215cf6530_0;  1 drivers
v0000027215d476f0_0 .net "jal_target", 31 0, v0000027215cf6670_0;  1 drivers
v0000027215d373a0_0 .net "jalr_target", 31 0, v0000027215cf6710_0;  1 drivers
v0000027215d40cc0_0 .var "next_pc", 31 0;
v0000027215d41ab0_0 .net "pc", 31 0, v0000027215d42490_0;  1 drivers
v0000027215d41b50_0 .net "pc_src", 1 0, v0000027215db58f0_0;  1 drivers
E_0000027215d3ebe0/0 .event anyedge, v0000027215d41b50_0, v0000027215d41ab0_0, v0000027215cf6940_0, v0000027215d44590_0;
E_0000027215d3ebe0/1 .event anyedge, v0000027215d476f0_0, v0000027215d373a0_0;
E_0000027215d3ebe0 .event/or E_0000027215d3ebe0/0, E_0000027215d3ebe0/1;
S_0000027215d41bf0 .scope task, "check_next_pc" "check_next_pc" 2 80, 2 80 0, S_0000027215d38ba0;
 .timescale -9 -12;
v0000027215cf6350_0 .var "expected", 31 0;
v0000027215cf63f0_0 .var "test_name", 127 0;
TD_next_pc_tb.check_next_pc ;
    %delay 1000, 0;
    %load/vec4 v0000027215db6110_0;
    %addi 1, 0, 32;
    %store/vec4 v0000027215db6110_0, 0, 32;
    %load/vec4 v0000027215d423f0_0;
    %load/vec4 v0000027215cf6350_0;
    %cmp/ne;
    %jmp/0xz  T_0.0, 6;
    %vpi_call 2 93 "$display", "\000" {0 0 0};
    %vpi_call 2 94 "$display", "[FAIL] %s", v0000027215cf63f0_0 {0 0 0};
    %vpi_call 2 96 "$display", "       PC            = %h", v0000027215d42490_0 {0 0 0};
    %vpi_call 2 97 "$display", "       PC Source     = %b", v0000027215db58f0_0 {0 0 0};
    %vpi_call 2 98 "$display", "       Branch Taken  = %b", v0000027215cf6490_0 {0 0 0};
    %vpi_call 2 100 "$display", "       Expected      = %h", v0000027215cf6350_0 {0 0 0};
    %vpi_call 2 101 "$display", "       Got           = %h", v0000027215d423f0_0 {0 0 0};
    %load/vec4 v0000027215cf65d0_0;
    %addi 1, 0, 32;
    %store/vec4 v0000027215cf65d0_0, 0, 32;
    %jmp T_0.1;
T_0.0 ;
    %vpi_call 2 109 "$display", "[PASS] %s", v0000027215cf63f0_0 {0 0 0};
T_0.1 ;
    %end;
    .scope S_0000027215d41920;
T_1 ;
    %wait E_0000027215d3ebe0;
    %load/vec4 v0000027215d41b50_0;
    %dup/vec4;
    %pushi/vec4 0, 0, 2;
    %cmp/u;
    %jmp/1 T_1.0, 6;
    %dup/vec4;
    %pushi/vec4 1, 0, 2;
    %cmp/u;
    %jmp/1 T_1.1, 6;
    %dup/vec4;
    %pushi/vec4 2, 0, 2;
    %cmp/u;
    %jmp/1 T_1.2, 6;
    %dup/vec4;
    %pushi/vec4 3, 0, 2;
    %cmp/u;
    %jmp/1 T_1.3, 6;
    %load/vec4 v0000027215d41ab0_0;
    %addi 4, 0, 32;
    %store/vec4 v0000027215d40cc0_0, 0, 32;
    %jmp T_1.5;
T_1.0 ;
    %load/vec4 v0000027215d41ab0_0;
    %addi 4, 0, 32;
    %store/vec4 v0000027215d40cc0_0, 0, 32;
    %jmp T_1.5;
T_1.1 ;
    %load/vec4 v0000027215cf6940_0;
    %flag_set/vec4 8;
    %jmp/0xz  T_1.6, 8;
    %load/vec4 v0000027215d44590_0;
    %store/vec4 v0000027215d40cc0_0, 0, 32;
    %jmp T_1.7;
T_1.6 ;
    %load/vec4 v0000027215d41ab0_0;
    %addi 4, 0, 32;
    %store/vec4 v0000027215d40cc0_0, 0, 32;
T_1.7 ;
    %jmp T_1.5;
T_1.2 ;
    %load/vec4 v0000027215d476f0_0;
    %store/vec4 v0000027215d40cc0_0, 0, 32;
    %jmp T_1.5;
T_1.3 ;
    %load/vec4 v0000027215d373a0_0;
    %store/vec4 v0000027215d40cc0_0, 0, 32;
    %jmp T_1.5;
T_1.5 ;
    %pop/vec4 1;
    %jmp T_1;
    .thread T_1, $push;
    .scope S_0000027215d38ba0;
T_2 ;
    %vpi_call 2 71 "$dumpfile", "sim/next_pc/next_pc.vcd" {0 0 0};
    %vpi_call 2 72 "$dumpvars", 32'sb00000000000000000000000000000000, S_0000027215d38ba0 {0 0 0};
    %end;
    .thread T_2;
    .scope S_0000027215d38ba0;
T_3 ;
    %pushi/vec4 0, 0, 32;
    %store/vec4 v0000027215d42490_0, 0, 32;
    %pushi/vec4 0, 0, 32;
    %store/vec4 v0000027215cf6530_0, 0, 32;
    %pushi/vec4 0, 0, 32;
    %store/vec4 v0000027215cf6670_0, 0, 32;
    %pushi/vec4 0, 0, 32;
    %store/vec4 v0000027215cf6710_0, 0, 32;
    %pushi/vec4 0, 0, 1;
    %store/vec4 v0000027215cf6490_0, 0, 1;
    %pushi/vec4 0, 0, 2;
    %store/vec4 v0000027215db58f0_0, 0, 2;
    %pushi/vec4 0, 0, 32;
    %store/vec4 v0000027215db6110_0, 0, 32;
    %pushi/vec4 0, 0, 32;
    %store/vec4 v0000027215cf65d0_0, 0, 32;
    %vpi_call 2 144 "$display", "\000" {0 0 0};
    %vpi_call 2 145 "$display", "=================================================" {0 0 0};
    %vpi_call 2 146 "$display", "          Next-PC Unit Verification" {0 0 0};
    %vpi_call 2 147 "$display", "=================================================" {0 0 0};
    %pushi/vec4 256, 0, 32;
    %store/vec4 v0000027215d42490_0, 0, 32;
    %pushi/vec4 0, 0, 2;
    %store/vec4 v0000027215db58f0_0, 0, 2;
    %pushi/vec4 260, 0, 32;
    %store/vec4 v0000027215cf6350_0, 0, 32;
    %pushi/vec4 3403868874, 0, 33;
    %concati/vec4 3706245826, 0, 32;
    %concati/vec4 3628114054, 0, 32;
    %concati/vec4 539697204, 0, 31;
    %store/vec4 v0000027215cf63f0_0, 0, 128;
    %fork TD_next_pc_tb.check_next_pc, S_0000027215d41bf0;
    %join;
    %pushi/vec4 4096, 0, 32;
    %store/vec4 v0000027215d42490_0, 0, 32;
    %pushi/vec4 0, 0, 2;
    %store/vec4 v0000027215db58f0_0, 0, 2;
    %pushi/vec4 4100, 0, 32;
    %store/vec4 v0000027215cf6350_0, 0, 32;
    %pushi/vec4 2693152854, 0, 33;
    %concati/vec4 2161148293, 0, 33;
    %concati/vec4 3498099168, 0, 32;
    %concati/vec4 825241648, 0, 30;
    %store/vec4 v0000027215cf63f0_0, 0, 128;
    %fork TD_next_pc_tb.check_next_pc, S_0000027215d41bf0;
    %join;
    %pushi/vec4 512, 0, 32;
    %store/vec4 v0000027215d42490_0, 0, 32;
    %pushi/vec4 576, 0, 32;
    %store/vec4 v0000027215cf6530_0, 0, 32;
    %pushi/vec4 0, 0, 1;
    %store/vec4 v0000027215cf6490_0, 0, 1;
    %pushi/vec4 1, 0, 2;
    %store/vec4 v0000027215db58f0_0, 0, 2;
    %pushi/vec4 516, 0, 32;
    %store/vec4 v0000027215cf6350_0, 0, 32;
    %pushi/vec4 2177992109, 0, 34;
    %concati/vec4 2511896756, 0, 32;
    %concati/vec4 4169220364, 0, 32;
    %concati/vec4 539697204, 0, 30;
    %store/vec4 v0000027215cf63f0_0, 0, 128;
    %fork TD_next_pc_tb.check_next_pc, S_0000027215d41bf0;
    %join;
    %pushi/vec4 512, 0, 32;
    %store/vec4 v0000027215d42490_0, 0, 32;
    %pushi/vec4 576, 0, 32;
    %store/vec4 v0000027215cf6530_0, 0, 32;
    %pushi/vec4 1, 0, 1;
    %store/vec4 v0000027215cf6490_0, 0, 1;
    %pushi/vec4 1, 0, 2;
    %store/vec4 v0000027215db58f0_0, 0, 2;
    %pushi/vec4 576, 0, 32;
    %store/vec4 v0000027215cf6350_0, 0, 32;
    %pushi/vec4 3036184969, 0, 34;
    %concati/vec4 3380984205, 0, 32;
    %concati/vec4 2692862341, 0, 32;
    %concati/vec4 845636980, 0, 30;
    %store/vec4 v0000027215cf63f0_0, 0, 128;
    %fork TD_next_pc_tb.check_next_pc, S_0000027215d41bf0;
    %join;
    %pushi/vec4 768, 0, 32;
    %store/vec4 v0000027215d42490_0, 0, 32;
    %pushi/vec4 4096, 0, 32;
    %store/vec4 v0000027215cf6670_0, 0, 32;
    %pushi/vec4 2, 0, 2;
    %store/vec4 v0000027215db58f0_0, 0, 2;
    %pushi/vec4 4096, 0, 32;
    %store/vec4 v0000027215cf6350_0, 0, 32;
    %pushi/vec4 2191016026, 0, 33;
    %concati/vec4 4169214213, 0, 33;
    %concati/vec4 3255256599, 0, 34;
    %concati/vec4 40330612, 0, 28;
    %store/vec4 v0000027215cf63f0_0, 0, 128;
    %fork TD_next_pc_tb.check_next_pc, S_0000027215d41bf0;
    %join;
    %pushi/vec4 1024, 0, 32;
    %store/vec4 v0000027215d42490_0, 0, 32;
    %pushi/vec4 8192, 0, 32;
    %store/vec4 v0000027215cf6710_0, 0, 32;
    %pushi/vec4 3, 0, 2;
    %store/vec4 v0000027215db58f0_0, 0, 2;
    %pushi/vec4 8192, 0, 32;
    %store/vec4 v0000027215cf6350_0, 0, 32;
    %pushi/vec4 2755680892, 0, 33;
    %concati/vec4 2166949169, 0, 33;
    %concati/vec4 2432934667, 0, 33;
    %concati/vec4 308766068, 0, 29;
    %store/vec4 v0000027215cf63f0_0, 0, 128;
    %fork TD_next_pc_tb.check_next_pc, S_0000027215d41bf0;
    %join;
    %pushi/vec4 4096, 0, 32;
    %store/vec4 v0000027215d42490_0, 0, 32;
    %pushi/vec4 3840, 0, 32;
    %store/vec4 v0000027215cf6530_0, 0, 32;
    %pushi/vec4 1, 0, 1;
    %store/vec4 v0000027215cf6490_0, 0, 1;
    %pushi/vec4 1, 0, 2;
    %store/vec4 v0000027215db58f0_0, 0, 2;
    %pushi/vec4 3840, 0, 32;
    %store/vec4 v0000027215cf6350_0, 0, 32;
    %pushi/vec4 3838329028, 0, 33;
    %concati/vec4 3837975750, 0, 32;
    %concati/vec4 3493914818, 0, 32;
    %concati/vec4 1919378804, 0, 31;
    %store/vec4 v0000027215cf63f0_0, 0, 128;
    %fork TD_next_pc_tb.check_next_pc, S_0000027215d41bf0;
    %join;
    %pushi/vec4 8192, 0, 32;
    %store/vec4 v0000027215d42490_0, 0, 32;
    %pushi/vec4 6144, 0, 32;
    %store/vec4 v0000027215cf6670_0, 0, 32;
    %pushi/vec4 2, 0, 2;
    %store/vec4 v0000027215db58f0_0, 0, 2;
    %pushi/vec4 6144, 0, 32;
    %store/vec4 v0000027215cf6350_0, 0, 32;
    %pushi/vec4 3906879704, 0, 33;
    %concati/vec4 3740191460, 0, 32;
    %concati/vec4 2173014417, 0, 33;
    %concati/vec4 845509491, 0, 30;
    %store/vec4 v0000027215cf63f0_0, 0, 128;
    %fork TD_next_pc_tb.check_next_pc, S_0000027215d41bf0;
    %join;
    %pushi/vec4 12288, 0, 32;
    %store/vec4 v0000027215d42490_0, 0, 32;
    %pushi/vec4 16388, 0, 32;
    %store/vec4 v0000027215cf6710_0, 0, 32;
    %pushi/vec4 3, 0, 2;
    %store/vec4 v0000027215db58f0_0, 0, 2;
    %pushi/vec4 16388, 0, 32;
    %store/vec4 v0000027215cf6350_0, 0, 32;
    %pushi/vec4 3905086670, 0, 33;
    %concati/vec4 3404218598, 0, 32;
    %concati/vec4 3403205318, 0, 32;
    %concati/vec4 1953066862, 0, 31;
    %store/vec4 v0000027215cf63f0_0, 0, 128;
    %fork TD_next_pc_tb.check_next_pc, S_0000027215d41bf0;
    %join;
    %pushi/vec4 20480, 0, 32;
    %store/vec4 v0000027215d42490_0, 0, 32;
    %pushi/vec4 3735928559, 0, 32;
    %store/vec4 v0000027215cf6530_0, 0, 32;
    %pushi/vec4 0, 0, 1;
    %store/vec4 v0000027215cf6490_0, 0, 1;
    %pushi/vec4 1, 0, 2;
    %store/vec4 v0000027215db58f0_0, 0, 2;
    %pushi/vec4 20484, 0, 32;
    %store/vec4 v0000027215cf6350_0, 0, 32;
    %pushi/vec4 3493909198, 0, 33;
    %concati/vec4 3705595082, 0, 32;
    %concati/vec4 3863013570, 0, 32;
    %concati/vec4 1919378804, 0, 31;
    %store/vec4 v0000027215cf63f0_0, 0, 128;
    %fork TD_next_pc_tb.check_next_pc, S_0000027215d41bf0;
    %join;
    %vpi_call 2 309 "$display", "\000" {0 0 0};
    %vpi_call 2 310 "$display", "=================================================" {0 0 0};
    %vpi_call 2 311 "$display", "Verification Summary" {0 0 0};
    %vpi_call 2 312 "$display", "=================================================" {0 0 0};
    %vpi_call 2 314 "$display", "Tests  : %0d", v0000027215db6110_0 {0 0 0};
    %vpi_call 2 315 "$display", "Errors : %0d", v0000027215cf65d0_0 {0 0 0};
    %vpi_call 2 317 "$display", "\000" {0 0 0};
    %load/vec4 v0000027215cf65d0_0;
    %cmpi/e 0, 0, 32;
    %jmp/0xz  T_3.0, 4;
    %vpi_call 2 321 "$display", "***********************************************" {0 0 0};
    %vpi_call 2 322 "$display", "*                                             *" {0 0 0};
    %vpi_call 2 323 "$display", "*       ALL TESTS PASSED SUCCESSFULLY!       *" {0 0 0};
    %vpi_call 2 324 "$display", "*                                             *" {0 0 0};
    %vpi_call 2 325 "$display", "***********************************************" {0 0 0};
    %jmp T_3.1;
T_3.0 ;
    %vpi_call 2 331 "$display", "***********************************************" {0 0 0};
    %vpi_call 2 332 "$display", "*                                             *" {0 0 0};
    %vpi_call 2 333 "$display", "*       VERIFICATION FAILED                   *" {0 0 0};
    %vpi_call 2 334 "$display", "*                                             *" {0 0 0};
    %vpi_call 2 335 "$display", "*       Errors : %0d                           *", v0000027215cf65d0_0 {0 0 0};
    %vpi_call 2 336 "$display", "*                                             *" {0 0 0};
    %vpi_call 2 337 "$display", "***********************************************" {0 0 0};
T_3.1 ;
    %vpi_call 2 341 "$finish" {0 0 0};
    %end;
    .thread T_3;
# The file index is used to find the file name in the following table.
:file_names 4;
    "N/A";
    "<interactive>";
    "tb/core/next_pc_tb.v";
    "rtl/core/next_pc.v";
