#! /c/Source/iverilog-install/bin/vvp
:ivl_version "12.0 (devel)" "(s20150603-1110-g18392a46)";
:ivl_delay_selection "TYPICAL";
:vpi_time_precision - 12;
:vpi_module "C:\iverilog\lib\ivl\system.vpi";
:vpi_module "C:\iverilog\lib\ivl\vhdl_sys.vpi";
:vpi_module "C:\iverilog\lib\ivl\vhdl_textio.vpi";
:vpi_module "C:\iverilog\lib\ivl\v2005_math.vpi";
:vpi_module "C:\iverilog\lib\ivl\va_math.vpi";
S_0000013c84c39ea0 .scope module, "branch_unit_tb" "branch_unit_tb" 2 22;
 .timescale -9 -12;
v0000013c84bf65b0_0 .net "branch_taken", 0 0, v0000013c84bf69e0_0;  1 drivers
v0000013c84bf6650_0 .var/i "errors", 31 0;
v0000013c84bf66f0_0 .var "funct3", 2 0;
v0000013c84bf6790_0 .var "rs1_data", 31 0;
v0000013c84bf6830_0 .var "rs2_data", 31 0;
v0000013c84c430b0_0 .var/i "tests", 31 0;
S_0000013c84c42450 .scope module, "DUT" "branch_unit" 2 50, 3 33 0, S_0000013c84c39ea0;
 .timescale 0 0;
    .port_info 0 /INPUT 3 "funct3";
    .port_info 1 /INPUT 32 "rs1_data";
    .port_info 2 /INPUT 32 "rs2_data";
    .port_info 3 /OUTPUT 1 "branch_taken";
P_0000013c84c554f0 .param/l "DATA_WIDTH" 0 3 34, +C4<00000000000000000000000000100000>;
v0000013c84bf69e0_0 .var "branch_taken", 0 0;
v0000013c84c476f0_0 .net "funct3", 2 0, v0000013c84bf66f0_0;  1 drivers
v0000013c84c425e0_0 .net "rs1_data", 31 0, v0000013c84bf6790_0;  1 drivers
v0000013c84c35be0_0 .net "rs2_data", 31 0, v0000013c84bf6830_0;  1 drivers
E_0000013c84c55570 .event anyedge, v0000013c84c476f0_0, v0000013c84c425e0_0, v0000013c84c35be0_0;
S_0000013c84c44300 .scope task, "check_branch" "check_branch" 2 72, 2 72 0, S_0000013c84c39ea0;
 .timescale -9 -12;
v0000013c84c44490_0 .var "expected", 0 0;
v0000013c84c44530_0 .var "test_funct3", 2 0;
v0000013c84bf63d0_0 .var "test_name", 127 0;
v0000013c84bf6470_0 .var "test_rs1", 31 0;
v0000013c84bf6510_0 .var "test_rs2", 31 0;
TD_branch_unit_tb.check_branch ;
    %load/vec4 v0000013c84c44530_0;
    %store/vec4 v0000013c84bf66f0_0, 0, 3;
    %load/vec4 v0000013c84bf6470_0;
    %store/vec4 v0000013c84bf6790_0, 0, 32;
    %load/vec4 v0000013c84bf6510_0;
    %store/vec4 v0000013c84bf6830_0, 0, 32;
    %delay 1000, 0;
    %load/vec4 v0000013c84c430b0_0;
    %addi 1, 0, 32;
    %store/vec4 v0000013c84c430b0_0, 0, 32;
    %load/vec4 v0000013c84bf65b0_0;
    %load/vec4 v0000013c84c44490_0;
    %cmp/ne;
    %jmp/0xz  T_0.0, 6;
    %vpi_call 2 100 "$display", "\000" {0 0 0};
    %vpi_call 2 101 "$display", "[FAIL] %s", v0000013c84bf63d0_0 {0 0 0};
    %vpi_call 2 103 "$display", "       funct3       = %b", v0000013c84c44530_0 {0 0 0};
    %vpi_call 2 104 "$display", "       rs1_data     = %h", v0000013c84bf6470_0 {0 0 0};
    %vpi_call 2 105 "$display", "       rs2_data     = %h", v0000013c84bf6510_0 {0 0 0};
    %vpi_call 2 106 "$display", "       Expected    = %b", v0000013c84c44490_0 {0 0 0};
    %vpi_call 2 107 "$display", "       Actual      = %b", v0000013c84bf65b0_0 {0 0 0};
    %load/vec4 v0000013c84bf6650_0;
    %addi 1, 0, 32;
    %store/vec4 v0000013c84bf6650_0, 0, 32;
    %jmp T_0.1;
T_0.0 ;
    %vpi_call 2 115 "$display", "[PASS] %s", v0000013c84bf63d0_0 {0 0 0};
T_0.1 ;
    %end;
    .scope S_0000013c84c42450;
T_1 ;
    %wait E_0000013c84c55570;
    %pushi/vec4 0, 0, 1;
    %store/vec4 v0000013c84bf69e0_0, 0, 1;
    %load/vec4 v0000013c84c476f0_0;
    %dup/vec4;
    %pushi/vec4 0, 0, 3;
    %cmp/u;
    %jmp/1 T_1.0, 6;
    %dup/vec4;
    %pushi/vec4 1, 0, 3;
    %cmp/u;
    %jmp/1 T_1.1, 6;
    %dup/vec4;
    %pushi/vec4 4, 0, 3;
    %cmp/u;
    %jmp/1 T_1.2, 6;
    %dup/vec4;
    %pushi/vec4 5, 0, 3;
    %cmp/u;
    %jmp/1 T_1.3, 6;
    %dup/vec4;
    %pushi/vec4 6, 0, 3;
    %cmp/u;
    %jmp/1 T_1.4, 6;
    %dup/vec4;
    %pushi/vec4 7, 0, 3;
    %cmp/u;
    %jmp/1 T_1.5, 6;
    %pushi/vec4 0, 0, 1;
    %store/vec4 v0000013c84bf69e0_0, 0, 1;
    %jmp T_1.7;
T_1.0 ;
    %load/vec4 v0000013c84c425e0_0;
    %load/vec4 v0000013c84c35be0_0;
    %cmp/e;
    %jmp/0xz  T_1.8, 4;
    %pushi/vec4 1, 0, 1;
    %store/vec4 v0000013c84bf69e0_0, 0, 1;
T_1.8 ;
    %jmp T_1.7;
T_1.1 ;
    %load/vec4 v0000013c84c425e0_0;
    %load/vec4 v0000013c84c35be0_0;
    %cmp/ne;
    %jmp/0xz  T_1.10, 4;
    %pushi/vec4 1, 0, 1;
    %store/vec4 v0000013c84bf69e0_0, 0, 1;
T_1.10 ;
    %jmp T_1.7;
T_1.2 ;
    %load/vec4 v0000013c84c425e0_0;
    %load/vec4 v0000013c84c35be0_0;
    %cmp/s;
    %jmp/0xz  T_1.12, 5;
    %pushi/vec4 1, 0, 1;
    %store/vec4 v0000013c84bf69e0_0, 0, 1;
T_1.12 ;
    %jmp T_1.7;
T_1.3 ;
    %load/vec4 v0000013c84c35be0_0;
    %load/vec4 v0000013c84c425e0_0;
    %cmp/s;
    %flag_or 5, 4;
    %jmp/0xz  T_1.14, 5;
    %pushi/vec4 1, 0, 1;
    %store/vec4 v0000013c84bf69e0_0, 0, 1;
T_1.14 ;
    %jmp T_1.7;
T_1.4 ;
    %load/vec4 v0000013c84c425e0_0;
    %load/vec4 v0000013c84c35be0_0;
    %cmp/u;
    %jmp/0xz  T_1.16, 5;
    %pushi/vec4 1, 0, 1;
    %store/vec4 v0000013c84bf69e0_0, 0, 1;
T_1.16 ;
    %jmp T_1.7;
T_1.5 ;
    %load/vec4 v0000013c84c35be0_0;
    %load/vec4 v0000013c84c425e0_0;
    %cmp/u;
    %flag_or 5, 4;
    %jmp/0xz  T_1.18, 5;
    %pushi/vec4 1, 0, 1;
    %store/vec4 v0000013c84bf69e0_0, 0, 1;
T_1.18 ;
    %jmp T_1.7;
T_1.7 ;
    %pop/vec4 1;
    %jmp T_1;
    .thread T_1, $push;
    .scope S_0000013c84c39ea0;
T_2 ;
    %vpi_call 2 63 "$dumpfile", "sim/branch_unit/branch_unit.vcd" {0 0 0};
    %vpi_call 2 64 "$dumpvars", 32'sb00000000000000000000000000000000, S_0000013c84c39ea0 {0 0 0};
    %end;
    .thread T_2;
    .scope S_0000013c84c39ea0;
T_3 ;
    %pushi/vec4 0, 0, 3;
    %store/vec4 v0000013c84bf66f0_0, 0, 3;
    %pushi/vec4 0, 0, 32;
    %store/vec4 v0000013c84bf6790_0, 0, 32;
    %pushi/vec4 0, 0, 32;
    %store/vec4 v0000013c84bf6830_0, 0, 32;
    %pushi/vec4 0, 0, 32;
    %store/vec4 v0000013c84c430b0_0, 0, 32;
    %pushi/vec4 0, 0, 32;
    %store/vec4 v0000013c84bf6650_0, 0, 32;
    %delay 5000, 0;
    %vpi_call 2 138 "$display", "\000" {0 0 0};
    %vpi_call 2 139 "$display", "=================================================" {0 0 0};
    %vpi_call 2 140 "$display", "          Branch Unit Verification" {0 0 0};
    %vpi_call 2 141 "$display", "=================================================" {0 0 0};
    %pushi/vec4 0, 0, 3;
    %store/vec4 v0000013c84c44530_0, 0, 3;
    %pushi/vec4 10, 0, 32;
    %store/vec4 v0000013c84bf6470_0, 0, 32;
    %pushi/vec4 10, 0, 32;
    %store/vec4 v0000013c84bf6510_0, 0, 32;
    %pushi/vec4 1, 0, 1;
    %store/vec4 v0000013c84c44490_0, 0, 1;
    %pushi/vec4 0, 0, 32; draw_string_vec4
    %pushi/vec4 4343121, 0, 32; draw_string_vec4
    %concat/vec4; draw_string_vec4
    %pushi/vec4 539828293, 0, 32; draw_string_vec4
    %concat/vec4; draw_string_vec4
    %pushi/vec4 1903518060, 0, 32; draw_string_vec4
    %concat/vec4; draw_string_vec4
    %store/vec4 v0000013c84bf63d0_0, 0, 128;
    %fork TD_branch_unit_tb.check_branch, S_0000013c84c44300;
    %join;
    %pushi/vec4 0, 0, 3;
    %store/vec4 v0000013c84c44530_0, 0, 3;
    %pushi/vec4 10, 0, 32;
    %store/vec4 v0000013c84bf6470_0, 0, 32;
    %pushi/vec4 20, 0, 32;
    %store/vec4 v0000013c84bf6510_0, 0, 32;
    %pushi/vec4 0, 0, 1;
    %store/vec4 v0000013c84c44490_0, 0, 1;
    %pushi/vec4 4343121, 0, 32; draw_string_vec4
    %pushi/vec4 539828302, 0, 32; draw_string_vec4
    %concat/vec4; draw_string_vec4
    %pushi/vec4 1869881413, 0, 32; draw_string_vec4
    %concat/vec4; draw_string_vec4
    %pushi/vec4 1903518060, 0, 32; draw_string_vec4
    %concat/vec4; draw_string_vec4
    %store/vec4 v0000013c84bf63d0_0, 0, 128;
    %fork TD_branch_unit_tb.check_branch, S_0000013c84c44300;
    %join;
    %pushi/vec4 1, 0, 3;
    %store/vec4 v0000013c84c44530_0, 0, 3;
    %pushi/vec4 10, 0, 32;
    %store/vec4 v0000013c84bf6470_0, 0, 32;
    %pushi/vec4 20, 0, 32;
    %store/vec4 v0000013c84bf6510_0, 0, 32;
    %pushi/vec4 1, 0, 1;
    %store/vec4 v0000013c84c44490_0, 0, 1;
    %pushi/vec4 4345413, 0, 32; draw_string_vec4
    %pushi/vec4 539828302, 0, 32; draw_string_vec4
    %concat/vec4; draw_string_vec4
    %pushi/vec4 1869881413, 0, 32; draw_string_vec4
    %concat/vec4; draw_string_vec4
    %pushi/vec4 1903518060, 0, 32; draw_string_vec4
    %concat/vec4; draw_string_vec4
    %store/vec4 v0000013c84bf63d0_0, 0, 128;
    %fork TD_branch_unit_tb.check_branch, S_0000013c84c44300;
    %join;
    %pushi/vec4 1, 0, 3;
    %store/vec4 v0000013c84c44530_0, 0, 3;
    %pushi/vec4 10, 0, 32;
    %store/vec4 v0000013c84bf6470_0, 0, 32;
    %pushi/vec4 10, 0, 32;
    %store/vec4 v0000013c84bf6510_0, 0, 32;
    %pushi/vec4 0, 0, 1;
    %store/vec4 v0000013c84c44490_0, 0, 1;
    %pushi/vec4 0, 0, 32; draw_string_vec4
    %pushi/vec4 4345413, 0, 32; draw_string_vec4
    %concat/vec4; draw_string_vec4
    %pushi/vec4 539828293, 0, 32; draw_string_vec4
    %concat/vec4; draw_string_vec4
    %pushi/vec4 1903518060, 0, 32; draw_string_vec4
    %concat/vec4; draw_string_vec4
    %store/vec4 v0000013c84bf63d0_0, 0, 128;
    %fork TD_branch_unit_tb.check_branch, S_0000013c84c44300;
    %join;
    %pushi/vec4 4, 0, 3;
    %store/vec4 v0000013c84c44530_0, 0, 3;
    %pushi/vec4 10, 0, 32;
    %store/vec4 v0000013c84bf6470_0, 0, 32;
    %pushi/vec4 20, 0, 32;
    %store/vec4 v0000013c84bf6510_0, 0, 32;
    %pushi/vec4 1, 0, 1;
    %store/vec4 v0000013c84c44490_0, 0, 1;
    %pushi/vec4 4344916, 0, 32; draw_string_vec4
    %pushi/vec4 539828300, 0, 32; draw_string_vec4
    %concat/vec4; draw_string_vec4
    %pushi/vec4 1702064928, 0, 32; draw_string_vec4
    %concat/vec4; draw_string_vec4
    %pushi/vec4 1416126830, 0, 32; draw_string_vec4
    %concat/vec4; draw_string_vec4
    %store/vec4 v0000013c84bf63d0_0, 0, 128;
    %fork TD_branch_unit_tb.check_branch, S_0000013c84c44300;
    %join;
    %pushi/vec4 4, 0, 3;
    %store/vec4 v0000013c84c44530_0, 0, 3;
    %pushi/vec4 20, 0, 32;
    %store/vec4 v0000013c84bf6470_0, 0, 32;
    %pushi/vec4 10, 0, 32;
    %store/vec4 v0000013c84bf6510_0, 0, 32;
    %pushi/vec4 0, 0, 1;
    %store/vec4 v0000013c84c44490_0, 0, 1;
    %pushi/vec4 2822789696, 0, 33;
    %concati/vec4 2397358786, 0, 32;
    %concati/vec4 3905610816, 0, 32;
    %concati/vec4 1416126830, 0, 31;
    %store/vec4 v0000013c84bf63d0_0, 0, 128;
    %fork TD_branch_unit_tb.check_branch, S_0000013c84c44300;
    %join;
    %pushi/vec4 5, 0, 3;
    %store/vec4 v0000013c84c44530_0, 0, 3;
    %pushi/vec4 20, 0, 32;
    %store/vec4 v0000013c84bf6470_0, 0, 32;
    %pushi/vec4 10, 0, 32;
    %store/vec4 v0000013c84bf6510_0, 0, 32;
    %pushi/vec4 1, 0, 1;
    %store/vec4 v0000013c84c44490_0, 0, 1;
    %pushi/vec4 2319473216, 0, 33;
    %concati/vec4 2397358786, 0, 32;
    %concati/vec4 3905610816, 0, 32;
    %concati/vec4 1416126830, 0, 31;
    %store/vec4 v0000013c84bf63d0_0, 0, 128;
    %fork TD_branch_unit_tb.check_branch, S_0000013c84c44300;
    %join;
    %pushi/vec4 5, 0, 3;
    %store/vec4 v0000013c84c44530_0, 0, 3;
    %pushi/vec4 10, 0, 32;
    %store/vec4 v0000013c84bf6470_0, 0, 32;
    %pushi/vec4 20, 0, 32;
    %store/vec4 v0000013c84bf6510_0, 0, 32;
    %pushi/vec4 0, 0, 1;
    %store/vec4 v0000013c84c44490_0, 0, 1;
    %pushi/vec4 4343621, 0, 32; draw_string_vec4
    %pushi/vec4 539828300, 0, 32; draw_string_vec4
    %concat/vec4; draw_string_vec4
    %pushi/vec4 1702064928, 0, 32; draw_string_vec4
    %concat/vec4; draw_string_vec4
    %pushi/vec4 1416126830, 0, 32; draw_string_vec4
    %concat/vec4; draw_string_vec4
    %store/vec4 v0000013c84bf63d0_0, 0, 128;
    %fork TD_branch_unit_tb.check_branch, S_0000013c84c44300;
    %join;
    %pushi/vec4 6, 0, 3;
    %store/vec4 v0000013c84c44530_0, 0, 3;
    %pushi/vec4 10, 0, 32;
    %store/vec4 v0000013c84bf6470_0, 0, 32;
    %pushi/vec4 20, 0, 32;
    %store/vec4 v0000013c84bf6510_0, 0, 32;
    %pushi/vec4 1, 0, 1;
    %store/vec4 v0000013c84c44490_0, 0, 1;
    %pushi/vec4 1112298581, 0, 32; draw_string_vec4
    %pushi/vec4 539828300, 0, 32; draw_string_vec4
    %concat/vec4; draw_string_vec4
    %pushi/vec4 1702064928, 0, 32; draw_string_vec4
    %concat/vec4; draw_string_vec4
    %pushi/vec4 1416126830, 0, 32; draw_string_vec4
    %concat/vec4; draw_string_vec4
    %store/vec4 v0000013c84bf63d0_0, 0, 128;
    %fork TD_branch_unit_tb.check_branch, S_0000013c84c44300;
    %join;
    %pushi/vec4 6, 0, 3;
    %store/vec4 v0000013c84c44530_0, 0, 3;
    %pushi/vec4 20, 0, 32;
    %store/vec4 v0000013c84bf6470_0, 0, 32;
    %pushi/vec4 10, 0, 32;
    %store/vec4 v0000013c84bf6510_0, 0, 32;
    %pushi/vec4 0, 0, 1;
    %store/vec4 v0000013c84c44490_0, 0, 1;
    %pushi/vec4 2856344128, 0, 33;
    %concati/vec4 2397358786, 0, 32;
    %concati/vec4 3905610816, 0, 32;
    %concati/vec4 1416126830, 0, 31;
    %store/vec4 v0000013c84bf63d0_0, 0, 128;
    %fork TD_branch_unit_tb.check_branch, S_0000013c84c44300;
    %join;
    %pushi/vec4 7, 0, 3;
    %store/vec4 v0000013c84c44530_0, 0, 3;
    %pushi/vec4 20, 0, 32;
    %store/vec4 v0000013c84bf6470_0, 0, 32;
    %pushi/vec4 10, 0, 32;
    %store/vec4 v0000013c84bf6510_0, 0, 32;
    %pushi/vec4 1, 0, 1;
    %store/vec4 v0000013c84c44490_0, 0, 1;
    %pushi/vec4 2856344128, 0, 33;
    %concati/vec4 2397358786, 0, 32;
    %concati/vec4 3905610816, 0, 32;
    %concati/vec4 1416126830, 0, 31;
    %store/vec4 v0000013c84bf63d0_0, 0, 128;
    %fork TD_branch_unit_tb.check_branch, S_0000013c84c44300;
    %join;
    %pushi/vec4 7, 0, 3;
    %store/vec4 v0000013c84c44530_0, 0, 3;
    %pushi/vec4 10, 0, 32;
    %store/vec4 v0000013c84bf6470_0, 0, 32;
    %pushi/vec4 20, 0, 32;
    %store/vec4 v0000013c84bf6510_0, 0, 32;
    %pushi/vec4 0, 0, 1;
    %store/vec4 v0000013c84c44490_0, 0, 1;
    %pushi/vec4 1111967061, 0, 32; draw_string_vec4
    %pushi/vec4 539828300, 0, 32; draw_string_vec4
    %concat/vec4; draw_string_vec4
    %pushi/vec4 1702064928, 0, 32; draw_string_vec4
    %concat/vec4; draw_string_vec4
    %pushi/vec4 1416126830, 0, 32; draw_string_vec4
    %concat/vec4; draw_string_vec4
    %store/vec4 v0000013c84bf63d0_0, 0, 128;
    %fork TD_branch_unit_tb.check_branch, S_0000013c84c44300;
    %join;
    %pushi/vec4 2, 0, 3;
    %store/vec4 v0000013c84c44530_0, 0, 3;
    %pushi/vec4 10, 0, 32;
    %store/vec4 v0000013c84bf6470_0, 0, 32;
    %pushi/vec4 10, 0, 32;
    %store/vec4 v0000013c84bf6510_0, 0, 32;
    %pushi/vec4 0, 0, 1;
    %store/vec4 v0000013c84c44490_0, 0, 1;
    %pushi/vec4 18798, 0, 32; draw_string_vec4
    %pushi/vec4 1986096233, 0, 32; draw_string_vec4
    %concat/vec4; draw_string_vec4
    %pushi/vec4 1679844981, 0, 32; draw_string_vec4
    %concat/vec4; draw_string_vec4
    %pushi/vec4 1852011571, 0, 32; draw_string_vec4
    %concat/vec4; draw_string_vec4
    %store/vec4 v0000013c84bf63d0_0, 0, 128;
    %fork TD_branch_unit_tb.check_branch, S_0000013c84c44300;
    %join;
    %vpi_call 2 279 "$display", "\000" {0 0 0};
    %vpi_call 2 280 "$display", "=================================================" {0 0 0};
    %vpi_call 2 281 "$display", "Verification Summary" {0 0 0};
    %vpi_call 2 282 "$display", "=================================================" {0 0 0};
    %vpi_call 2 284 "$display", "Tests  : %0d", v0000013c84c430b0_0 {0 0 0};
    %vpi_call 2 285 "$display", "Errors : %0d", v0000013c84bf6650_0 {0 0 0};
    %vpi_call 2 287 "$display", "\000" {0 0 0};
    %load/vec4 v0000013c84bf6650_0;
    %cmpi/e 0, 0, 32;
    %jmp/0xz  T_3.0, 4;
    %vpi_call 2 291 "$display", "***********************************************" {0 0 0};
    %vpi_call 2 292 "$display", "*                                             *" {0 0 0};
    %vpi_call 2 293 "$display", "*       ALL TESTS PASSED SUCCESSFULLY!       *" {0 0 0};
    %vpi_call 2 294 "$display", "*                                             *" {0 0 0};
    %vpi_call 2 295 "$display", "***********************************************" {0 0 0};
    %jmp T_3.1;
T_3.0 ;
    %vpi_call 2 301 "$display", "***********************************************" {0 0 0};
    %vpi_call 2 302 "$display", "*                                             *" {0 0 0};
    %vpi_call 2 303 "$display", "*       VERIFICATION FAILED                   *" {0 0 0};
    %vpi_call 2 304 "$display", "*                                             *" {0 0 0};
    %vpi_call 2 305 "$display", "*       Errors : %0d                           *", v0000013c84bf6650_0 {0 0 0};
    %vpi_call 2 306 "$display", "*                                             *" {0 0 0};
    %vpi_call 2 307 "$display", "***********************************************" {0 0 0};
T_3.1 ;
    %vpi_call 2 311 "$finish" {0 0 0};
    %end;
    .thread T_3;
# The file index is used to find the file name in the following table.
:file_names 4;
    "N/A";
    "<interactive>";
    "tb/core/branch_unit_tb.v";
    "rtl/core/branch_unit.v";
