#! /c/Source/iverilog-install/bin/vvp
:ivl_version "12.0 (devel)" "(s20150603-1110-g18392a46)";
:ivl_delay_selection "TYPICAL";
:vpi_time_precision - 12;
:vpi_module "C:\iverilog\lib\ivl\system.vpi";
:vpi_module "C:\iverilog\lib\ivl\vhdl_sys.vpi";
:vpi_module "C:\iverilog\lib\ivl\vhdl_textio.vpi";
:vpi_module "C:\iverilog\lib\ivl\v2005_math.vpi";
:vpi_module "C:\iverilog\lib\ivl\va_math.vpi";
S_000001ea2393bd40 .scope module, "immediate_generator_tb" "immediate_generator_tb" 2 14;
 .timescale -9 -12;
P_000001ea23982880 .param/l "DATA_WIDTH" 0 2 20, +C4<00000000000000000000000000100000>;
v000001ea2393a950_0 .var/i "errors", 31 0;
v000001ea239363d0_0 .net "immediate", 31 0, v000001ea239369e0_0;  1 drivers
v000001ea23936470_0 .var "instruction", 31 0;
v000001ea23936510_0 .var/i "tests", 31 0;
S_000001ea239843c0 .scope module, "DUT" "immediate_generator" 2 41, 3 27 0, S_000001ea2393bd40;
 .timescale 0 0;
    .port_info 0 /INPUT 32 "instruction";
    .port_info 1 /OUTPUT 32 "immediate";
P_000001ea239828c0 .param/l "DATA_WIDTH" 0 3 28, +C4<00000000000000000000000000100000>;
v000001ea239369e0_0 .var "immediate", 31 0;
v000001ea2393e870_0 .net "instruction", 31 0, v000001ea23936470_0;  1 drivers
v000001ea23984550_0 .net "opcode", 6 0, L_000001ea239365b0;  1 drivers
E_000001ea23982440 .event anyedge, v000001ea23984550_0, v000001ea2393e870_0;
L_000001ea239365b0 .part v000001ea23936470_0, 0, 7;
S_000001ea2397cf80 .scope task, "check_immediate" "check_immediate" 2 63, 2 63 0, S_000001ea2393bd40;
 .timescale -9 -12;
v000001ea2397d110_0 .var "expected", 31 0;
v000001ea2393a510_0 .var "instr", 31 0;
v000001ea2393a8b0_0 .var "test_name", 127 0;
TD_immediate_generator_tb.check_immediate ;
    %load/vec4 v000001ea2393a510_0;
    %store/vec4 v000001ea23936470_0, 0, 32;
    %delay 1000, 0;
    %load/vec4 v000001ea23936510_0;
    %addi 1, 0, 32;
    %store/vec4 v000001ea23936510_0, 0, 32;
    %load/vec4 v000001ea239363d0_0;
    %load/vec4 v000001ea2397d110_0;
    %cmp/ne;
    %jmp/0xz  T_0.0, 6;
    %vpi_call 2 79 "$display", "[FAIL] %s", v000001ea2393a8b0_0 {0 0 0};
    %vpi_call 2 80 "$display", "       Expected = %h", v000001ea2397d110_0 {0 0 0};
    %vpi_call 2 81 "$display", "       Got      = %h", v000001ea239363d0_0 {0 0 0};
    %load/vec4 v000001ea2393a950_0;
    %addi 1, 0, 32;
    %store/vec4 v000001ea2393a950_0, 0, 32;
    %jmp T_0.1;
T_0.0 ;
    %vpi_call 2 89 "$display", "[PASS] %s -> %h", v000001ea2393a8b0_0, v000001ea239363d0_0 {0 0 0};
T_0.1 ;
    %end;
    .scope S_000001ea239843c0;
T_1 ;
    %wait E_000001ea23982440;
    %load/vec4 v000001ea23984550_0;
    %dup/vec4;
    %pushi/vec4 19, 0, 7;
    %cmp/u;
    %jmp/1 T_1.0, 6;
    %dup/vec4;
    %pushi/vec4 3, 0, 7;
    %cmp/u;
    %jmp/1 T_1.1, 6;
    %dup/vec4;
    %pushi/vec4 103, 0, 7;
    %cmp/u;
    %jmp/1 T_1.2, 6;
    %dup/vec4;
    %pushi/vec4 35, 0, 7;
    %cmp/u;
    %jmp/1 T_1.3, 6;
    %dup/vec4;
    %pushi/vec4 99, 0, 7;
    %cmp/u;
    %jmp/1 T_1.4, 6;
    %dup/vec4;
    %pushi/vec4 55, 0, 7;
    %cmp/u;
    %jmp/1 T_1.5, 6;
    %dup/vec4;
    %pushi/vec4 23, 0, 7;
    %cmp/u;
    %jmp/1 T_1.6, 6;
    %dup/vec4;
    %pushi/vec4 111, 0, 7;
    %cmp/u;
    %jmp/1 T_1.7, 6;
    %pushi/vec4 0, 0, 32;
    %store/vec4 v000001ea239369e0_0, 0, 32;
    %jmp T_1.9;
T_1.0 ;
    %load/vec4 v000001ea2393e870_0;
    %parti/s 1, 31, 6;
    %replicate 20;
    %load/vec4 v000001ea2393e870_0;
    %parti/s 12, 20, 6;
    %concat/vec4; draw_concat_vec4
    %store/vec4 v000001ea239369e0_0, 0, 32;
    %jmp T_1.9;
T_1.1 ;
    %load/vec4 v000001ea2393e870_0;
    %parti/s 1, 31, 6;
    %replicate 20;
    %load/vec4 v000001ea2393e870_0;
    %parti/s 12, 20, 6;
    %concat/vec4; draw_concat_vec4
    %store/vec4 v000001ea239369e0_0, 0, 32;
    %jmp T_1.9;
T_1.2 ;
    %load/vec4 v000001ea2393e870_0;
    %parti/s 1, 31, 6;
    %replicate 20;
    %load/vec4 v000001ea2393e870_0;
    %parti/s 12, 20, 6;
    %concat/vec4; draw_concat_vec4
    %store/vec4 v000001ea239369e0_0, 0, 32;
    %jmp T_1.9;
T_1.3 ;
    %load/vec4 v000001ea2393e870_0;
    %parti/s 1, 31, 6;
    %replicate 20;
    %load/vec4 v000001ea2393e870_0;
    %parti/s 7, 25, 6;
    %concat/vec4; draw_concat_vec4
    %load/vec4 v000001ea2393e870_0;
    %parti/s 5, 7, 4;
    %concat/vec4; draw_concat_vec4
    %store/vec4 v000001ea239369e0_0, 0, 32;
    %jmp T_1.9;
T_1.4 ;
    %load/vec4 v000001ea2393e870_0;
    %parti/s 1, 31, 6;
    %replicate 19;
    %load/vec4 v000001ea2393e870_0;
    %parti/s 1, 31, 6;
    %concat/vec4; draw_concat_vec4
    %load/vec4 v000001ea2393e870_0;
    %parti/s 1, 7, 4;
    %concat/vec4; draw_concat_vec4
    %load/vec4 v000001ea2393e870_0;
    %parti/s 6, 25, 6;
    %concat/vec4; draw_concat_vec4
    %load/vec4 v000001ea2393e870_0;
    %parti/s 4, 8, 5;
    %concat/vec4; draw_concat_vec4
    %concati/vec4 0, 0, 1;
    %store/vec4 v000001ea239369e0_0, 0, 32;
    %jmp T_1.9;
T_1.5 ;
    %load/vec4 v000001ea2393e870_0;
    %parti/s 20, 12, 5;
    %concati/vec4 0, 0, 12;
    %store/vec4 v000001ea239369e0_0, 0, 32;
    %jmp T_1.9;
T_1.6 ;
    %load/vec4 v000001ea2393e870_0;
    %parti/s 20, 12, 5;
    %concati/vec4 0, 0, 12;
    %store/vec4 v000001ea239369e0_0, 0, 32;
    %jmp T_1.9;
T_1.7 ;
    %load/vec4 v000001ea2393e870_0;
    %parti/s 1, 31, 6;
    %replicate 11;
    %load/vec4 v000001ea2393e870_0;
    %parti/s 1, 31, 6;
    %concat/vec4; draw_concat_vec4
    %load/vec4 v000001ea2393e870_0;
    %parti/s 8, 12, 5;
    %concat/vec4; draw_concat_vec4
    %load/vec4 v000001ea2393e870_0;
    %parti/s 1, 20, 6;
    %concat/vec4; draw_concat_vec4
    %load/vec4 v000001ea2393e870_0;
    %parti/s 10, 21, 6;
    %concat/vec4; draw_concat_vec4
    %concati/vec4 0, 0, 1;
    %store/vec4 v000001ea239369e0_0, 0, 32;
    %jmp T_1.9;
T_1.9 ;
    %pop/vec4 1;
    %jmp T_1;
    .thread T_1, $push;
    .scope S_000001ea2393bd40;
T_2 ;
    %vpi_call 2 54 "$dumpfile", "sim/immediate_generator/immediate_generator.vcd" {0 0 0};
    %vpi_call 2 55 "$dumpvars", 32'sb00000000000000000000000000000000, S_000001ea2393bd40 {0 0 0};
    %end;
    .thread T_2;
    .scope S_000001ea2393bd40;
T_3 ;
    %pushi/vec4 0, 0, 32;
    %store/vec4 v000001ea23936470_0, 0, 32;
    %pushi/vec4 0, 0, 32;
    %store/vec4 v000001ea23936510_0, 0, 32;
    %pushi/vec4 0, 0, 32;
    %store/vec4 v000001ea2393a950_0, 0, 32;
    %delay 5000, 0;
    %vpi_call 2 112 "$display", "\000" {0 0 0};
    %vpi_call 2 113 "$display", "=================================================" {0 0 0};
    %vpi_call 2 114 "$display", " Immediate Generator Verification" {0 0 0};
    %vpi_call 2 115 "$display", "=================================================" {0 0 0};
    %pushi/vec4 5243027, 0, 32;
    %store/vec4 v000001ea2393a510_0, 0, 32;
    %pushi/vec4 5, 0, 32;
    %store/vec4 v000001ea2397d110_0, 0, 32;
    %pushi/vec4 18733, 0, 32; draw_string_vec4
    %pushi/vec4 1417244773, 0, 32; draw_string_vec4
    %concat/vec4; draw_string_vec4
    %pushi/vec4 541148228, 0, 32; draw_string_vec4
    %concat/vec4; draw_string_vec4
    %pushi/vec4 1226844981, 0, 32; draw_string_vec4
    %concat/vec4; draw_string_vec4
    %store/vec4 v000001ea2393a8b0_0, 0, 128;
    %fork TD_immediate_generator_tb.check_immediate, S_000001ea2397cf80;
    %join;
    %pushi/vec4 4293918867, 0, 32;
    %store/vec4 v000001ea2393a510_0, 0, 32;
    %pushi/vec4 4294967295, 0, 32;
    %store/vec4 v000001ea2397d110_0, 0, 32;
    %pushi/vec4 18733, 0, 32; draw_string_vec4
    %pushi/vec4 1417244773, 0, 32; draw_string_vec4
    %concat/vec4; draw_string_vec4
    %pushi/vec4 541148228, 0, 32; draw_string_vec4
    %concat/vec4; draw_string_vec4
    %pushi/vec4 1226845489, 0, 32; draw_string_vec4
    %concat/vec4; draw_string_vec4
    %store/vec4 v000001ea2393a8b0_0, 0, 128;
    %fork TD_immediate_generator_tb.check_immediate, S_000001ea2397cf80;
    %join;
    %pushi/vec4 5284899, 0, 32;
    %store/vec4 v000001ea2393a510_0, 0, 32;
    %pushi/vec4 8, 0, 32;
    %store/vec4 v000001ea2397d110_0, 0, 32;
    %pushi/vec4 0, 0, 32; draw_string_vec4
    %pushi/vec4 1395479673, 0, 32; draw_string_vec4
    %concat/vec4; draw_string_vec4
    %pushi/vec4 1885675603, 0, 32; draw_string_vec4
    %concat/vec4; draw_string_vec4
    %pushi/vec4 1953460837, 0, 32; draw_string_vec4
    %concat/vec4; draw_string_vec4
    %store/vec4 v000001ea2393a8b0_0, 0, 128;
    %fork TD_immediate_generator_tb.check_immediate, S_000001ea2397cf80;
    %join;
    %pushi/vec4 2132067, 0, 32;
    %store/vec4 v000001ea2393a510_0, 0, 32;
    %pushi/vec4 16, 0, 32;
    %store/vec4 v000001ea2397d110_0, 0, 32;
    %pushi/vec4 66, 0, 32; draw_string_vec4
    %pushi/vec4 760510832, 0, 32; draw_string_vec4
    %concat/vec4; draw_string_vec4
    %pushi/vec4 1696612978, 0, 32; draw_string_vec4
    %concat/vec4; draw_string_vec4
    %pushi/vec4 1634624360, 0, 32; draw_string_vec4
    %concat/vec4; draw_string_vec4
    %store/vec4 v000001ea2393a8b0_0, 0, 128;
    %fork TD_immediate_generator_tb.check_immediate, S_000001ea2397cf80;
    %join;
    %pushi/vec4 305418423, 0, 32;
    %store/vec4 v000001ea2393a510_0, 0, 32;
    %pushi/vec4 305418240, 0, 32;
    %store/vec4 v000001ea2397d110_0, 0, 32;
    %pushi/vec4 0, 0, 32; draw_string_vec4
    %pushi/vec4 21805, 0, 32; draw_string_vec4
    %concat/vec4; draw_string_vec4
    %pushi/vec4 1417244773, 0, 32; draw_string_vec4
    %concat/vec4; draw_string_vec4
    %pushi/vec4 541873481, 0, 32; draw_string_vec4
    %concat/vec4; draw_string_vec4
    %store/vec4 v000001ea2393a8b0_0, 0, 128;
    %fork TD_immediate_generator_tb.check_immediate, S_000001ea2397cf80;
    %join;
    %pushi/vec4 33554671, 0, 32;
    %store/vec4 v000001ea2393a510_0, 0, 32;
    %pushi/vec4 32, 0, 32;
    %store/vec4 v000001ea2397d110_0, 0, 32;
    %pushi/vec4 0, 0, 32; draw_string_vec4
    %pushi/vec4 18989, 0, 32; draw_string_vec4
    %concat/vec4; draw_string_vec4
    %pushi/vec4 1417244773, 0, 32; draw_string_vec4
    %concat/vec4; draw_string_vec4
    %pushi/vec4 541737292, 0, 32; draw_string_vec4
    %concat/vec4; draw_string_vec4
    %store/vec4 v000001ea2393a8b0_0, 0, 128;
    %fork TD_immediate_generator_tb.check_immediate, S_000001ea2397cf80;
    %join;
    %pushi/vec4 0, 0, 32;
    %store/vec4 v000001ea2393a510_0, 0, 32;
    %pushi/vec4 0, 0, 32;
    %store/vec4 v000001ea2397d110_0, 0, 32;
    %pushi/vec4 0, 0, 32; draw_string_vec4
    %pushi/vec4 1147496033, 0, 32; draw_string_vec4
    %concat/vec4; draw_string_vec4
    %pushi/vec4 1970041888, 0, 32; draw_string_vec4
    %concat/vec4; draw_string_vec4
    %pushi/vec4 1130460005, 0, 32; draw_string_vec4
    %concat/vec4; draw_string_vec4
    %store/vec4 v000001ea2393a8b0_0, 0, 128;
    %fork TD_immediate_generator_tb.check_immediate, S_000001ea2397cf80;
    %join;
    %vpi_call 2 197 "$display", "\000" {0 0 0};
    %vpi_call 2 198 "$display", "=================================================" {0 0 0};
    %vpi_call 2 199 "$display", "Verification Summary" {0 0 0};
    %vpi_call 2 200 "$display", "=================================================" {0 0 0};
    %vpi_call 2 202 "$display", "Tests  : %0d", v000001ea23936510_0 {0 0 0};
    %vpi_call 2 203 "$display", "Errors : %0d", v000001ea2393a950_0 {0 0 0};
    %load/vec4 v000001ea2393a950_0;
    %cmpi/e 0, 0, 32;
    %jmp/0xz  T_3.0, 4;
    %vpi_call 2 207 "$display", "\000" {0 0 0};
    %vpi_call 2 208 "$display", "***********************************************" {0 0 0};
    %vpi_call 2 209 "$display", "*                                             *" {0 0 0};
    %vpi_call 2 210 "$display", "*       ALL TESTS PASSED SUCCESSFULLY!        *" {0 0 0};
    %vpi_call 2 211 "$display", "*                                             *" {0 0 0};
    %vpi_call 2 212 "$display", "***********************************************" {0 0 0};
    %jmp T_3.1;
T_3.0 ;
    %vpi_call 2 218 "$display", "\000" {0 0 0};
    %vpi_call 2 219 "$display", "***********************************************" {0 0 0};
    %vpi_call 2 220 "$display", "*                                             *" {0 0 0};
    %vpi_call 2 221 "$display", "*      VERIFICATION FAILED                    *" {0 0 0};
    %vpi_call 2 222 "$display", "*                                             *" {0 0 0};
    %vpi_call 2 223 "$display", "*      Errors : %0d                           *", v000001ea2393a950_0 {0 0 0};
    %vpi_call 2 224 "$display", "*                                             *" {0 0 0};
    %vpi_call 2 225 "$display", "***********************************************" {0 0 0};
T_3.1 ;
    %vpi_call 2 229 "$finish" {0 0 0};
    %end;
    .thread T_3;
# The file index is used to find the file name in the following table.
:file_names 4;
    "N/A";
    "<interactive>";
    "tb\core\immediate_generator_tb.v";
    "rtl\core\immediate_generator.v";
