#! /c/Source/iverilog-install/bin/vvp
:ivl_version "12.0 (devel)" "(s20150603-1110-g18392a46)";
:ivl_delay_selection "TYPICAL";
:vpi_time_precision - 12;
:vpi_module "C:\iverilog\lib\ivl\system.vpi";
:vpi_module "C:\iverilog\lib\ivl\vhdl_sys.vpi";
:vpi_module "C:\iverilog\lib\ivl\vhdl_textio.vpi";
:vpi_module "C:\iverilog\lib\ivl\v2005_math.vpi";
:vpi_module "C:\iverilog\lib\ivl\va_math.vpi";
S_00000271d35a4430 .scope module, "register_file_tb" "register_file_tb" 2 22;
 .timescale -9 -12;
P_00000271d35c8f20 .param/l "ADDR_WIDTH" 0 2 30, +C4<00000000000000000000000000000101>;
P_00000271d35c8f58 .param/l "DATA_WIDTH" 0 2 28, +C4<00000000000000000000000000100000>;
P_00000271d35c8f90 .param/l "REG_COUNT" 0 2 29, +C4<00000000000000000000000000100000>;
v00000271d3623c10_0 .var "clk", 0 0;
v00000271d36229f0_0 .var/i "errors", 31 0;
v00000271d3622c70_0 .var "rd_addr", 4 0;
v00000271d3623cb0_0 .var "rd_data", 31 0;
v00000271d3623d50_0 .var "reg_write", 0 0;
v00000271d3623530_0 .var "rs1_addr", 4 0;
v00000271d3622f90_0 .net "rs1_data", 31 0, L_00000271d3622d10;  1 drivers
v00000271d3622a90_0 .var "rs2_addr", 4 0;
v00000271d3623f30_0 .net "rs2_data", 31 0, L_00000271d3623030;  1 drivers
v00000271d3623990_0 .var "rst", 0 0;
S_00000271d35c4da0 .scope module, "DUT" "register_file" 2 60, 3 17 0, S_00000271d35a4430;
 .timescale 0 0;
    .port_info 0 /INPUT 1 "clk";
    .port_info 1 /INPUT 1 "rst";
    .port_info 2 /INPUT 1 "reg_write";
    .port_info 3 /INPUT 5 "rs1_addr";
    .port_info 4 /INPUT 5 "rs2_addr";
    .port_info 5 /OUTPUT 32 "rs1_data";
    .port_info 6 /OUTPUT 32 "rs2_data";
    .port_info 7 /INPUT 5 "rd_addr";
    .port_info 8 /INPUT 32 "rd_data";
P_00000271d359a470 .param/l "ADDR_WIDTH" 0 3 20, +C4<00000000000000000000000000000101>;
P_00000271d359a4a8 .param/l "DATA_WIDTH" 0 3 18, +C4<00000000000000000000000000100000>;
P_00000271d359a4e0 .param/l "REG_COUNT" 0 3 19, +C4<00000000000000000000000000100000>;
P_00000271d359a518 .param/l "ZERO_REG" 1 3 41, C4<00000>;
L_00000271d3720088 .functor BUFT 1, C4<00000>, C4<0>, C4<0>, C4<0>;
v00000271d35a3e90_0 .net/2u *"_ivl_0", 4 0, L_00000271d3720088;  1 drivers
L_00000271d3720118 .functor BUFT 1, C4<00>, C4<0>, C4<0>, C4<0>;
v00000271d35a38f0_0 .net *"_ivl_11", 1 0, L_00000271d3720118;  1 drivers
L_00000271d3720160 .functor BUFT 1, C4<00000>, C4<0>, C4<0>, C4<0>;
v00000271d35a33f0_0 .net/2u *"_ivl_14", 4 0, L_00000271d3720160;  1 drivers
v00000271d35a3ad0_0 .net *"_ivl_16", 0 0, L_00000271d36233f0;  1 drivers
L_00000271d37201a8 .functor BUFT 1, C4<00000000000000000000000000000000>, C4<0>, C4<0>, C4<0>;
v00000271d35a3990_0 .net/2u *"_ivl_18", 31 0, L_00000271d37201a8;  1 drivers
v00000271d35a30d0_0 .net *"_ivl_2", 0 0, L_00000271d3622770;  1 drivers
v00000271d35a3490_0 .net *"_ivl_20", 31 0, L_00000271d3622b30;  1 drivers
v00000271d35a3cb0_0 .net *"_ivl_22", 6 0, L_00000271d3622130;  1 drivers
L_00000271d37201f0 .functor BUFT 1, C4<00>, C4<0>, C4<0>, C4<0>;
v00000271d35a3d50_0 .net *"_ivl_25", 1 0, L_00000271d37201f0;  1 drivers
L_00000271d37200d0 .functor BUFT 1, C4<00000000000000000000000000000000>, C4<0>, C4<0>, C4<0>;
v00000271d35a3c10_0 .net/2u *"_ivl_4", 31 0, L_00000271d37200d0;  1 drivers
v00000271d35a3670_0 .net *"_ivl_6", 31 0, L_00000271d3622bd0;  1 drivers
v00000271d35a3170_0 .net *"_ivl_8", 6 0, L_00000271d3623b70;  1 drivers
v00000271d35a3a30_0 .net "clk", 0 0, v00000271d3623c10_0;  1 drivers
v00000271d35a3210_0 .var/i "i", 31 0;
v00000271d35a3530_0 .net "rd_addr", 4 0, v00000271d3622c70_0;  1 drivers
v00000271d35a32b0_0 .net "rd_data", 31 0, v00000271d3623cb0_0;  1 drivers
v00000271d35a3b70_0 .net "reg_write", 0 0, v00000271d3623d50_0;  1 drivers
v00000271d35a3350 .array "registers", 31 0, 31 0;
v00000271d35a35d0_0 .net "rs1_addr", 4 0, v00000271d3623530_0;  1 drivers
v00000271d35a3710_0 .net "rs1_data", 31 0, L_00000271d3622d10;  alias, 1 drivers
v00000271d35a37b0_0 .net "rs2_addr", 4 0, v00000271d3622a90_0;  1 drivers
v00000271d3622270_0 .net "rs2_data", 31 0, L_00000271d3623030;  alias, 1 drivers
v00000271d36228b0_0 .net "rst", 0 0, v00000271d3623990_0;  1 drivers
E_00000271d359f870 .event posedge, v00000271d35a3a30_0;
L_00000271d3622770 .cmp/eq 5, v00000271d3623530_0, L_00000271d3720088;
L_00000271d3622bd0 .array/port v00000271d35a3350, L_00000271d3623b70;
L_00000271d3623b70 .concat [ 5 2 0 0], v00000271d3623530_0, L_00000271d3720118;
L_00000271d3622d10 .functor MUXZ 32, L_00000271d3622bd0, L_00000271d37200d0, L_00000271d3622770, C4<>;
L_00000271d36233f0 .cmp/eq 5, v00000271d3622a90_0, L_00000271d3720160;
L_00000271d3622b30 .array/port v00000271d35a3350, L_00000271d3622130;
L_00000271d3622130 .concat [ 5 2 0 0], v00000271d3622a90_0, L_00000271d37201f0;
L_00000271d3623030 .functor MUXZ 32, L_00000271d3622b30, L_00000271d37201a8, L_00000271d36233f0, C4<>;
S_00000271d35a1db0 .scope task, "check_dual_read" "check_dual_read" 2 234, 2 234 0, S_00000271d35a4430;
 .timescale -9 -12;
v00000271d3623170_0 .var "addr1", 4 0;
v00000271d3623210_0 .var "addr2", 4 0;
v00000271d36232b0_0 .var "expected1", 31 0;
v00000271d3623e90_0 .var "expected2", 31 0;
TD_register_file_tb.check_dual_read ;
    %load/vec4 v00000271d3623170_0;
    %store/vec4 v00000271d3623530_0, 0, 5;
    %load/vec4 v00000271d3623210_0;
    %store/vec4 v00000271d3622a90_0, 0, 5;
    %delay 1000, 0;
    %load/vec4 v00000271d3622f90_0;
    %load/vec4 v00000271d36232b0_0;
    %cmp/ne;
    %jmp/0xz  T_0.0, 6;
    %vpi_call 2 251 "$display", "[FAIL] RS1" {0 0 0};
    %load/vec4 v00000271d36229f0_0;
    %addi 1, 0, 32;
    %store/vec4 v00000271d36229f0_0, 0, 32;
T_0.0 ;
    %load/vec4 v00000271d3623f30_0;
    %load/vec4 v00000271d3623e90_0;
    %cmp/ne;
    %jmp/0xz  T_0.2, 6;
    %vpi_call 2 259 "$display", "[FAIL] RS2" {0 0 0};
    %load/vec4 v00000271d36229f0_0;
    %addi 1, 0, 32;
    %store/vec4 v00000271d36229f0_0, 0, 32;
T_0.2 ;
    %load/vec4 v00000271d3622f90_0;
    %load/vec4 v00000271d36232b0_0;
    %cmp/e;
    %flag_get/vec4 6;
    %load/vec4 v00000271d3623f30_0;
    %load/vec4 v00000271d3623e90_0;
    %cmp/e;
    %flag_get/vec4 6;
    %and;
    %flag_set/vec4 8;
    %jmp/0xz  T_0.4, 8;
    %vpi_call 2 268 "$display", "[PASS] Dual Read Successful" {0 0 0};
T_0.4 ;
    %end;
S_00000271d35c7a30 .scope task, "check_reg" "check_reg" 2 158, 2 158 0, S_00000271d35a4430;
 .timescale -9 -12;
v00000271d3622db0_0 .var "addr", 4 0;
v00000271d3622ef0_0 .var "expected", 31 0;
TD_register_file_tb.check_reg ;
    %load/vec4 v00000271d3622db0_0;
    %store/vec4 v00000271d3623530_0, 0, 5;
    %delay 1000, 0;
    %load/vec4 v00000271d3622f90_0;
    %load/vec4 v00000271d3622ef0_0;
    %cmp/ne;
    %jmp/0xz  T_1.6, 6;
    %vpi_call 2 171 "$display", "[FAIL] x%0d Expected = %h Got = %h", v00000271d3622db0_0, v00000271d3622ef0_0, v00000271d3622f90_0 {0 0 0};
    %load/vec4 v00000271d36229f0_0;
    %addi 1, 0, 32;
    %store/vec4 v00000271d36229f0_0, 0, 32;
    %jmp T_1.7;
T_1.6 ;
    %vpi_call 2 182 "$display", "[PASS] x%0d = %h", v00000271d3622db0_0, v00000271d3622f90_0 {0 0 0};
T_1.7 ;
    %end;
S_00000271d35c7bc0 .scope task, "check_reg_rs2" "check_reg_rs2" 2 196, 2 196 0, S_00000271d35a4430;
 .timescale -9 -12;
v00000271d3623350_0 .var "addr", 4 0;
v00000271d3622e50_0 .var "expected", 31 0;
TD_register_file_tb.check_reg_rs2 ;
    %load/vec4 v00000271d3623350_0;
    %store/vec4 v00000271d3622a90_0, 0, 5;
    %delay 1000, 0;
    %load/vec4 v00000271d3623f30_0;
    %load/vec4 v00000271d3622e50_0;
    %cmp/ne;
    %jmp/0xz  T_2.8, 6;
    %vpi_call 2 209 "$display", "[FAIL] x%0d Expected = %h Got = %h", v00000271d3623350_0, v00000271d3622e50_0, v00000271d3623f30_0 {0 0 0};
    %load/vec4 v00000271d36229f0_0;
    %addi 1, 0, 32;
    %store/vec4 v00000271d36229f0_0, 0, 32;
    %jmp T_2.9;
T_2.8 ;
    %vpi_call 2 220 "$display", "[PASS] x%0d = %h", v00000271d3623350_0, v00000271d3623f30_0 {0 0 0};
T_2.9 ;
    %end;
S_00000271d3716350 .scope task, "reset_dut" "reset_dut" 2 100, 2 100 0, S_00000271d35a4430;
 .timescale -9 -12;
TD_register_file_tb.reset_dut ;
    %vpi_call 2 103 "$display", "\012=================================================" {0 0 0};
    %vpi_call 2 104 "$display", "[%0t] Resetting DUT...", $time {0 0 0};
    %vpi_call 2 105 "$display", "=================================================\012" {0 0 0};
    %pushi/vec4 1, 0, 1;
    %store/vec4 v00000271d3623990_0, 0, 1;
    %pushi/vec4 0, 0, 1;
    %store/vec4 v00000271d3623d50_0, 0, 1;
    %pushi/vec4 0, 0, 5;
    %store/vec4 v00000271d3623530_0, 0, 5;
    %pushi/vec4 0, 0, 5;
    %store/vec4 v00000271d3622a90_0, 0, 5;
    %pushi/vec4 0, 0, 5;
    %store/vec4 v00000271d3622c70_0, 0, 5;
    %pushi/vec4 0, 0, 32;
    %store/vec4 v00000271d3623cb0_0, 0, 32;
    %wait E_00000271d359f870;
    %wait E_00000271d359f870;
    %pushi/vec4 0, 0, 1;
    %store/vec4 v00000271d3623990_0, 0, 1;
    %wait E_00000271d359f870;
    %vpi_call 2 123 "$display", "[%0t] Reset Complete\012", $time {0 0 0};
    %end;
S_00000271d37164e0 .scope task, "write_reg" "write_reg" 2 132, 2 132 0, S_00000271d35a4430;
 .timescale -9 -12;
v00000271d3622950_0 .var "addr", 4 0;
v00000271d3622090_0 .var "data", 31 0;
TD_register_file_tb.write_reg ;
    %vpi_call 2 139 "$display", "[%0t] WRITE : x%0d <= 0x%08h", $time, v00000271d3622950_0, v00000271d3622090_0 {0 0 0};
    %load/vec4 v00000271d3622950_0;
    %store/vec4 v00000271d3622c70_0, 0, 5;
    %load/vec4 v00000271d3622090_0;
    %store/vec4 v00000271d3623cb0_0, 0, 32;
    %pushi/vec4 1, 0, 1;
    %store/vec4 v00000271d3623d50_0, 0, 1;
    %wait E_00000271d359f870;
    %wait E_00000271d359f870;
    %pushi/vec4 0, 0, 1;
    %store/vec4 v00000271d3623d50_0, 0, 1;
    %end;
    .scope S_00000271d35c4da0;
T_5 ;
    %wait E_00000271d359f870;
    %load/vec4 v00000271d36228b0_0;
    %flag_set/vec4 8;
    %jmp/0xz  T_5.0, 8;
    %pushi/vec4 0, 0, 32;
    %store/vec4 v00000271d35a3210_0, 0, 32;
T_5.2 ;
    %load/vec4 v00000271d35a3210_0;
    %cmpi/s 32, 0, 32;
    %jmp/0xz T_5.3, 5;
    %pushi/vec4 0, 0, 32;
    %ix/getv/s 3, v00000271d35a3210_0;
    %ix/load 4, 0, 0; Constant delay
    %assign/vec4/a/d v00000271d35a3350, 0, 4;
    %load/vec4 v00000271d35a3210_0;
    %addi 1, 0, 32;
    %store/vec4 v00000271d35a3210_0, 0, 32;
    %jmp T_5.2;
T_5.3 ;
    %jmp T_5.1;
T_5.0 ;
    %load/vec4 v00000271d35a3b70_0;
    %load/vec4 v00000271d35a3530_0;
    %pushi/vec4 0, 0, 5;
    %cmp/ne;
    %flag_get/vec4 4;
    %and;
    %flag_set/vec4 8;
    %jmp/0xz  T_5.4, 8;
    %load/vec4 v00000271d35a32b0_0;
    %load/vec4 v00000271d35a3530_0;
    %pad/u 7;
    %ix/vec4 3;
    %ix/load 4, 0, 0; Constant delay
    %assign/vec4/a/d v00000271d35a3350, 0, 4;
T_5.4 ;
T_5.1 ;
    %jmp T_5;
    .thread T_5;
    .scope S_00000271d35a4430;
T_6 ;
    %pushi/vec4 0, 0, 1;
    %store/vec4 v00000271d3623c10_0, 0, 1;
T_6.0 ;
    %delay 5000, 0;
    %load/vec4 v00000271d3623c10_0;
    %inv;
    %store/vec4 v00000271d3623c10_0, 0, 1;
    %jmp T_6.0;
    %end;
    .thread T_6;
    .scope S_00000271d35a4430;
T_7 ;
    %vpi_call 2 92 "$dumpfile", "register_file.vcd" {0 0 0};
    %vpi_call 2 93 "$dumpvars", 32'sb00000000000000000000000000000000, S_00000271d35a4430 {0 0 0};
    %end;
    .thread T_7;
    .scope S_00000271d35a4430;
T_8 ;
    %pushi/vec4 0, 0, 32;
    %store/vec4 v00000271d36229f0_0, 0, 32;
    %fork TD_register_file_tb.reset_dut, S_00000271d3716350;
    %join;
    %vpi_call 2 292 "$display", "\012---- Test : x0 Always Zero ----" {0 0 0};
    %pushi/vec4 0, 0, 5;
    %store/vec4 v00000271d3622db0_0, 0, 5;
    %pushi/vec4 0, 0, 32;
    %store/vec4 v00000271d3622ef0_0, 0, 32;
    %fork TD_register_file_tb.check_reg, S_00000271d35c7a30;
    %join;
    %vpi_call 2 300 "$display", "\012---- Test : Write x5 ----" {0 0 0};
    %pushi/vec4 5, 0, 5;
    %store/vec4 v00000271d3622950_0, 0, 5;
    %pushi/vec4 3735928559, 0, 32;
    %store/vec4 v00000271d3622090_0, 0, 32;
    %fork TD_register_file_tb.write_reg, S_00000271d37164e0;
    %join;
    %pushi/vec4 5, 0, 5;
    %store/vec4 v00000271d3622db0_0, 0, 5;
    %pushi/vec4 3735928559, 0, 32;
    %store/vec4 v00000271d3622ef0_0, 0, 32;
    %fork TD_register_file_tb.check_reg, S_00000271d35c7a30;
    %join;
    %vpi_call 2 310 "$display", "\012---- Test : x0 Protection ----" {0 0 0};
    %pushi/vec4 0, 0, 5;
    %store/vec4 v00000271d3622950_0, 0, 5;
    %pushi/vec4 4294967295, 0, 32;
    %store/vec4 v00000271d3622090_0, 0, 32;
    %fork TD_register_file_tb.write_reg, S_00000271d37164e0;
    %join;
    %pushi/vec4 0, 0, 5;
    %store/vec4 v00000271d3622db0_0, 0, 5;
    %pushi/vec4 0, 0, 32;
    %store/vec4 v00000271d3622ef0_0, 0, 32;
    %fork TD_register_file_tb.check_reg, S_00000271d35c7a30;
    %join;
    %vpi_call 2 320 "$display", "\012---- Test : x31 ----" {0 0 0};
    %pushi/vec4 31, 0, 5;
    %store/vec4 v00000271d3622950_0, 0, 5;
    %pushi/vec4 305419896, 0, 32;
    %store/vec4 v00000271d3622090_0, 0, 32;
    %fork TD_register_file_tb.write_reg, S_00000271d37164e0;
    %join;
    %pushi/vec4 31, 0, 5;
    %store/vec4 v00000271d3622db0_0, 0, 5;
    %pushi/vec4 305419896, 0, 32;
    %store/vec4 v00000271d3622ef0_0, 0, 32;
    %fork TD_register_file_tb.check_reg, S_00000271d35c7a30;
    %join;
    %vpi_call 2 330 "$display", "\012---- Test : Consecutive Writes ----" {0 0 0};
    %pushi/vec4 10, 0, 5;
    %store/vec4 v00000271d3622950_0, 0, 5;
    %pushi/vec4 2863311530, 0, 32;
    %store/vec4 v00000271d3622090_0, 0, 32;
    %fork TD_register_file_tb.write_reg, S_00000271d37164e0;
    %join;
    %pushi/vec4 20, 0, 5;
    %store/vec4 v00000271d3622950_0, 0, 5;
    %pushi/vec4 1431655765, 0, 32;
    %store/vec4 v00000271d3622090_0, 0, 32;
    %fork TD_register_file_tb.write_reg, S_00000271d37164e0;
    %join;
    %pushi/vec4 10, 0, 5;
    %store/vec4 v00000271d3622db0_0, 0, 5;
    %pushi/vec4 2863311530, 0, 32;
    %store/vec4 v00000271d3622ef0_0, 0, 32;
    %fork TD_register_file_tb.check_reg, S_00000271d35c7a30;
    %join;
    %pushi/vec4 20, 0, 5;
    %store/vec4 v00000271d3622db0_0, 0, 5;
    %pushi/vec4 1431655765, 0, 32;
    %store/vec4 v00000271d3622ef0_0, 0, 32;
    %fork TD_register_file_tb.check_reg, S_00000271d35c7a30;
    %join;
    %vpi_call 2 344 "$display", "\012---- Test : Read Port 2 ----" {0 0 0};
    %pushi/vec4 10, 0, 5;
    %store/vec4 v00000271d3623350_0, 0, 5;
    %pushi/vec4 2863311530, 0, 32;
    %store/vec4 v00000271d3622e50_0, 0, 32;
    %fork TD_register_file_tb.check_reg_rs2, S_00000271d35c7bc0;
    %join;
    %vpi_call 2 352 "$display", "\012---- Test : Dual Read ----" {0 0 0};
    %pushi/vec4 10, 0, 5;
    %store/vec4 v00000271d3623170_0, 0, 5;
    %pushi/vec4 2863311530, 0, 32;
    %store/vec4 v00000271d36232b0_0, 0, 32;
    %pushi/vec4 20, 0, 5;
    %store/vec4 v00000271d3623210_0, 0, 5;
    %pushi/vec4 1431655765, 0, 32;
    %store/vec4 v00000271d3623e90_0, 0, 32;
    %fork TD_register_file_tb.check_dual_read, S_00000271d35a1db0;
    %join;
    %vpi_call 2 368 "$display", "\012---- Test : Write Disable ----" {0 0 0};
    %pushi/vec4 8, 0, 5;
    %store/vec4 v00000271d3622c70_0, 0, 5;
    %pushi/vec4 4294967295, 0, 32;
    %store/vec4 v00000271d3623cb0_0, 0, 32;
    %pushi/vec4 0, 0, 1;
    %store/vec4 v00000271d3623d50_0, 0, 1;
    %wait E_00000271d359f870;
    %pushi/vec4 8, 0, 5;
    %store/vec4 v00000271d3622db0_0, 0, 5;
    %pushi/vec4 0, 0, 32;
    %store/vec4 v00000271d3622ef0_0, 0, 32;
    %fork TD_register_file_tb.check_reg, S_00000271d35c7a30;
    %join;
    %vpi_call 2 383 "$display", "\012==============================================" {0 0 0};
    %load/vec4 v00000271d36229f0_0;
    %cmpi/e 0, 0, 32;
    %jmp/0xz  T_8.0, 4;
    %vpi_call 2 387 "$display", " ALL TESTS PASSED " {0 0 0};
    %jmp T_8.1;
T_8.0 ;
    %vpi_call 2 391 "$display", " %0d TEST(S) FAILED ", v00000271d36229f0_0 {0 0 0};
T_8.1 ;
    %vpi_call 2 393 "$display", "==============================================" {0 0 0};
    %vpi_call 2 395 "$finish" {0 0 0};
    %end;
    .thread T_8;
# The file index is used to find the file name in the following table.
:file_names 4;
    "N/A";
    "<interactive>";
    "tb\common\register_file_tb.v";
    "rtl\common\register_file.v";
