#! /c/Source/iverilog-install/bin/vvp
:ivl_version "12.0 (devel)" "(s20150603-1110-g18392a46)";
:ivl_delay_selection "TYPICAL";
:vpi_time_precision - 12;
:vpi_module "C:\iverilog\lib\ivl\system.vpi";
:vpi_module "C:\iverilog\lib\ivl\vhdl_sys.vpi";
:vpi_module "C:\iverilog\lib\ivl\vhdl_textio.vpi";
:vpi_module "C:\iverilog\lib\ivl\v2005_math.vpi";
:vpi_module "C:\iverilog\lib\ivl\va_math.vpi";
S_000001db30804b50 .scope module, "instruction_memory_tb" "instruction_memory_tb" 2 18;
 .timescale -9 -12;
P_000001db30978910 .param/l "DATA_WIDTH" 0 2 24, +C4<00000000000000000000000000100000>;
v000001db30814530_0 .var/i "errors", 31 0;
v000001db3097be10_0 .net "instruction", 31 0, L_000001db308145d0;  1 drivers
v000001db3097beb0_0 .var "pc", 31 0;
v000001db3097bf50_0 .var/i "tests", 31 0;
S_000001db3097a1a0 .scope module, "DUT" "instruction_memory" 2 45, 3 20 0, S_000001db30804b50;
 .timescale 0 0;
    .port_info 0 /INPUT 32 "address";
    .port_info 1 /OUTPUT 32 "instruction";
P_000001db308058d0 .param/l "DATA_WIDTH" 0 3 21, +C4<00000000000000000000000000100000>;
P_000001db30805908 .param/str "INIT_FILE" 0 3 23, "programs/program.hex";
P_000001db30805940 .param/l "MEM_DEPTH" 0 3 22, +C4<00000000000000000000010000000000>;
L_000001db308145d0 .functor BUFZ 32, L_000001db3097c090, C4<00000000000000000000000000000000>, C4<00000000000000000000000000000000>, C4<00000000000000000000000000000000>;
v000001db309769a0_0 .net *"_ivl_2", 31 0, L_000001db3097c090;  1 drivers
v000001db30805980_0 .net "address", 31 0, v000001db3097beb0_0;  1 drivers
v000001db30976790_0 .net "instruction", 31 0, L_000001db308145d0;  alias, 1 drivers
v000001db30814120 .array "instruction_mem", 1023 0, 31 0;
v000001db308141c0_0 .net "word_address", 29 0, L_000001db3097bff0;  1 drivers
L_000001db3097bff0 .part v000001db3097beb0_0, 2, 30;
L_000001db3097c090 .array/port v000001db30814120, L_000001db3097bff0;
S_000001db30814260 .scope task, "check_instruction" "check_instruction" 2 67, 2 67 0, S_000001db30804b50;
 .timescale -9 -12;
v000001db308143f0_0 .var "address", 31 0;
v000001db30814490_0 .var "expected", 31 0;
TD_instruction_memory_tb.check_instruction ;
    %load/vec4 v000001db308143f0_0;
    %store/vec4 v000001db3097beb0_0, 0, 32;
    %delay 1000, 0;
    %load/vec4 v000001db3097bf50_0;
    %addi 1, 0, 32;
    %store/vec4 v000001db3097bf50_0, 0, 32;
    %load/vec4 v000001db3097be10_0;
    %load/vec4 v000001db30814490_0;
    %cmp/ne;
    %jmp/0xz  T_0.0, 6;
    %vpi_call 2 82 "$display", "[FAIL] PC = %h  Expected = %h  Got = %h", v000001db308143f0_0, v000001db30814490_0, v000001db3097be10_0 {0 0 0};
    %load/vec4 v000001db30814530_0;
    %addi 1, 0, 32;
    %store/vec4 v000001db30814530_0, 0, 32;
    %jmp T_0.1;
T_0.0 ;
    %vpi_call 2 92 "$display", "[PASS] PC = %h  Instruction = %h", v000001db308143f0_0, v000001db3097be10_0 {0 0 0};
T_0.1 ;
    %end;
    .scope S_000001db3097a1a0;
T_1 ;
    %vpi_call 3 52 "$readmemh", P_000001db30805908, v000001db30814120 {0 0 0};
    %end;
    .thread T_1;
    .scope S_000001db30804b50;
T_2 ;
    %vpi_call 2 58 "$dumpfile", "sim/instruction_memory/instruction_memory.vcd" {0 0 0};
    %vpi_call 2 59 "$dumpvars", 32'sb00000000000000000000000000000000, S_000001db30804b50 {0 0 0};
    %end;
    .thread T_2;
    .scope S_000001db30804b50;
T_3 ;
    %pushi/vec4 0, 0, 32;
    %store/vec4 v000001db3097beb0_0, 0, 32;
    %pushi/vec4 0, 0, 32;
    %store/vec4 v000001db3097bf50_0, 0, 32;
    %pushi/vec4 0, 0, 32;
    %store/vec4 v000001db30814530_0, 0, 32;
    %delay 5000, 0;
    %vpi_call 2 115 "$display", "\000" {0 0 0};
    %vpi_call 2 116 "$display", "=================================================" {0 0 0};
    %vpi_call 2 117 "$display", "      Instruction Memory Verification" {0 0 0};
    %vpi_call 2 118 "$display", "=================================================" {0 0 0};
    %pushi/vec4 0, 0, 32;
    %store/vec4 v000001db308143f0_0, 0, 32;
    %pushi/vec4 5243027, 0, 32;
    %store/vec4 v000001db30814490_0, 0, 32;
    %fork TD_instruction_memory_tb.check_instruction, S_000001db30814260;
    %join;
    %pushi/vec4 4, 0, 32;
    %store/vec4 v000001db308143f0_0, 0, 32;
    %pushi/vec4 10486035, 0, 32;
    %store/vec4 v000001db30814490_0, 0, 32;
    %fork TD_instruction_memory_tb.check_instruction, S_000001db30814260;
    %join;
    %pushi/vec4 8, 0, 32;
    %store/vec4 v000001db308143f0_0, 0, 32;
    %pushi/vec4 2130355, 0, 32;
    %store/vec4 v000001db30814490_0, 0, 32;
    %fork TD_instruction_memory_tb.check_instruction, S_000001db30814260;
    %join;
    %pushi/vec4 12, 0, 32;
    %store/vec4 v000001db308143f0_0, 0, 32;
    %pushi/vec4 19, 0, 32;
    %store/vec4 v000001db30814490_0, 0, 32;
    %fork TD_instruction_memory_tb.check_instruction, S_000001db30814260;
    %join;
    %vpi_call 2 133 "$display", "\000" {0 0 0};
    %vpi_call 2 134 "$display", "=================================================" {0 0 0};
    %vpi_call 2 135 "$display", "Verification Summary" {0 0 0};
    %vpi_call 2 136 "$display", "=================================================" {0 0 0};
    %vpi_call 2 138 "$display", "Tests  : %0d", v000001db3097bf50_0 {0 0 0};
    %vpi_call 2 139 "$display", "Errors : %0d", v000001db30814530_0 {0 0 0};
    %vpi_call 2 141 "$display", "\000" {0 0 0};
    %load/vec4 v000001db30814530_0;
    %cmpi/e 0, 0, 32;
    %jmp/0xz  T_3.0, 4;
    %vpi_call 2 145 "$display", "***********************************************" {0 0 0};
    %vpi_call 2 146 "$display", "*                                             *" {0 0 0};
    %vpi_call 2 147 "$display", "*       ALL TESTS PASSED SUCCESSFULLY!        *" {0 0 0};
    %vpi_call 2 148 "$display", "*                                             *" {0 0 0};
    %vpi_call 2 149 "$display", "***********************************************" {0 0 0};
    %jmp T_3.1;
T_3.0 ;
    %vpi_call 2 154 "$display", "***********************************************" {0 0 0};
    %vpi_call 2 155 "$display", "*                                             *" {0 0 0};
    %vpi_call 2 156 "$display", "*      VERIFICATION FAILED                    *" {0 0 0};
    %vpi_call 2 157 "$display", "*                                             *" {0 0 0};
    %vpi_call 2 158 "$display", "*      Errors : %0d                           *", v000001db30814530_0 {0 0 0};
    %vpi_call 2 159 "$display", "*                                             *" {0 0 0};
    %vpi_call 2 160 "$display", "***********************************************" {0 0 0};
T_3.1 ;
    %vpi_call 2 164 "$finish" {0 0 0};
    %end;
    .thread T_3;
# The file index is used to find the file name in the following table.
:file_names 4;
    "N/A";
    "<interactive>";
    "tb/core/instruction_memory_tb.v";
    "rtl/core/instruction_memory.v";
