#! /c/Source/iverilog-install/bin/vvp
:ivl_version "12.0 (devel)" "(s20150603-1110-g18392a46)";
:ivl_delay_selection "TYPICAL";
:vpi_time_precision - 12;
:vpi_module "C:\iverilog\lib\ivl\system.vpi";
:vpi_module "C:\iverilog\lib\ivl\vhdl_sys.vpi";
:vpi_module "C:\iverilog\lib\ivl\vhdl_textio.vpi";
:vpi_module "C:\iverilog\lib\ivl\v2005_math.vpi";
:vpi_module "C:\iverilog\lib\ivl\va_math.vpi";
S_00000123876e65c0 .scope module, "memory_interconnect_tb" "memory_interconnect_tb" 2 23;
 .timescale -9 -12;
P_00000123876ed600 .param/l "DATA_WIDTH" 1 2 29, +C4<00000000000000000000000000100000>;
v000001238775e440_0 .var "cpu_address", 31 0;
v000001238775eb20_0 .var "cpu_funct3", 2 0;
v000001238775f700_0 .var "cpu_read", 0 0;
v000001238775e800_0 .net "cpu_read_data", 31 0, L_000001238775f480;  1 drivers
v000001238775e4e0_0 .var "cpu_write", 0 0;
v000001238775ebc0_0 .var "cpu_write_data", 31 0;
v000001238775fca0_0 .var/i "errors", 31 0;
v000001238775e9e0_0 .net "ram_address", 31 0, L_00000123876d1c00;  1 drivers
v000001238775f2a0_0 .net "ram_funct3", 2 0, L_00000123876d1ea0;  1 drivers
v000001238775ec60_0 .net "ram_read", 0 0, L_00000123876d1ab0;  1 drivers
v000001238775f8e0_0 .var "ram_read_data", 31 0;
v000001238775f660_0 .net "ram_write", 0 0, L_00000123876d1dc0;  1 drivers
v000001238775e6c0_0 .net "ram_write_data", 31 0, L_00000123876d2370;  1 drivers
v000001238775ed00_0 .net "sha_address", 31 0, L_00000123877c8f50;  1 drivers
v000001238775e580_0 .net "sha_funct3", 2 0, L_00000123877c8380;  1 drivers
v000001238775eda0_0 .net "sha_read", 0 0, L_00000123876d2140;  1 drivers
v000001238775fac0_0 .var "sha_read_data", 31 0;
v000001238775e8a0_0 .net "sha_write", 0 0, L_00000123877c8690;  1 drivers
v000001238775e620_0 .net "sha_write_data", 31 0, L_00000123877c80e0;  1 drivers
v000001238775e940_0 .var/i "tests", 31 0;
S_00000123876cc7a0 .scope task, "check_bit" "check_bit" 2 156, 2 156 0, S_00000123876e65c0;
 .timescale -9 -12;
v00000123876bf640_0 .var "actual", 0 0;
v00000123876bf960_0 .var "expected", 0 0;
v00000123876bee20_0 .var "test_name", 399 0;
TD_memory_interconnect_tb.check_bit ;
    %load/vec4 v000001238775e940_0;
    %addi 1, 0, 32;
    %store/vec4 v000001238775e940_0, 0, 32;
    %load/vec4 v00000123876bf640_0;
    %load/vec4 v00000123876bf960_0;
    %cmp/ne;
    %jmp/0xz  T_0.0, 6;
    %load/vec4 v000001238775fca0_0;
    %addi 1, 0, 32;
    %store/vec4 v000001238775fca0_0, 0, 32;
    %vpi_call 2 170 "$display", "[FAIL] %s", v00000123876bee20_0 {0 0 0};
    %vpi_call 2 175 "$display", "       Expected = %b", v00000123876bf960_0 {0 0 0};
    %vpi_call 2 180 "$display", "       Got      = %b", v00000123876bf640_0 {0 0 0};
    %jmp T_0.1;
T_0.0 ;
    %vpi_call 2 189 "$display", "[PASS] %s", v00000123876bee20_0 {0 0 0};
T_0.1 ;
    %end;
S_00000123876cc930 .scope task, "check_signal" "check_signal" 2 108, 2 108 0, S_00000123876e65c0;
 .timescale -9 -12;
v00000123876bef60_0 .var "actual", 31 0;
v00000123876bf000_0 .var "expected", 31 0;
v00000123876bece0_0 .var "test_name", 399 0;
TD_memory_interconnect_tb.check_signal ;
    %load/vec4 v000001238775e940_0;
    %addi 1, 0, 32;
    %store/vec4 v000001238775e940_0, 0, 32;
    %load/vec4 v00000123876bef60_0;
    %load/vec4 v00000123876bf000_0;
    %cmp/ne;
    %jmp/0xz  T_1.2, 6;
    %load/vec4 v000001238775fca0_0;
    %addi 1, 0, 32;
    %store/vec4 v000001238775fca0_0, 0, 32;
    %vpi_call 2 122 "$display", "[FAIL] %s", v00000123876bece0_0 {0 0 0};
    %vpi_call 2 127 "$display", "       Expected = %h", v00000123876bf000_0 {0 0 0};
    %vpi_call 2 132 "$display", "       Got      = %h", v00000123876bef60_0 {0 0 0};
    %jmp T_1.3;
T_1.2 ;
    %vpi_call 2 141 "$display", "[PASS] %s", v00000123876bece0_0 {0 0 0};
T_1.3 ;
    %end;
S_00000123876ccac0 .scope module, "dut" "memory_interconnect" 2 80, 3 22 0, S_00000123876e65c0;
 .timescale 0 0;
    .port_info 0 /INPUT 32 "cpu_address";
    .port_info 1 /INPUT 32 "cpu_write_data";
    .port_info 2 /INPUT 1 "cpu_read";
    .port_info 3 /INPUT 1 "cpu_write";
    .port_info 4 /INPUT 3 "cpu_funct3";
    .port_info 5 /OUTPUT 32 "cpu_read_data";
    .port_info 6 /OUTPUT 1 "ram_read";
    .port_info 7 /OUTPUT 1 "ram_write";
    .port_info 8 /OUTPUT 32 "ram_address";
    .port_info 9 /OUTPUT 32 "ram_write_data";
    .port_info 10 /OUTPUT 3 "ram_funct3";
    .port_info 11 /INPUT 32 "ram_read_data";
    .port_info 12 /OUTPUT 1 "sha_read";
    .port_info 13 /OUTPUT 1 "sha_write";
    .port_info 14 /OUTPUT 32 "sha_address";
    .port_info 15 /OUTPUT 32 "sha_write_data";
    .port_info 16 /OUTPUT 3 "sha_funct3";
    .port_info 17 /INPUT 32 "sha_read_data";
P_00000123876c1fc0 .param/l "DATA_WIDTH" 0 3 23, +C4<00000000000000000000000000100000>;
P_00000123876c1ff8 .param/l "RAM_BASE" 1 3 66, C4<00000000000000000000000000000000>;
P_00000123876c2030 .param/l "RAM_END" 1 3 69, C4<00000000000000000000111111111111>;
P_00000123876c2068 .param/l "SHA_BASE" 1 3 72, C4<00010000000000000000000000000000>;
P_00000123876c20a0 .param/l "SHA_END" 1 3 75, C4<00010000000000000000000011111111>;
L_00000123876d21b0 .functor AND 1, L_000001238775ee40, L_000001238775eee0, C4<1>, C4<1>;
L_00000123876d20d0 .functor AND 1, L_000001238775ef80, L_000001238775f340, C4<1>, C4<1>;
L_00000123876d1ab0 .functor AND 1, v000001238775f700_0, L_00000123876d21b0, C4<1>, C4<1>;
L_00000123876d1dc0 .functor AND 1, v000001238775e4e0_0, L_00000123876d21b0, C4<1>, C4<1>;
L_00000123876d1c00 .functor BUFZ 32, v000001238775e440_0, C4<00000000000000000000000000000000>, C4<00000000000000000000000000000000>, C4<00000000000000000000000000000000>;
L_00000123876d2370 .functor BUFZ 32, v000001238775ebc0_0, C4<00000000000000000000000000000000>, C4<00000000000000000000000000000000>, C4<00000000000000000000000000000000>;
L_00000123876d1ea0 .functor BUFZ 3, v000001238775eb20_0, C4<000>, C4<000>, C4<000>;
L_00000123876d2140 .functor AND 1, v000001238775f700_0, L_00000123876d20d0, C4<1>, C4<1>;
L_00000123877c8690 .functor AND 1, v000001238775e4e0_0, L_00000123876d20d0, C4<1>, C4<1>;
L_00000123877c8f50 .functor BUFZ 32, v000001238775e440_0, C4<00000000000000000000000000000000>, C4<00000000000000000000000000000000>, C4<00000000000000000000000000000000>;
L_00000123877c80e0 .functor BUFZ 32, v000001238775ebc0_0, C4<00000000000000000000000000000000>, C4<00000000000000000000000000000000>, C4<00000000000000000000000000000000>;
L_00000123877c8380 .functor BUFZ 3, v000001238775eb20_0, C4<000>, C4<000>, C4<000>;
L_0000012387780088 .functor BUFT 1, C4<00000000000000000000000000000000>, C4<0>, C4<0>, C4<0>;
v00000123876bf6e0_0 .net/2u *"_ivl_0", 31 0, L_0000012387780088;  1 drivers
L_0000012387780118 .functor BUFT 1, C4<00010000000000000000000000000000>, C4<0>, C4<0>, C4<0>;
v00000123876bf1e0_0 .net/2u *"_ivl_10", 31 0, L_0000012387780118;  1 drivers
v00000123876bf780_0 .net *"_ivl_12", 0 0, L_000001238775ef80;  1 drivers
L_0000012387780160 .functor BUFT 1, C4<00010000000000000000000011111111>, C4<0>, C4<0>, C4<0>;
v00000123876bfaa0_0 .net/2u *"_ivl_14", 31 0, L_0000012387780160;  1 drivers
v00000123876beba0_0 .net *"_ivl_16", 0 0, L_000001238775f340;  1 drivers
v00000123876bf280_0 .net *"_ivl_2", 0 0, L_000001238775ee40;  1 drivers
L_00000123877800d0 .functor BUFT 1, C4<00000000000000000000111111111111>, C4<0>, C4<0>, C4<0>;
v00000123876bf3c0_0 .net/2u *"_ivl_4", 31 0, L_00000123877800d0;  1 drivers
L_00000123877801a8 .functor BUFT 1, C4<00000000000000000000000000000000>, C4<0>, C4<0>, C4<0>;
v00000123876bf820_0 .net/2u *"_ivl_40", 31 0, L_00000123877801a8;  1 drivers
v000001238775e300_0 .net *"_ivl_42", 31 0, L_000001238775f020;  1 drivers
v000001238775f0c0_0 .net *"_ivl_6", 0 0, L_000001238775eee0;  1 drivers
v000001238775fd40_0 .net "cpu_address", 31 0, v000001238775e440_0;  1 drivers
v000001238775e1c0_0 .net "cpu_funct3", 2 0, v000001238775eb20_0;  1 drivers
v000001238775fde0_0 .net "cpu_read", 0 0, v000001238775f700_0;  1 drivers
v000001238775e080_0 .net "cpu_read_data", 31 0, L_000001238775f480;  alias, 1 drivers
v000001238775e120_0 .net "cpu_write", 0 0, v000001238775e4e0_0;  1 drivers
v000001238775ea80_0 .net "cpu_write_data", 31 0, v000001238775ebc0_0;  1 drivers
v000001238775e260_0 .net "ram_address", 31 0, L_00000123876d1c00;  alias, 1 drivers
v000001238775f7a0_0 .net "ram_funct3", 2 0, L_00000123876d1ea0;  alias, 1 drivers
v000001238775f840_0 .net "ram_read", 0 0, L_00000123876d1ab0;  alias, 1 drivers
v000001238775f520_0 .net "ram_read_data", 31 0, v000001238775f8e0_0;  1 drivers
v000001238775f160_0 .net "ram_select", 0 0, L_00000123876d21b0;  1 drivers
v000001238775fe80_0 .net "ram_write", 0 0, L_00000123876d1dc0;  alias, 1 drivers
v000001238775ff20_0 .net "ram_write_data", 31 0, L_00000123876d2370;  alias, 1 drivers
v000001238775f5c0_0 .net "sha_address", 31 0, L_00000123877c8f50;  alias, 1 drivers
v000001238775fb60_0 .net "sha_funct3", 2 0, L_00000123877c8380;  alias, 1 drivers
v000001238775fa20_0 .net "sha_read", 0 0, L_00000123876d2140;  alias, 1 drivers
v000001238775f980_0 .net "sha_read_data", 31 0, v000001238775fac0_0;  1 drivers
v000001238775e3a0_0 .net "sha_select", 0 0, L_00000123876d20d0;  1 drivers
v000001238775e760_0 .net "sha_write", 0 0, L_00000123877c8690;  alias, 1 drivers
v000001238775f200_0 .net "sha_write_data", 31 0, L_00000123877c80e0;  alias, 1 drivers
L_000001238775ee40 .cmp/ge 32, v000001238775e440_0, L_0000012387780088;
L_000001238775eee0 .cmp/ge 32, L_00000123877800d0, v000001238775e440_0;
L_000001238775ef80 .cmp/ge 32, v000001238775e440_0, L_0000012387780118;
L_000001238775f340 .cmp/ge 32, L_0000012387780160, v000001238775e440_0;
L_000001238775f020 .functor MUXZ 32, L_00000123877801a8, v000001238775fac0_0, L_00000123876d20d0, C4<>;
L_000001238775f480 .functor MUXZ 32, L_000001238775f020, v000001238775f8e0_0, L_00000123876d21b0, C4<>;
    .scope S_00000123876e65c0;
T_2 ;
    %pushi/vec4 0, 0, 32;
    %store/vec4 v000001238775e940_0, 0, 32;
    %pushi/vec4 0, 0, 32;
    %store/vec4 v000001238775fca0_0, 0, 32;
    %pushi/vec4 0, 0, 32;
    %store/vec4 v000001238775e440_0, 0, 32;
    %pushi/vec4 0, 0, 32;
    %store/vec4 v000001238775ebc0_0, 0, 32;
    %pushi/vec4 0, 0, 1;
    %store/vec4 v000001238775f700_0, 0, 1;
    %pushi/vec4 0, 0, 1;
    %store/vec4 v000001238775e4e0_0, 0, 1;
    %pushi/vec4 0, 0, 3;
    %store/vec4 v000001238775eb20_0, 0, 3;
    %pushi/vec4 0, 0, 32;
    %store/vec4 v000001238775f8e0_0, 0, 32;
    %pushi/vec4 0, 0, 32;
    %store/vec4 v000001238775fac0_0, 0, 32;
    %delay 10000, 0;
    %vpi_call 2 224 "$display", "\000" {0 0 0};
    %vpi_call 2 225 "$display", "==============================================" {0 0 0};
    %vpi_call 2 226 "$display", "       MEMORY INTERCONNECT VERIFICATION" {0 0 0};
    %vpi_call 2 227 "$display", "==============================================" {0 0 0};
    %vpi_call 2 228 "$display", "\000" {0 0 0};
    %pushi/vec4 32, 0, 32;
    %store/vec4 v000001238775e440_0, 0, 32;
    %pushi/vec4 3735928559, 0, 32;
    %store/vec4 v000001238775ebc0_0, 0, 32;
    %pushi/vec4 0, 0, 1;
    %store/vec4 v000001238775f700_0, 0, 1;
    %pushi/vec4 1, 0, 1;
    %store/vec4 v000001238775e4e0_0, 0, 1;
    %pushi/vec4 2, 0, 3;
    %store/vec4 v000001238775eb20_0, 0, 3;
    %delay 1000, 0;
    %load/vec4 v000001238775f660_0;
    %store/vec4 v00000123876bf640_0, 0, 1;
    %pushi/vec4 1, 0, 1;
    %store/vec4 v00000123876bf960_0, 0, 1;
    %pushi/vec4 0, 0, 32; draw_string_vec4
    %pushi/vec4 0, 0, 32; draw_string_vec4
    %concat/vec4; draw_string_vec4
    %pushi/vec4 0, 0, 32; draw_string_vec4
    %concat/vec4; draw_string_vec4
    %pushi/vec4 0, 0, 32; draw_string_vec4
    %concat/vec4; draw_string_vec4
    %pushi/vec4 0, 0, 32; draw_string_vec4
    %concat/vec4; draw_string_vec4
    %pushi/vec4 0, 0, 32; draw_string_vec4
    %concat/vec4; draw_string_vec4
    %pushi/vec4 0, 0, 32; draw_string_vec4
    %concat/vec4; draw_string_vec4
    %pushi/vec4 0, 0, 32; draw_string_vec4
    %concat/vec4; draw_string_vec4
    %pushi/vec4 1380011296, 0, 32; draw_string_vec4
    %concat/vec4; draw_string_vec4
    %pushi/vec4 2003986804, 0, 32; draw_string_vec4
    %concat/vec4; draw_string_vec4
    %pushi/vec4 1696625509, 0, 32; draw_string_vec4
    %concat/vec4; draw_string_vec4
    %pushi/vec4 1818583924, 0, 32; draw_string_vec4
    %concat/vec4; draw_string_vec4
    %pushi/vec4 25956, 0, 16; draw_string_vec4
    %concat/vec4; draw_string_vec4
    %store/vec4 v00000123876bee20_0, 0, 400;
    %fork TD_memory_interconnect_tb.check_bit, S_00000123876cc7a0;
    %join;
    %load/vec4 v000001238775ec60_0;
    %store/vec4 v00000123876bf640_0, 0, 1;
    %pushi/vec4 0, 0, 1;
    %store/vec4 v00000123876bf960_0, 0, 1;
    %pushi/vec4 0, 0, 32; draw_string_vec4
    %pushi/vec4 0, 0, 32; draw_string_vec4
    %concat/vec4; draw_string_vec4
    %pushi/vec4 0, 0, 32; draw_string_vec4
    %concat/vec4; draw_string_vec4
    %pushi/vec4 0, 0, 32; draw_string_vec4
    %concat/vec4; draw_string_vec4
    %pushi/vec4 0, 0, 32; draw_string_vec4
    %concat/vec4; draw_string_vec4
    %pushi/vec4 1380011296, 0, 32; draw_string_vec4
    %concat/vec4; draw_string_vec4
    %pushi/vec4 1919246692, 0, 32; draw_string_vec4
    %concat/vec4; draw_string_vec4
    %pushi/vec4 543451507, 0, 32; draw_string_vec4
    %concat/vec4; draw_string_vec4
    %pushi/vec4 1633840229, 0, 32; draw_string_vec4
    %concat/vec4; draw_string_vec4
    %pushi/vec4 1679844469, 0, 32; draw_string_vec4
    %concat/vec4; draw_string_vec4
    %pushi/vec4 1919512167, 0, 32; draw_string_vec4
    %concat/vec4; draw_string_vec4
    %pushi/vec4 544698985, 0, 32; draw_string_vec4
    %concat/vec4; draw_string_vec4
    %pushi/vec4 29797, 0, 16; draw_string_vec4
    %concat/vec4; draw_string_vec4
    %store/vec4 v00000123876bee20_0, 0, 400;
    %fork TD_memory_interconnect_tb.check_bit, S_00000123876cc7a0;
    %join;
    %load/vec4 v000001238775e8a0_0;
    %store/vec4 v00000123876bf640_0, 0, 1;
    %pushi/vec4 0, 0, 1;
    %store/vec4 v00000123876bf960_0, 0, 1;
    %pushi/vec4 0, 0, 32; draw_string_vec4
    %pushi/vec4 0, 0, 32; draw_string_vec4
    %concat/vec4; draw_string_vec4
    %pushi/vec4 0, 0, 32; draw_string_vec4
    %concat/vec4; draw_string_vec4
    %pushi/vec4 1397244192, 0, 32; draw_string_vec4
    %concat/vec4; draw_string_vec4
    %pushi/vec4 2003986804, 0, 32; draw_string_vec4
    %concat/vec4; draw_string_vec4
    %pushi/vec4 1696624239, 0, 32; draw_string_vec4
    %concat/vec4; draw_string_vec4
    %pushi/vec4 1948283749, 0, 32; draw_string_vec4
    %concat/vec4; draw_string_vec4
    %pushi/vec4 1818583924, 0, 32; draw_string_vec4
    %concat/vec4; draw_string_vec4
    %pushi/vec4 1701060710, 0, 32; draw_string_vec4
    %concat/vec4; draw_string_vec4
    %pushi/vec4 1869750354, 0, 32; draw_string_vec4
    %concat/vec4; draw_string_vec4
    %pushi/vec4 1095573601, 0, 32; draw_string_vec4
    %concat/vec4; draw_string_vec4
    %pushi/vec4 1684304485, 0, 32; draw_string_vec4
    %concat/vec4; draw_string_vec4
    %pushi/vec4 29555, 0, 16; draw_string_vec4
    %concat/vec4; draw_string_vec4
    %store/vec4 v00000123876bee20_0, 0, 400;
    %fork TD_memory_interconnect_tb.check_bit, S_00000123876cc7a0;
    %join;
    %load/vec4 v000001238775e9e0_0;
    %store/vec4 v00000123876bef60_0, 0, 32;
    %pushi/vec4 32, 0, 32;
    %store/vec4 v00000123876bf000_0, 0, 32;
    %pushi/vec4 0, 0, 32; draw_string_vec4
    %pushi/vec4 0, 0, 32; draw_string_vec4
    %concat/vec4; draw_string_vec4
    %pushi/vec4 0, 0, 32; draw_string_vec4
    %concat/vec4; draw_string_vec4
    %pushi/vec4 0, 0, 32; draw_string_vec4
    %concat/vec4; draw_string_vec4
    %pushi/vec4 0, 0, 32; draw_string_vec4
    %concat/vec4; draw_string_vec4
    %pushi/vec4 0, 0, 32; draw_string_vec4
    %concat/vec4; draw_string_vec4
    %pushi/vec4 82, 0, 32; draw_string_vec4
    %concat/vec4; draw_string_vec4
    %pushi/vec4 1095573601, 0, 32; draw_string_vec4
    %concat/vec4; draw_string_vec4
    %pushi/vec4 1684304485, 0, 32; draw_string_vec4
    %concat/vec4; draw_string_vec4
    %pushi/vec4 1936924784, 0, 32; draw_string_vec4
    %concat/vec4; draw_string_vec4
    %pushi/vec4 1919905889, 0, 32; draw_string_vec4
    %concat/vec4; draw_string_vec4
    %pushi/vec4 1734440041, 0, 32; draw_string_vec4
    %concat/vec4; draw_string_vec4
    %pushi/vec4 28526, 0, 16; draw_string_vec4
    %concat/vec4; draw_string_vec4
    %store/vec4 v00000123876bece0_0, 0, 400;
    %fork TD_memory_interconnect_tb.check_signal, S_00000123876cc930;
    %join;
    %load/vec4 v000001238775e6c0_0;
    %store/vec4 v00000123876bef60_0, 0, 32;
    %pushi/vec4 3735928559, 0, 32;
    %store/vec4 v00000123876bf000_0, 0, 32;
    %pushi/vec4 0, 0, 32; draw_string_vec4
    %pushi/vec4 0, 0, 32; draw_string_vec4
    %concat/vec4; draw_string_vec4
    %pushi/vec4 0, 0, 32; draw_string_vec4
    %concat/vec4; draw_string_vec4
    %pushi/vec4 0, 0, 32; draw_string_vec4
    %concat/vec4; draw_string_vec4
    %pushi/vec4 0, 0, 32; draw_string_vec4
    %concat/vec4; draw_string_vec4
    %pushi/vec4 0, 0, 32; draw_string_vec4
    %concat/vec4; draw_string_vec4
    %pushi/vec4 1380011296, 0, 32; draw_string_vec4
    %concat/vec4; draw_string_vec4
    %pushi/vec4 2003986804, 0, 32; draw_string_vec4
    %concat/vec4; draw_string_vec4
    %pushi/vec4 1697473633, 0, 32; draw_string_vec4
    %concat/vec4; draw_string_vec4
    %pushi/vec4 1952522352, 0, 32; draw_string_vec4
    %concat/vec4; draw_string_vec4
    %pushi/vec4 1919905889, 0, 32; draw_string_vec4
    %concat/vec4; draw_string_vec4
    %pushi/vec4 1734440041, 0, 32; draw_string_vec4
    %concat/vec4; draw_string_vec4
    %pushi/vec4 28526, 0, 16; draw_string_vec4
    %concat/vec4; draw_string_vec4
    %store/vec4 v00000123876bece0_0, 0, 400;
    %fork TD_memory_interconnect_tb.check_signal, S_00000123876cc930;
    %join;
    %pushi/vec4 0, 0, 29;
    %load/vec4 v000001238775f2a0_0;
    %concat/vec4; draw_concat_vec4
    %store/vec4 v00000123876bef60_0, 0, 32;
    %pushi/vec4 2, 0, 32;
    %store/vec4 v00000123876bf000_0, 0, 32;
    %pushi/vec4 0, 0, 32; draw_string_vec4
    %pushi/vec4 0, 0, 32; draw_string_vec4
    %concat/vec4; draw_string_vec4
    %pushi/vec4 0, 0, 32; draw_string_vec4
    %concat/vec4; draw_string_vec4
    %pushi/vec4 0, 0, 32; draw_string_vec4
    %concat/vec4; draw_string_vec4
    %pushi/vec4 0, 0, 32; draw_string_vec4
    %concat/vec4; draw_string_vec4
    %pushi/vec4 0, 0, 32; draw_string_vec4
    %concat/vec4; draw_string_vec4
    %pushi/vec4 0, 0, 32; draw_string_vec4
    %concat/vec4; draw_string_vec4
    %pushi/vec4 1380011296, 0, 32; draw_string_vec4
    %concat/vec4; draw_string_vec4
    %pushi/vec4 1718972003, 0, 32; draw_string_vec4
    %concat/vec4; draw_string_vec4
    %pushi/vec4 1949507696, 0, 32; draw_string_vec4
    %concat/vec4; draw_string_vec4
    %pushi/vec4 1919905889, 0, 32; draw_string_vec4
    %concat/vec4; draw_string_vec4
    %pushi/vec4 1734440041, 0, 32; draw_string_vec4
    %concat/vec4; draw_string_vec4
    %pushi/vec4 28526, 0, 16; draw_string_vec4
    %concat/vec4; draw_string_vec4
    %store/vec4 v00000123876bece0_0, 0, 400;
    %fork TD_memory_interconnect_tb.check_signal, S_00000123876cc930;
    %join;
    %pushi/vec4 64, 0, 32;
    %store/vec4 v000001238775e440_0, 0, 32;
    %pushi/vec4 0, 0, 32;
    %store/vec4 v000001238775ebc0_0, 0, 32;
    %pushi/vec4 1, 0, 1;
    %store/vec4 v000001238775f700_0, 0, 1;
    %pushi/vec4 0, 0, 1;
    %store/vec4 v000001238775e4e0_0, 0, 1;
    %pushi/vec4 2, 0, 3;
    %store/vec4 v000001238775eb20_0, 0, 3;
    %pushi/vec4 305419896, 0, 32;
    %store/vec4 v000001238775f8e0_0, 0, 32;
    %delay 1000, 0;
    %load/vec4 v000001238775ec60_0;
    %store/vec4 v00000123876bf640_0, 0, 1;
    %pushi/vec4 1, 0, 1;
    %store/vec4 v00000123876bf960_0, 0, 1;
    %pushi/vec4 0, 0, 32; draw_string_vec4
    %pushi/vec4 0, 0, 32; draw_string_vec4
    %concat/vec4; draw_string_vec4
    %pushi/vec4 0, 0, 32; draw_string_vec4
    %concat/vec4; draw_string_vec4
    %pushi/vec4 0, 0, 32; draw_string_vec4
    %concat/vec4; draw_string_vec4
    %pushi/vec4 0, 0, 32; draw_string_vec4
    %concat/vec4; draw_string_vec4
    %pushi/vec4 0, 0, 32; draw_string_vec4
    %concat/vec4; draw_string_vec4
    %pushi/vec4 0, 0, 32; draw_string_vec4
    %concat/vec4; draw_string_vec4
    %pushi/vec4 0, 0, 32; draw_string_vec4
    %concat/vec4; draw_string_vec4
    %pushi/vec4 5390669, 0, 32; draw_string_vec4
    %concat/vec4; draw_string_vec4
    %pushi/vec4 544367969, 0, 32; draw_string_vec4
    %concat/vec4; draw_string_vec4
    %pushi/vec4 1679848293, 0, 32; draw_string_vec4
    %concat/vec4; draw_string_vec4
    %pushi/vec4 1818583924, 0, 32; draw_string_vec4
    %concat/vec4; draw_string_vec4
    %pushi/vec4 25956, 0, 16; draw_string_vec4
    %concat/vec4; draw_string_vec4
    %store/vec4 v00000123876bee20_0, 0, 400;
    %fork TD_memory_interconnect_tb.check_bit, S_00000123876cc7a0;
    %join;
    %load/vec4 v000001238775f660_0;
    %store/vec4 v00000123876bf640_0, 0, 1;
    %pushi/vec4 0, 0, 1;
    %store/vec4 v00000123876bf960_0, 0, 1;
    %pushi/vec4 0, 0, 32; draw_string_vec4
    %pushi/vec4 0, 0, 32; draw_string_vec4
    %concat/vec4; draw_string_vec4
    %pushi/vec4 0, 0, 32; draw_string_vec4
    %concat/vec4; draw_string_vec4
    %pushi/vec4 0, 0, 32; draw_string_vec4
    %concat/vec4; draw_string_vec4
    %pushi/vec4 0, 0, 32; draw_string_vec4
    %concat/vec4; draw_string_vec4
    %pushi/vec4 1380011296, 0, 32; draw_string_vec4
    %concat/vec4; draw_string_vec4
    %pushi/vec4 2003986804, 0, 32; draw_string_vec4
    %concat/vec4; draw_string_vec4
    %pushi/vec4 1696621673, 0, 32; draw_string_vec4
    %concat/vec4; draw_string_vec4
    %pushi/vec4 1935762028, 0, 32; draw_string_vec4
    %concat/vec4; draw_string_vec4
    %pushi/vec4 1701060708, 0, 32; draw_string_vec4
    %concat/vec4; draw_string_vec4
    %pushi/vec4 1970432366, 0, 32; draw_string_vec4
    %concat/vec4; draw_string_vec4
    %pushi/vec4 1730179685, 0, 32; draw_string_vec4
    %concat/vec4; draw_string_vec4
    %pushi/vec4 24932, 0, 16; draw_string_vec4
    %concat/vec4; draw_string_vec4
    %store/vec4 v00000123876bee20_0, 0, 400;
    %fork TD_memory_interconnect_tb.check_bit, S_00000123876cc7a0;
    %join;
    %load/vec4 v000001238775e800_0;
    %store/vec4 v00000123876bef60_0, 0, 32;
    %pushi/vec4 305419896, 0, 32;
    %store/vec4 v00000123876bf000_0, 0, 32;
    %pushi/vec4 0, 0, 32; draw_string_vec4
    %pushi/vec4 0, 0, 32; draw_string_vec4
    %concat/vec4; draw_string_vec4
    %pushi/vec4 0, 0, 32; draw_string_vec4
    %concat/vec4; draw_string_vec4
    %pushi/vec4 0, 0, 32; draw_string_vec4
    %concat/vec4; draw_string_vec4
    %pushi/vec4 0, 0, 32; draw_string_vec4
    %concat/vec4; draw_string_vec4
    %pushi/vec4 5390669, 0, 32; draw_string_vec4
    %concat/vec4; draw_string_vec4
    %pushi/vec4 544367969, 0, 32; draw_string_vec4
    %concat/vec4; draw_string_vec4
    %pushi/vec4 1680696417, 0, 32; draw_string_vec4
    %concat/vec4; draw_string_vec4
    %pushi/vec4 1952522354, 0, 32; draw_string_vec4
    %concat/vec4; draw_string_vec4
    %pushi/vec4 1702131058, 0, 32; draw_string_vec4
    %concat/vec4; draw_string_vec4
    %pushi/vec4 1852138528, 0, 32; draw_string_vec4
    %concat/vec4; draw_string_vec4
    %pushi/vec4 1953439811, 0, 32; draw_string_vec4
    %concat/vec4; draw_string_vec4
    %pushi/vec4 20565, 0, 16; draw_string_vec4
    %concat/vec4; draw_string_vec4
    %store/vec4 v00000123876bece0_0, 0, 400;
    %fork TD_memory_interconnect_tb.check_signal, S_00000123876cc930;
    %join;
    %pushi/vec4 268435488, 0, 32;
    %store/vec4 v000001238775e440_0, 0, 32;
    %pushi/vec4 3405691582, 0, 32;
    %store/vec4 v000001238775ebc0_0, 0, 32;
    %pushi/vec4 0, 0, 1;
    %store/vec4 v000001238775f700_0, 0, 1;
    %pushi/vec4 1, 0, 1;
    %store/vec4 v000001238775e4e0_0, 0, 1;
    %pushi/vec4 2, 0, 3;
    %store/vec4 v000001238775eb20_0, 0, 3;
    %delay 1000, 0;
    %load/vec4 v000001238775e8a0_0;
    %store/vec4 v00000123876bf640_0, 0, 1;
    %pushi/vec4 1, 0, 1;
    %store/vec4 v00000123876bf960_0, 0, 1;
    %pushi/vec4 0, 0, 32; draw_string_vec4
    %pushi/vec4 0, 0, 32; draw_string_vec4
    %concat/vec4; draw_string_vec4
    %pushi/vec4 0, 0, 32; draw_string_vec4
    %concat/vec4; draw_string_vec4
    %pushi/vec4 0, 0, 32; draw_string_vec4
    %concat/vec4; draw_string_vec4
    %pushi/vec4 0, 0, 32; draw_string_vec4
    %concat/vec4; draw_string_vec4
    %pushi/vec4 0, 0, 32; draw_string_vec4
    %concat/vec4; draw_string_vec4
    %pushi/vec4 0, 0, 32; draw_string_vec4
    %concat/vec4; draw_string_vec4
    %pushi/vec4 0, 0, 32; draw_string_vec4
    %concat/vec4; draw_string_vec4
    %pushi/vec4 1397244192, 0, 32; draw_string_vec4
    %concat/vec4; draw_string_vec4
    %pushi/vec4 2003986804, 0, 32; draw_string_vec4
    %concat/vec4; draw_string_vec4
    %pushi/vec4 1696625509, 0, 32; draw_string_vec4
    %concat/vec4; draw_string_vec4
    %pushi/vec4 1818583924, 0, 32; draw_string_vec4
    %concat/vec4; draw_string_vec4
    %pushi/vec4 25956, 0, 16; draw_string_vec4
    %concat/vec4; draw_string_vec4
    %store/vec4 v00000123876bee20_0, 0, 400;
    %fork TD_memory_interconnect_tb.check_bit, S_00000123876cc7a0;
    %join;
    %load/vec4 v000001238775eda0_0;
    %store/vec4 v00000123876bf640_0, 0, 1;
    %pushi/vec4 0, 0, 1;
    %store/vec4 v00000123876bf960_0, 0, 1;
    %pushi/vec4 0, 0, 32; draw_string_vec4
    %pushi/vec4 0, 0, 32; draw_string_vec4
    %concat/vec4; draw_string_vec4
    %pushi/vec4 0, 0, 32; draw_string_vec4
    %concat/vec4; draw_string_vec4
    %pushi/vec4 0, 0, 32; draw_string_vec4
    %concat/vec4; draw_string_vec4
    %pushi/vec4 0, 0, 32; draw_string_vec4
    %concat/vec4; draw_string_vec4
    %pushi/vec4 1397244192, 0, 32; draw_string_vec4
    %concat/vec4; draw_string_vec4
    %pushi/vec4 1919246692, 0, 32; draw_string_vec4
    %concat/vec4; draw_string_vec4
    %pushi/vec4 543451507, 0, 32; draw_string_vec4
    %concat/vec4; draw_string_vec4
    %pushi/vec4 1633840229, 0, 32; draw_string_vec4
    %concat/vec4; draw_string_vec4
    %pushi/vec4 1679844469, 0, 32; draw_string_vec4
    %concat/vec4; draw_string_vec4
    %pushi/vec4 1919512167, 0, 32; draw_string_vec4
    %concat/vec4; draw_string_vec4
    %pushi/vec4 544698985, 0, 32; draw_string_vec4
    %concat/vec4; draw_string_vec4
    %pushi/vec4 29797, 0, 16; draw_string_vec4
    %concat/vec4; draw_string_vec4
    %store/vec4 v00000123876bee20_0, 0, 400;
    %fork TD_memory_interconnect_tb.check_bit, S_00000123876cc7a0;
    %join;
    %load/vec4 v000001238775f660_0;
    %store/vec4 v00000123876bf640_0, 0, 1;
    %pushi/vec4 0, 0, 1;
    %store/vec4 v00000123876bf960_0, 0, 1;
    %pushi/vec4 0, 0, 32; draw_string_vec4
    %pushi/vec4 0, 0, 32; draw_string_vec4
    %concat/vec4; draw_string_vec4
    %pushi/vec4 0, 0, 32; draw_string_vec4
    %concat/vec4; draw_string_vec4
    %pushi/vec4 1380011296, 0, 32; draw_string_vec4
    %concat/vec4; draw_string_vec4
    %pushi/vec4 2003986804, 0, 32; draw_string_vec4
    %concat/vec4; draw_string_vec4
    %pushi/vec4 1696624239, 0, 32; draw_string_vec4
    %concat/vec4; draw_string_vec4
    %pushi/vec4 1948283749, 0, 32; draw_string_vec4
    %concat/vec4; draw_string_vec4
    %pushi/vec4 1818583924, 0, 32; draw_string_vec4
    %concat/vec4; draw_string_vec4
    %pushi/vec4 1701060710, 0, 32; draw_string_vec4
    %concat/vec4; draw_string_vec4
    %pushi/vec4 1869750355, 0, 32; draw_string_vec4
    %concat/vec4; draw_string_vec4
    %pushi/vec4 1212227681, 0, 32; draw_string_vec4
    %concat/vec4; draw_string_vec4
    %pushi/vec4 1684304485, 0, 32; draw_string_vec4
    %concat/vec4; draw_string_vec4
    %pushi/vec4 29555, 0, 16; draw_string_vec4
    %concat/vec4; draw_string_vec4
    %store/vec4 v00000123876bee20_0, 0, 400;
    %fork TD_memory_interconnect_tb.check_bit, S_00000123876cc7a0;
    %join;
    %load/vec4 v000001238775ed00_0;
    %store/vec4 v00000123876bef60_0, 0, 32;
    %pushi/vec4 268435488, 0, 32;
    %store/vec4 v00000123876bf000_0, 0, 32;
    %pushi/vec4 0, 0, 32; draw_string_vec4
    %pushi/vec4 0, 0, 32; draw_string_vec4
    %concat/vec4; draw_string_vec4
    %pushi/vec4 0, 0, 32; draw_string_vec4
    %concat/vec4; draw_string_vec4
    %pushi/vec4 0, 0, 32; draw_string_vec4
    %concat/vec4; draw_string_vec4
    %pushi/vec4 0, 0, 32; draw_string_vec4
    %concat/vec4; draw_string_vec4
    %pushi/vec4 0, 0, 32; draw_string_vec4
    %concat/vec4; draw_string_vec4
    %pushi/vec4 83, 0, 32; draw_string_vec4
    %concat/vec4; draw_string_vec4
    %pushi/vec4 1212227681, 0, 32; draw_string_vec4
    %concat/vec4; draw_string_vec4
    %pushi/vec4 1684304485, 0, 32; draw_string_vec4
    %concat/vec4; draw_string_vec4
    %pushi/vec4 1936924784, 0, 32; draw_string_vec4
    %concat/vec4; draw_string_vec4
    %pushi/vec4 1919905889, 0, 32; draw_string_vec4
    %concat/vec4; draw_string_vec4
    %pushi/vec4 1734440041, 0, 32; draw_string_vec4
    %concat/vec4; draw_string_vec4
    %pushi/vec4 28526, 0, 16; draw_string_vec4
    %concat/vec4; draw_string_vec4
    %store/vec4 v00000123876bece0_0, 0, 400;
    %fork TD_memory_interconnect_tb.check_signal, S_00000123876cc930;
    %join;
    %load/vec4 v000001238775e620_0;
    %store/vec4 v00000123876bef60_0, 0, 32;
    %pushi/vec4 3405691582, 0, 32;
    %store/vec4 v00000123876bf000_0, 0, 32;
    %pushi/vec4 0, 0, 32; draw_string_vec4
    %pushi/vec4 0, 0, 32; draw_string_vec4
    %concat/vec4; draw_string_vec4
    %pushi/vec4 0, 0, 32; draw_string_vec4
    %concat/vec4; draw_string_vec4
    %pushi/vec4 0, 0, 32; draw_string_vec4
    %concat/vec4; draw_string_vec4
    %pushi/vec4 0, 0, 32; draw_string_vec4
    %concat/vec4; draw_string_vec4
    %pushi/vec4 0, 0, 32; draw_string_vec4
    %concat/vec4; draw_string_vec4
    %pushi/vec4 1397244192, 0, 32; draw_string_vec4
    %concat/vec4; draw_string_vec4
    %pushi/vec4 2003986804, 0, 32; draw_string_vec4
    %concat/vec4; draw_string_vec4
    %pushi/vec4 1697473633, 0, 32; draw_string_vec4
    %concat/vec4; draw_string_vec4
    %pushi/vec4 1952522352, 0, 32; draw_string_vec4
    %concat/vec4; draw_string_vec4
    %pushi/vec4 1919905889, 0, 32; draw_string_vec4
    %concat/vec4; draw_string_vec4
    %pushi/vec4 1734440041, 0, 32; draw_string_vec4
    %concat/vec4; draw_string_vec4
    %pushi/vec4 28526, 0, 16; draw_string_vec4
    %concat/vec4; draw_string_vec4
    %store/vec4 v00000123876bece0_0, 0, 400;
    %fork TD_memory_interconnect_tb.check_signal, S_00000123876cc930;
    %join;
    %pushi/vec4 0, 0, 29;
    %load/vec4 v000001238775e580_0;
    %concat/vec4; draw_concat_vec4
    %store/vec4 v00000123876bef60_0, 0, 32;
    %pushi/vec4 2, 0, 32;
    %store/vec4 v00000123876bf000_0, 0, 32;
    %pushi/vec4 0, 0, 32; draw_string_vec4
    %pushi/vec4 0, 0, 32; draw_string_vec4
    %concat/vec4; draw_string_vec4
    %pushi/vec4 0, 0, 32; draw_string_vec4
    %concat/vec4; draw_string_vec4
    %pushi/vec4 0, 0, 32; draw_string_vec4
    %concat/vec4; draw_string_vec4
    %pushi/vec4 0, 0, 32; draw_string_vec4
    %concat/vec4; draw_string_vec4
    %pushi/vec4 0, 0, 32; draw_string_vec4
    %concat/vec4; draw_string_vec4
    %pushi/vec4 0, 0, 32; draw_string_vec4
    %concat/vec4; draw_string_vec4
    %pushi/vec4 1397244192, 0, 32; draw_string_vec4
    %concat/vec4; draw_string_vec4
    %pushi/vec4 1718972003, 0, 32; draw_string_vec4
    %concat/vec4; draw_string_vec4
    %pushi/vec4 1949507696, 0, 32; draw_string_vec4
    %concat/vec4; draw_string_vec4
    %pushi/vec4 1919905889, 0, 32; draw_string_vec4
    %concat/vec4; draw_string_vec4
    %pushi/vec4 1734440041, 0, 32; draw_string_vec4
    %concat/vec4; draw_string_vec4
    %pushi/vec4 28526, 0, 16; draw_string_vec4
    %concat/vec4; draw_string_vec4
    %store/vec4 v00000123876bece0_0, 0, 400;
    %fork TD_memory_interconnect_tb.check_signal, S_00000123876cc930;
    %join;
    %pushi/vec4 268435520, 0, 32;
    %store/vec4 v000001238775e440_0, 0, 32;
    %pushi/vec4 0, 0, 32;
    %store/vec4 v000001238775ebc0_0, 0, 32;
    %pushi/vec4 1, 0, 1;
    %store/vec4 v000001238775f700_0, 0, 1;
    %pushi/vec4 0, 0, 1;
    %store/vec4 v000001238775e4e0_0, 0, 1;
    %pushi/vec4 2, 0, 3;
    %store/vec4 v000001238775eb20_0, 0, 3;
    %pushi/vec4 4207809076, 0, 32;
    %store/vec4 v000001238775fac0_0, 0, 32;
    %delay 1000, 0;
    %load/vec4 v000001238775eda0_0;
    %store/vec4 v00000123876bf640_0, 0, 1;
    %pushi/vec4 1, 0, 1;
    %store/vec4 v00000123876bf960_0, 0, 1;
    %pushi/vec4 0, 0, 32; draw_string_vec4
    %pushi/vec4 0, 0, 32; draw_string_vec4
    %concat/vec4; draw_string_vec4
    %pushi/vec4 0, 0, 32; draw_string_vec4
    %concat/vec4; draw_string_vec4
    %pushi/vec4 0, 0, 32; draw_string_vec4
    %concat/vec4; draw_string_vec4
    %pushi/vec4 0, 0, 32; draw_string_vec4
    %concat/vec4; draw_string_vec4
    %pushi/vec4 0, 0, 32; draw_string_vec4
    %concat/vec4; draw_string_vec4
    %pushi/vec4 0, 0, 32; draw_string_vec4
    %concat/vec4; draw_string_vec4
    %pushi/vec4 0, 0, 32; draw_string_vec4
    %concat/vec4; draw_string_vec4
    %pushi/vec4 5457985, 0, 32; draw_string_vec4
    %concat/vec4; draw_string_vec4
    %pushi/vec4 544367969, 0, 32; draw_string_vec4
    %concat/vec4; draw_string_vec4
    %pushi/vec4 1679848293, 0, 32; draw_string_vec4
    %concat/vec4; draw_string_vec4
    %pushi/vec4 1818583924, 0, 32; draw_string_vec4
    %concat/vec4; draw_string_vec4
    %pushi/vec4 25956, 0, 16; draw_string_vec4
    %concat/vec4; draw_string_vec4
    %store/vec4 v00000123876bee20_0, 0, 400;
    %fork TD_memory_interconnect_tb.check_bit, S_00000123876cc7a0;
    %join;
    %load/vec4 v000001238775e8a0_0;
    %store/vec4 v00000123876bf640_0, 0, 1;
    %pushi/vec4 0, 0, 1;
    %store/vec4 v00000123876bf960_0, 0, 1;
    %pushi/vec4 0, 0, 32; draw_string_vec4
    %pushi/vec4 0, 0, 32; draw_string_vec4
    %concat/vec4; draw_string_vec4
    %pushi/vec4 0, 0, 32; draw_string_vec4
    %concat/vec4; draw_string_vec4
    %pushi/vec4 0, 0, 32; draw_string_vec4
    %concat/vec4; draw_string_vec4
    %pushi/vec4 0, 0, 32; draw_string_vec4
    %concat/vec4; draw_string_vec4
    %pushi/vec4 1397244192, 0, 32; draw_string_vec4
    %concat/vec4; draw_string_vec4
    %pushi/vec4 2003986804, 0, 32; draw_string_vec4
    %concat/vec4; draw_string_vec4
    %pushi/vec4 1696621673, 0, 32; draw_string_vec4
    %concat/vec4; draw_string_vec4
    %pushi/vec4 1935762028, 0, 32; draw_string_vec4
    %concat/vec4; draw_string_vec4
    %pushi/vec4 1701060708, 0, 32; draw_string_vec4
    %concat/vec4; draw_string_vec4
    %pushi/vec4 1970432366, 0, 32; draw_string_vec4
    %concat/vec4; draw_string_vec4
    %pushi/vec4 1730179685, 0, 32; draw_string_vec4
    %concat/vec4; draw_string_vec4
    %pushi/vec4 24932, 0, 16; draw_string_vec4
    %concat/vec4; draw_string_vec4
    %store/vec4 v00000123876bee20_0, 0, 400;
    %fork TD_memory_interconnect_tb.check_bit, S_00000123876cc7a0;
    %join;
    %load/vec4 v000001238775e800_0;
    %store/vec4 v00000123876bef60_0, 0, 32;
    %pushi/vec4 4207809076, 0, 32;
    %store/vec4 v00000123876bf000_0, 0, 32;
    %pushi/vec4 0, 0, 32; draw_string_vec4
    %pushi/vec4 0, 0, 32; draw_string_vec4
    %concat/vec4; draw_string_vec4
    %pushi/vec4 0, 0, 32; draw_string_vec4
    %concat/vec4; draw_string_vec4
    %pushi/vec4 0, 0, 32; draw_string_vec4
    %concat/vec4; draw_string_vec4
    %pushi/vec4 0, 0, 32; draw_string_vec4
    %concat/vec4; draw_string_vec4
    %pushi/vec4 5457985, 0, 32; draw_string_vec4
    %concat/vec4; draw_string_vec4
    %pushi/vec4 544367969, 0, 32; draw_string_vec4
    %concat/vec4; draw_string_vec4
    %pushi/vec4 1680696417, 0, 32; draw_string_vec4
    %concat/vec4; draw_string_vec4
    %pushi/vec4 1952522354, 0, 32; draw_string_vec4
    %concat/vec4; draw_string_vec4
    %pushi/vec4 1702131058, 0, 32; draw_string_vec4
    %concat/vec4; draw_string_vec4
    %pushi/vec4 1852138528, 0, 32; draw_string_vec4
    %concat/vec4; draw_string_vec4
    %pushi/vec4 1953439811, 0, 32; draw_string_vec4
    %concat/vec4; draw_string_vec4
    %pushi/vec4 20565, 0, 16; draw_string_vec4
    %concat/vec4; draw_string_vec4
    %store/vec4 v00000123876bece0_0, 0, 400;
    %fork TD_memory_interconnect_tb.check_signal, S_00000123876cc930;
    %join;
    %load/vec4 v000001238775ec60_0;
    %store/vec4 v00000123876bf640_0, 0, 1;
    %pushi/vec4 0, 0, 1;
    %store/vec4 v00000123876bf960_0, 0, 1;
    %pushi/vec4 0, 0, 32; draw_string_vec4
    %pushi/vec4 0, 0, 32; draw_string_vec4
    %concat/vec4; draw_string_vec4
    %pushi/vec4 0, 0, 32; draw_string_vec4
    %concat/vec4; draw_string_vec4
    %pushi/vec4 0, 0, 32; draw_string_vec4
    %concat/vec4; draw_string_vec4
    %pushi/vec4 0, 0, 32; draw_string_vec4
    %concat/vec4; draw_string_vec4
    %pushi/vec4 0, 0, 32; draw_string_vec4
    %concat/vec4; draw_string_vec4
    %pushi/vec4 1380011296, 0, 32; draw_string_vec4
    %concat/vec4; draw_string_vec4
    %pushi/vec4 1769172844, 0, 32; draw_string_vec4
    %concat/vec4; draw_string_vec4
    %pushi/vec4 1635018084, 0, 32; draw_string_vec4
    %concat/vec4; draw_string_vec4
    %pushi/vec4 543584879, 0, 32; draw_string_vec4
    %concat/vec4; draw_string_vec4
    %pushi/vec4 1830835016, 0, 32; draw_string_vec4
    %concat/vec4; draw_string_vec4
    %pushi/vec4 1092645477, 0, 32; draw_string_vec4
    %concat/vec4; draw_string_vec4
    %pushi/vec4 24932, 0, 16; draw_string_vec4
    %concat/vec4; draw_string_vec4
    %store/vec4 v00000123876bee20_0, 0, 400;
    %fork TD_memory_interconnect_tb.check_bit, S_00000123876cc7a0;
    %join;
    %pushi/vec4 805306368, 0, 32;
    %store/vec4 v000001238775e440_0, 0, 32;
    %pushi/vec4 2863311530, 0, 32;
    %store/vec4 v000001238775ebc0_0, 0, 32;
    %pushi/vec4 1, 0, 1;
    %store/vec4 v000001238775f700_0, 0, 1;
    %pushi/vec4 0, 0, 1;
    %store/vec4 v000001238775e4e0_0, 0, 1;
    %pushi/vec4 2, 0, 3;
    %store/vec4 v000001238775eb20_0, 0, 3;
    %delay 1000, 0;
    %load/vec4 v000001238775ec60_0;
    %store/vec4 v00000123876bf640_0, 0, 1;
    %pushi/vec4 0, 0, 1;
    %store/vec4 v00000123876bf960_0, 0, 1;
    %pushi/vec4 0, 0, 32; draw_string_vec4
    %pushi/vec4 0, 0, 32; draw_string_vec4
    %concat/vec4; draw_string_vec4
    %pushi/vec4 0, 0, 32; draw_string_vec4
    %concat/vec4; draw_string_vec4
    %pushi/vec4 21057, 0, 32; draw_string_vec4
    %concat/vec4; draw_string_vec4
    %pushi/vec4 1293968489, 0, 32; draw_string_vec4
    %concat/vec4; draw_string_vec4
    %pushi/vec4 1935762028, 0, 32; draw_string_vec4
    %concat/vec4; draw_string_vec4
    %pushi/vec4 1701060710, 0, 32; draw_string_vec4
    %concat/vec4; draw_string_vec4
    %pushi/vec4 1869750389, 0, 32; draw_string_vec4
    %concat/vec4; draw_string_vec4
    %pushi/vec4 1853060464, 0, 32; draw_string_vec4
    %concat/vec4; draw_string_vec4
    %pushi/vec4 1886351988, 0, 32; draw_string_vec4
    %concat/vec4; draw_string_vec4
    %pushi/vec4 1701060705, 0, 32; draw_string_vec4
    %concat/vec4; draw_string_vec4
    %pushi/vec4 1684304485, 0, 32; draw_string_vec4
    %concat/vec4; draw_string_vec4
    %pushi/vec4 29555, 0, 16; draw_string_vec4
    %concat/vec4; draw_string_vec4
    %store/vec4 v00000123876bee20_0, 0, 400;
    %fork TD_memory_interconnect_tb.check_bit, S_00000123876cc7a0;
    %join;
    %load/vec4 v000001238775eda0_0;
    %store/vec4 v00000123876bf640_0, 0, 1;
    %pushi/vec4 0, 0, 1;
    %store/vec4 v00000123876bf960_0, 0, 1;
    %pushi/vec4 0, 0, 32; draw_string_vec4
    %pushi/vec4 0, 0, 32; draw_string_vec4
    %concat/vec4; draw_string_vec4
    %pushi/vec4 0, 0, 32; draw_string_vec4
    %concat/vec4; draw_string_vec4
    %pushi/vec4 21320, 0, 32; draw_string_vec4
    %concat/vec4; draw_string_vec4
    %pushi/vec4 1092641897, 0, 32; draw_string_vec4
    %concat/vec4; draw_string_vec4
    %pushi/vec4 1935762028, 0, 32; draw_string_vec4
    %concat/vec4; draw_string_vec4
    %pushi/vec4 1701060710, 0, 32; draw_string_vec4
    %concat/vec4; draw_string_vec4
    %pushi/vec4 1869750389, 0, 32; draw_string_vec4
    %concat/vec4; draw_string_vec4
    %pushi/vec4 1853060464, 0, 32; draw_string_vec4
    %concat/vec4; draw_string_vec4
    %pushi/vec4 1886351988, 0, 32; draw_string_vec4
    %concat/vec4; draw_string_vec4
    %pushi/vec4 1701060705, 0, 32; draw_string_vec4
    %concat/vec4; draw_string_vec4
    %pushi/vec4 1684304485, 0, 32; draw_string_vec4
    %concat/vec4; draw_string_vec4
    %pushi/vec4 29555, 0, 16; draw_string_vec4
    %concat/vec4; draw_string_vec4
    %store/vec4 v00000123876bee20_0, 0, 400;
    %fork TD_memory_interconnect_tb.check_bit, S_00000123876cc7a0;
    %join;
    %load/vec4 v000001238775e800_0;
    %store/vec4 v00000123876bef60_0, 0, 32;
    %pushi/vec4 0, 0, 32;
    %store/vec4 v00000123876bf000_0, 0, 32;
    %pushi/vec4 0, 0, 32; draw_string_vec4
    %pushi/vec4 0, 0, 32; draw_string_vec4
    %concat/vec4; draw_string_vec4
    %pushi/vec4 0, 0, 32; draw_string_vec4
    %concat/vec4; draw_string_vec4
    %pushi/vec4 0, 0, 32; draw_string_vec4
    %concat/vec4; draw_string_vec4
    %pushi/vec4 0, 0, 32; draw_string_vec4
    %concat/vec4; draw_string_vec4
    %pushi/vec4 5598835, 0, 32; draw_string_vec4
    %concat/vec4; draw_string_vec4
    %pushi/vec4 1970303087, 0, 32; draw_string_vec4
    %concat/vec4; draw_string_vec4
    %pushi/vec4 1920230756, 0, 32; draw_string_vec4
    %concat/vec4; draw_string_vec4
    %pushi/vec4 544367969, 0, 32; draw_string_vec4
    %concat/vec4; draw_string_vec4
    %pushi/vec4 1679848037, 0, 32; draw_string_vec4
    %concat/vec4; draw_string_vec4
    %pushi/vec4 1953854062, 0, 32; draw_string_vec4
    %concat/vec4; draw_string_vec4
    %pushi/vec4 1931508325, 0, 32; draw_string_vec4
    %concat/vec4; draw_string_vec4
    %pushi/vec4 29295, 0, 16; draw_string_vec4
    %concat/vec4; draw_string_vec4
    %store/vec4 v00000123876bece0_0, 0, 400;
    %fork TD_memory_interconnect_tb.check_signal, S_00000123876cc930;
    %join;
    %pushi/vec4 805306368, 0, 32;
    %store/vec4 v000001238775e440_0, 0, 32;
    %pushi/vec4 0, 0, 1;
    %store/vec4 v000001238775f700_0, 0, 1;
    %pushi/vec4 1, 0, 1;
    %store/vec4 v000001238775e4e0_0, 0, 1;
    %delay 1000, 0;
    %load/vec4 v000001238775f660_0;
    %store/vec4 v00000123876bf640_0, 0, 1;
    %pushi/vec4 0, 0, 1;
    %store/vec4 v00000123876bf960_0, 0, 1;
    %pushi/vec4 0, 0, 32; draw_string_vec4
    %pushi/vec4 0, 0, 32; draw_string_vec4
    %concat/vec4; draw_string_vec4
    %pushi/vec4 0, 0, 32; draw_string_vec4
    %concat/vec4; draw_string_vec4
    %pushi/vec4 0, 0, 32; draw_string_vec4
    %concat/vec4; draw_string_vec4
    %pushi/vec4 1380011296, 0, 32; draw_string_vec4
    %concat/vec4; draw_string_vec4
    %pushi/vec4 1684632417, 0, 32; draw_string_vec4
    %concat/vec4; draw_string_vec4
    %pushi/vec4 1651271012, 0, 32; draw_string_vec4
    %concat/vec4; draw_string_vec4
    %pushi/vec4 543584114, 0, 32; draw_string_vec4
    %concat/vec4; draw_string_vec4
    %pushi/vec4 544566899, 0, 32; draw_string_vec4
    %concat/vec4; draw_string_vec4
    %pushi/vec4 1970303087, 0, 32; draw_string_vec4
    %concat/vec4; draw_string_vec4
    %pushi/vec4 1920230756, 0, 32; draw_string_vec4
    %concat/vec4; draw_string_vec4
    %pushi/vec4 544698985, 0, 32; draw_string_vec4
    %concat/vec4; draw_string_vec4
    %pushi/vec4 29797, 0, 16; draw_string_vec4
    %concat/vec4; draw_string_vec4
    %store/vec4 v00000123876bee20_0, 0, 400;
    %fork TD_memory_interconnect_tb.check_bit, S_00000123876cc7a0;
    %join;
    %load/vec4 v000001238775e8a0_0;
    %store/vec4 v00000123876bf640_0, 0, 1;
    %pushi/vec4 0, 0, 1;
    %store/vec4 v00000123876bf960_0, 0, 1;
    %pushi/vec4 0, 0, 32; draw_string_vec4
    %pushi/vec4 0, 0, 32; draw_string_vec4
    %concat/vec4; draw_string_vec4
    %pushi/vec4 0, 0, 32; draw_string_vec4
    %concat/vec4; draw_string_vec4
    %pushi/vec4 0, 0, 32; draw_string_vec4
    %concat/vec4; draw_string_vec4
    %pushi/vec4 1397244192, 0, 32; draw_string_vec4
    %concat/vec4; draw_string_vec4
    %pushi/vec4 1684632417, 0, 32; draw_string_vec4
    %concat/vec4; draw_string_vec4
    %pushi/vec4 1651271012, 0, 32; draw_string_vec4
    %concat/vec4; draw_string_vec4
    %pushi/vec4 543584114, 0, 32; draw_string_vec4
    %concat/vec4; draw_string_vec4
    %pushi/vec4 544566899, 0, 32; draw_string_vec4
    %concat/vec4; draw_string_vec4
    %pushi/vec4 1970303087, 0, 32; draw_string_vec4
    %concat/vec4; draw_string_vec4
    %pushi/vec4 1920230756, 0, 32; draw_string_vec4
    %concat/vec4; draw_string_vec4
    %pushi/vec4 544698985, 0, 32; draw_string_vec4
    %concat/vec4; draw_string_vec4
    %pushi/vec4 29797, 0, 16; draw_string_vec4
    %concat/vec4; draw_string_vec4
    %store/vec4 v00000123876bee20_0, 0, 400;
    %fork TD_memory_interconnect_tb.check_bit, S_00000123876cc7a0;
    %join;
    %pushi/vec4 4095, 0, 32;
    %store/vec4 v000001238775e440_0, 0, 32;
    %pushi/vec4 1, 0, 1;
    %store/vec4 v000001238775f700_0, 0, 1;
    %pushi/vec4 0, 0, 1;
    %store/vec4 v000001238775e4e0_0, 0, 1;
    %delay 1000, 0;
    %load/vec4 v000001238775ec60_0;
    %store/vec4 v00000123876bf640_0, 0, 1;
    %pushi/vec4 1, 0, 1;
    %store/vec4 v00000123876bf960_0, 0, 1;
    %pushi/vec4 0, 0, 32; draw_string_vec4
    %pushi/vec4 0, 0, 32; draw_string_vec4
    %concat/vec4; draw_string_vec4
    %pushi/vec4 0, 0, 32; draw_string_vec4
    %concat/vec4; draw_string_vec4
    %pushi/vec4 0, 0, 32; draw_string_vec4
    %concat/vec4; draw_string_vec4
    %pushi/vec4 0, 0, 32; draw_string_vec4
    %concat/vec4; draw_string_vec4
    %pushi/vec4 82, 0, 32; draw_string_vec4
    %concat/vec4; draw_string_vec4
    %pushi/vec4 1095573621, 0, 32; draw_string_vec4
    %concat/vec4; draw_string_vec4
    %pushi/vec4 1886414194, 0, 32; draw_string_vec4
    %concat/vec4; draw_string_vec4
    %pushi/vec4 543321973, 0, 32; draw_string_vec4
    %concat/vec4; draw_string_vec4
    %pushi/vec4 1852072306, 0, 32; draw_string_vec4
    %concat/vec4; draw_string_vec4
    %pushi/vec4 2032169829, 0, 32; draw_string_vec4
    %concat/vec4; draw_string_vec4
    %pushi/vec4 1818583924, 0, 32; draw_string_vec4
    %concat/vec4; draw_string_vec4
    %pushi/vec4 25956, 0, 16; draw_string_vec4
    %concat/vec4; draw_string_vec4
    %store/vec4 v00000123876bee20_0, 0, 400;
    %fork TD_memory_interconnect_tb.check_bit, S_00000123876cc7a0;
    %join;
    %pushi/vec4 268435711, 0, 32;
    %store/vec4 v000001238775e440_0, 0, 32;
    %pushi/vec4 1, 0, 1;
    %store/vec4 v000001238775f700_0, 0, 1;
    %pushi/vec4 0, 0, 1;
    %store/vec4 v000001238775e4e0_0, 0, 1;
    %delay 1000, 0;
    %load/vec4 v000001238775eda0_0;
    %store/vec4 v00000123876bf640_0, 0, 1;
    %pushi/vec4 1, 0, 1;
    %store/vec4 v00000123876bf960_0, 0, 1;
    %pushi/vec4 0, 0, 32; draw_string_vec4
    %pushi/vec4 0, 0, 32; draw_string_vec4
    %concat/vec4; draw_string_vec4
    %pushi/vec4 0, 0, 32; draw_string_vec4
    %concat/vec4; draw_string_vec4
    %pushi/vec4 0, 0, 32; draw_string_vec4
    %concat/vec4; draw_string_vec4
    %pushi/vec4 0, 0, 32; draw_string_vec4
    %concat/vec4; draw_string_vec4
    %pushi/vec4 83, 0, 32; draw_string_vec4
    %concat/vec4; draw_string_vec4
    %pushi/vec4 1212227701, 0, 32; draw_string_vec4
    %concat/vec4; draw_string_vec4
    %pushi/vec4 1886414194, 0, 32; draw_string_vec4
    %concat/vec4; draw_string_vec4
    %pushi/vec4 543321973, 0, 32; draw_string_vec4
    %concat/vec4; draw_string_vec4
    %pushi/vec4 1852072306, 0, 32; draw_string_vec4
    %concat/vec4; draw_string_vec4
    %pushi/vec4 2032169829, 0, 32; draw_string_vec4
    %concat/vec4; draw_string_vec4
    %pushi/vec4 1818583924, 0, 32; draw_string_vec4
    %concat/vec4; draw_string_vec4
    %pushi/vec4 25956, 0, 16; draw_string_vec4
    %concat/vec4; draw_string_vec4
    %store/vec4 v00000123876bee20_0, 0, 400;
    %fork TD_memory_interconnect_tb.check_bit, S_00000123876cc7a0;
    %join;
    %vpi_call 2 537 "$display", "\000" {0 0 0};
    %vpi_call 2 538 "$display", "==============================================" {0 0 0};
    %vpi_call 2 539 "$display", "Tests  : %0d", v000001238775e940_0 {0 0 0};
    %vpi_call 2 540 "$display", "Errors : %0d", v000001238775fca0_0 {0 0 0};
    %vpi_call 2 541 "$display", "==============================================" {0 0 0};
    %vpi_call 2 542 "$display", "\000" {0 0 0};
    %load/vec4 v000001238775fca0_0;
    %cmpi/e 0, 0, 32;
    %jmp/0xz  T_2.0, 4;
    %vpi_call 2 546 "$display", "----------------------------------------------" {0 0 0};
    %vpi_call 2 547 "$display", "      MEMORY INTERCONNECT VERIFICATION PASS" {0 0 0};
    %vpi_call 2 548 "$display", "----------------------------------------------" {0 0 0};
    %jmp T_2.1;
T_2.0 ;
    %vpi_call 2 554 "$display", "----------------------------------------------" {0 0 0};
    %vpi_call 2 555 "$display", "      MEMORY INTERCONNECT VERIFICATION FAIL" {0 0 0};
    %vpi_call 2 556 "$display", "----------------------------------------------" {0 0 0};
T_2.1 ;
    %vpi_call 2 560 "$display", "\000" {0 0 0};
    %vpi_call 2 562 "$finish" {0 0 0};
    %end;
    .thread T_2;
# The file index is used to find the file name in the following table.
:file_names 4;
    "N/A";
    "<interactive>";
    "tb/core/memory_interconnect_tb.v";
    "rtl/core/memory_interconnect.v";
