#! /c/Source/iverilog-install/bin/vvp
:ivl_version "12.0 (devel)" "(s20150603-1110-g18392a46)";
:ivl_delay_selection "TYPICAL";
:vpi_time_precision - 12;
:vpi_module "C:\iverilog\lib\ivl\system.vpi";
:vpi_module "C:\iverilog\lib\ivl\vhdl_sys.vpi";
:vpi_module "C:\iverilog\lib\ivl\vhdl_textio.vpi";
:vpi_module "C:\iverilog\lib\ivl\v2005_math.vpi";
:vpi_module "C:\iverilog\lib\ivl\va_math.vpi";
S_0000014b7a9a44a0 .scope module, "control_unit_tb" "control_unit_tb" 2 26;
 .timescale -9 -12;
v0000014b7aa29590_0 .net "ALUOp", 1 0, v0000014b7a996d80_0;  1 drivers
v0000014b7aa29310_0 .net "ALUSrc", 0 0, v0000014b7a9567d0_0;  1 drivers
v0000014b7aa29630_0 .net "Branch", 0 0, v0000014b7a9abc00_0;  1 drivers
v0000014b7aa29c70_0 .net "Jump", 0 0, v0000014b7a9abca0_0;  1 drivers
v0000014b7aa29d10_0 .net "MemRead", 0 0, v0000014b7a9abd40_0;  1 drivers
v0000014b7aa291d0_0 .net "MemToReg", 0 0, v0000014b7a9abde0_0;  1 drivers
v0000014b7aa29770_0 .net "MemWrite", 0 0, v0000014b7a9abe80_0;  1 drivers
v0000014b7aa29090_0 .net "RegWrite", 0 0, v0000014b7a9cf9d0_0;  1 drivers
v0000014b7aa29950_0 .var/i "errors", 31 0;
v0000014b7aa296d0_0 .var "opcode", 6 0;
v0000014b7aa294f0_0 .var/i "tests", 31 0;
S_0000014b7a9aba70 .scope module, "DUT" "control_unit" 2 54, 3 27 0, S_0000014b7a9a44a0;
 .timescale 0 0;
    .port_info 0 /INPUT 7 "opcode";
    .port_info 1 /OUTPUT 1 "RegWrite";
    .port_info 2 /OUTPUT 1 "MemRead";
    .port_info 3 /OUTPUT 1 "MemWrite";
    .port_info 4 /OUTPUT 1 "MemToReg";
    .port_info 5 /OUTPUT 1 "ALUSrc";
    .port_info 6 /OUTPUT 1 "Branch";
    .port_info 7 /OUTPUT 1 "Jump";
    .port_info 8 /OUTPUT 2 "ALUOp";
v0000014b7a996d80_0 .var "ALUOp", 1 0;
v0000014b7a9567d0_0 .var "ALUSrc", 0 0;
v0000014b7a9abc00_0 .var "Branch", 0 0;
v0000014b7a9abca0_0 .var "Jump", 0 0;
v0000014b7a9abd40_0 .var "MemRead", 0 0;
v0000014b7a9abde0_0 .var "MemToReg", 0 0;
v0000014b7a9abe80_0 .var "MemWrite", 0 0;
v0000014b7a9cf9d0_0 .var "RegWrite", 0 0;
v0000014b7a9cfa70_0 .net "opcode", 6 0, v0000014b7aa296d0_0;  1 drivers
E_0000014b7a9c6600 .event anyedge, v0000014b7a9cfa70_0;
S_0000014b7a9cfb10 .scope task, "check_control" "check_control" 2 81, 2 81 0, S_0000014b7a9a44a0;
 .timescale -9 -12;
v0000014b7a9cfca0_0 .var "exp_ALUOp", 1 0;
v0000014b7a9cfd40_0 .var "exp_ALUSrc", 0 0;
v0000014b7a9cfde0_0 .var "exp_Branch", 0 0;
v0000014b7a9cfe80_0 .var "exp_Jump", 0 0;
v0000014b7aa29130_0 .var "exp_MemRead", 0 0;
v0000014b7aa298b0_0 .var "exp_MemToReg", 0 0;
v0000014b7aa29bd0_0 .var "exp_MemWrite", 0 0;
v0000014b7aa29810_0 .var "exp_RegWrite", 0 0;
v0000014b7aa29db0_0 .var "test_name", 127 0;
v0000014b7aa299f0_0 .var "test_opcode", 6 0;
TD_control_unit_tb.check_control ;
    %load/vec4 v0000014b7aa299f0_0;
    %store/vec4 v0000014b7aa296d0_0, 0, 7;
    %delay 1000, 0;
    %load/vec4 v0000014b7aa294f0_0;
    %addi 1, 0, 32;
    %store/vec4 v0000014b7aa294f0_0, 0, 32;
    %load/vec4 v0000014b7aa29090_0;
    %load/vec4 v0000014b7aa29810_0;
    %cmp/ne;
    %flag_mov 8, 6;
    %load/vec4 v0000014b7aa29d10_0;
    %load/vec4 v0000014b7aa29130_0;
    %cmp/ne;
    %flag_or 6, 8;
    %flag_mov 8, 6;
    %load/vec4 v0000014b7aa29770_0;
    %load/vec4 v0000014b7aa29bd0_0;
    %cmp/ne;
    %flag_or 6, 8;
    %flag_mov 8, 6;
    %load/vec4 v0000014b7aa291d0_0;
    %load/vec4 v0000014b7aa298b0_0;
    %cmp/ne;
    %flag_or 6, 8;
    %flag_mov 8, 6;
    %load/vec4 v0000014b7aa29310_0;
    %load/vec4 v0000014b7a9cfd40_0;
    %cmp/ne;
    %flag_or 6, 8;
    %flag_mov 8, 6;
    %load/vec4 v0000014b7aa29630_0;
    %load/vec4 v0000014b7a9cfde0_0;
    %cmp/ne;
    %flag_or 6, 8;
    %flag_mov 8, 6;
    %load/vec4 v0000014b7aa29c70_0;
    %load/vec4 v0000014b7a9cfe80_0;
    %cmp/ne;
    %flag_or 6, 8;
    %flag_mov 8, 6;
    %load/vec4 v0000014b7aa29590_0;
    %load/vec4 v0000014b7a9cfca0_0;
    %cmp/ne;
    %flag_or 6, 8;
    %jmp/0xz  T_0.0, 6;
    %vpi_call 2 121 "$display", "\000" {0 0 0};
    %vpi_call 2 122 "$display", "[FAIL] %s", v0000014b7aa29db0_0 {0 0 0};
    %vpi_call 2 124 "$display", "       Opcode   = %b", v0000014b7aa299f0_0 {0 0 0};
    %vpi_call 2 126 "$display", "       Expected:" {0 0 0};
    %vpi_call 2 127 "$display", "       RegWrite = %b", v0000014b7aa29810_0 {0 0 0};
    %vpi_call 2 128 "$display", "       MemRead  = %b", v0000014b7aa29130_0 {0 0 0};
    %vpi_call 2 129 "$display", "       MemWrite = %b", v0000014b7aa29bd0_0 {0 0 0};
    %vpi_call 2 130 "$display", "       MemToReg = %b", v0000014b7aa298b0_0 {0 0 0};
    %vpi_call 2 131 "$display", "       ALUSrc   = %b", v0000014b7a9cfd40_0 {0 0 0};
    %vpi_call 2 132 "$display", "       Branch   = %b", v0000014b7a9cfde0_0 {0 0 0};
    %vpi_call 2 133 "$display", "       Jump     = %b", v0000014b7a9cfe80_0 {0 0 0};
    %vpi_call 2 134 "$display", "       ALUOp    = %b", v0000014b7a9cfca0_0 {0 0 0};
    %vpi_call 2 136 "$display", "       Actual:" {0 0 0};
    %vpi_call 2 137 "$display", "       RegWrite = %b", v0000014b7aa29090_0 {0 0 0};
    %vpi_call 2 138 "$display", "       MemRead  = %b", v0000014b7aa29d10_0 {0 0 0};
    %vpi_call 2 139 "$display", "       MemWrite = %b", v0000014b7aa29770_0 {0 0 0};
    %vpi_call 2 140 "$display", "       MemToReg = %b", v0000014b7aa291d0_0 {0 0 0};
    %vpi_call 2 141 "$display", "       ALUSrc   = %b", v0000014b7aa29310_0 {0 0 0};
    %vpi_call 2 142 "$display", "       Branch   = %b", v0000014b7aa29630_0 {0 0 0};
    %vpi_call 2 143 "$display", "       Jump     = %b", v0000014b7aa29c70_0 {0 0 0};
    %vpi_call 2 144 "$display", "       ALUOp    = %b", v0000014b7aa29590_0 {0 0 0};
    %load/vec4 v0000014b7aa29950_0;
    %addi 1, 0, 32;
    %store/vec4 v0000014b7aa29950_0, 0, 32;
    %jmp T_0.1;
T_0.0 ;
    %vpi_call 2 152 "$display", "[PASS] %s", v0000014b7aa29db0_0 {0 0 0};
T_0.1 ;
    %end;
    .scope S_0000014b7a9aba70;
T_1 ;
    %wait E_0000014b7a9c6600;
    %pushi/vec4 0, 0, 1;
    %store/vec4 v0000014b7a9cf9d0_0, 0, 1;
    %pushi/vec4 0, 0, 1;
    %store/vec4 v0000014b7a9abd40_0, 0, 1;
    %pushi/vec4 0, 0, 1;
    %store/vec4 v0000014b7a9abe80_0, 0, 1;
    %pushi/vec4 0, 0, 1;
    %store/vec4 v0000014b7a9abde0_0, 0, 1;
    %pushi/vec4 0, 0, 1;
    %store/vec4 v0000014b7a9567d0_0, 0, 1;
    %pushi/vec4 0, 0, 1;
    %store/vec4 v0000014b7a9abc00_0, 0, 1;
    %pushi/vec4 0, 0, 1;
    %store/vec4 v0000014b7a9abca0_0, 0, 1;
    %pushi/vec4 0, 0, 2;
    %store/vec4 v0000014b7a996d80_0, 0, 2;
    %load/vec4 v0000014b7a9cfa70_0;
    %dup/vec4;
    %pushi/vec4 51, 0, 7;
    %cmp/u;
    %jmp/1 T_1.0, 6;
    %dup/vec4;
    %pushi/vec4 19, 0, 7;
    %cmp/u;
    %jmp/1 T_1.1, 6;
    %dup/vec4;
    %pushi/vec4 3, 0, 7;
    %cmp/u;
    %jmp/1 T_1.2, 6;
    %dup/vec4;
    %pushi/vec4 35, 0, 7;
    %cmp/u;
    %jmp/1 T_1.3, 6;
    %dup/vec4;
    %pushi/vec4 99, 0, 7;
    %cmp/u;
    %jmp/1 T_1.4, 6;
    %dup/vec4;
    %pushi/vec4 55, 0, 7;
    %cmp/u;
    %jmp/1 T_1.5, 6;
    %dup/vec4;
    %pushi/vec4 23, 0, 7;
    %cmp/u;
    %jmp/1 T_1.6, 6;
    %dup/vec4;
    %pushi/vec4 111, 0, 7;
    %cmp/u;
    %jmp/1 T_1.7, 6;
    %dup/vec4;
    %pushi/vec4 103, 0, 7;
    %cmp/u;
    %jmp/1 T_1.8, 6;
    %jmp T_1.10;
T_1.0 ;
    %pushi/vec4 1, 0, 1;
    %store/vec4 v0000014b7a9cf9d0_0, 0, 1;
    %pushi/vec4 0, 0, 1;
    %store/vec4 v0000014b7a9567d0_0, 0, 1;
    %pushi/vec4 2, 0, 2;
    %store/vec4 v0000014b7a996d80_0, 0, 2;
    %jmp T_1.10;
T_1.1 ;
    %pushi/vec4 1, 0, 1;
    %store/vec4 v0000014b7a9cf9d0_0, 0, 1;
    %pushi/vec4 1, 0, 1;
    %store/vec4 v0000014b7a9567d0_0, 0, 1;
    %pushi/vec4 2, 0, 2;
    %store/vec4 v0000014b7a996d80_0, 0, 2;
    %jmp T_1.10;
T_1.2 ;
    %pushi/vec4 1, 0, 1;
    %store/vec4 v0000014b7a9cf9d0_0, 0, 1;
    %pushi/vec4 1, 0, 1;
    %store/vec4 v0000014b7a9abd40_0, 0, 1;
    %pushi/vec4 1, 0, 1;
    %store/vec4 v0000014b7a9abde0_0, 0, 1;
    %pushi/vec4 1, 0, 1;
    %store/vec4 v0000014b7a9567d0_0, 0, 1;
    %pushi/vec4 0, 0, 2;
    %store/vec4 v0000014b7a996d80_0, 0, 2;
    %jmp T_1.10;
T_1.3 ;
    %pushi/vec4 1, 0, 1;
    %store/vec4 v0000014b7a9abe80_0, 0, 1;
    %pushi/vec4 1, 0, 1;
    %store/vec4 v0000014b7a9567d0_0, 0, 1;
    %pushi/vec4 0, 0, 2;
    %store/vec4 v0000014b7a996d80_0, 0, 2;
    %jmp T_1.10;
T_1.4 ;
    %pushi/vec4 1, 0, 1;
    %store/vec4 v0000014b7a9abc00_0, 0, 1;
    %pushi/vec4 0, 0, 1;
    %store/vec4 v0000014b7a9567d0_0, 0, 1;
    %pushi/vec4 1, 0, 2;
    %store/vec4 v0000014b7a996d80_0, 0, 2;
    %jmp T_1.10;
T_1.5 ;
    %pushi/vec4 1, 0, 1;
    %store/vec4 v0000014b7a9cf9d0_0, 0, 1;
    %pushi/vec4 1, 0, 1;
    %store/vec4 v0000014b7a9567d0_0, 0, 1;
    %pushi/vec4 2, 0, 2;
    %store/vec4 v0000014b7a996d80_0, 0, 2;
    %jmp T_1.10;
T_1.6 ;
    %pushi/vec4 1, 0, 1;
    %store/vec4 v0000014b7a9cf9d0_0, 0, 1;
    %pushi/vec4 1, 0, 1;
    %store/vec4 v0000014b7a9567d0_0, 0, 1;
    %pushi/vec4 2, 0, 2;
    %store/vec4 v0000014b7a996d80_0, 0, 2;
    %jmp T_1.10;
T_1.7 ;
    %pushi/vec4 1, 0, 1;
    %store/vec4 v0000014b7a9cf9d0_0, 0, 1;
    %pushi/vec4 1, 0, 1;
    %store/vec4 v0000014b7a9abca0_0, 0, 1;
    %jmp T_1.10;
T_1.8 ;
    %pushi/vec4 1, 0, 1;
    %store/vec4 v0000014b7a9cf9d0_0, 0, 1;
    %pushi/vec4 1, 0, 1;
    %store/vec4 v0000014b7a9567d0_0, 0, 1;
    %pushi/vec4 1, 0, 1;
    %store/vec4 v0000014b7a9abca0_0, 0, 1;
    %pushi/vec4 0, 0, 2;
    %store/vec4 v0000014b7a996d80_0, 0, 2;
    %jmp T_1.10;
T_1.10 ;
    %pop/vec4 1;
    %jmp T_1;
    .thread T_1, $push;
    .scope S_0000014b7a9a44a0;
T_2 ;
    %vpi_call 2 72 "$dumpfile", "sim/control_unit/control_unit.vcd" {0 0 0};
    %vpi_call 2 73 "$dumpvars", 32'sb00000000000000000000000000000000, S_0000014b7a9a44a0 {0 0 0};
    %end;
    .thread T_2;
    .scope S_0000014b7a9a44a0;
T_3 ;
    %pushi/vec4 0, 0, 7;
    %store/vec4 v0000014b7aa296d0_0, 0, 7;
    %pushi/vec4 0, 0, 32;
    %store/vec4 v0000014b7aa294f0_0, 0, 32;
    %pushi/vec4 0, 0, 32;
    %store/vec4 v0000014b7aa29950_0, 0, 32;
    %delay 5000, 0;
    %vpi_call 2 173 "$display", "\000" {0 0 0};
    %vpi_call 2 174 "$display", "=================================================" {0 0 0};
    %vpi_call 2 175 "$display", "        Main Control Unit Verification" {0 0 0};
    %vpi_call 2 176 "$display", "=================================================" {0 0 0};
    %pushi/vec4 51, 0, 7;
    %store/vec4 v0000014b7aa299f0_0, 0, 7;
    %pushi/vec4 1, 0, 1;
    %store/vec4 v0000014b7aa29810_0, 0, 1;
    %pushi/vec4 0, 0, 1;
    %store/vec4 v0000014b7aa29130_0, 0, 1;
    %pushi/vec4 0, 0, 1;
    %store/vec4 v0000014b7aa29bd0_0, 0, 1;
    %pushi/vec4 0, 0, 1;
    %store/vec4 v0000014b7aa298b0_0, 0, 1;
    %pushi/vec4 0, 0, 1;
    %store/vec4 v0000014b7a9cfd40_0, 0, 1;
    %pushi/vec4 0, 0, 1;
    %store/vec4 v0000014b7a9cfde0_0, 0, 1;
    %pushi/vec4 0, 0, 1;
    %store/vec4 v0000014b7a9cfe80_0, 0, 1;
    %pushi/vec4 2, 0, 2;
    %store/vec4 v0000014b7a9cfca0_0, 0, 2;
    %pushi/vec4 0, 0, 32; draw_string_vec4
    %pushi/vec4 0, 0, 32; draw_string_vec4
    %concat/vec4; draw_string_vec4
    %pushi/vec4 21037, 0, 32; draw_string_vec4
    %concat/vec4; draw_string_vec4
    %pushi/vec4 1417244773, 0, 32; draw_string_vec4
    %concat/vec4; draw_string_vec4
    %store/vec4 v0000014b7aa29db0_0, 0, 128;
    %fork TD_control_unit_tb.check_control, S_0000014b7a9cfb10;
    %join;
    %pushi/vec4 19, 0, 7;
    %store/vec4 v0000014b7aa299f0_0, 0, 7;
    %pushi/vec4 1, 0, 1;
    %store/vec4 v0000014b7aa29810_0, 0, 1;
    %pushi/vec4 0, 0, 1;
    %store/vec4 v0000014b7aa29130_0, 0, 1;
    %pushi/vec4 0, 0, 1;
    %store/vec4 v0000014b7aa29bd0_0, 0, 1;
    %pushi/vec4 0, 0, 1;
    %store/vec4 v0000014b7aa298b0_0, 0, 1;
    %pushi/vec4 1, 0, 1;
    %store/vec4 v0000014b7a9cfd40_0, 0, 1;
    %pushi/vec4 0, 0, 1;
    %store/vec4 v0000014b7a9cfde0_0, 0, 1;
    %pushi/vec4 0, 0, 1;
    %store/vec4 v0000014b7a9cfe80_0, 0, 1;
    %pushi/vec4 2, 0, 2;
    %store/vec4 v0000014b7a9cfca0_0, 0, 2;
    %pushi/vec4 0, 0, 32; draw_string_vec4
    %pushi/vec4 18733, 0, 32; draw_string_vec4
    %concat/vec4; draw_string_vec4
    %pushi/vec4 1417244773, 0, 32; draw_string_vec4
    %concat/vec4; draw_string_vec4
    %pushi/vec4 541150293, 0, 32; draw_string_vec4
    %concat/vec4; draw_string_vec4
    %store/vec4 v0000014b7aa29db0_0, 0, 128;
    %fork TD_control_unit_tb.check_control, S_0000014b7a9cfb10;
    %join;
    %pushi/vec4 3, 0, 7;
    %store/vec4 v0000014b7aa299f0_0, 0, 7;
    %pushi/vec4 1, 0, 1;
    %store/vec4 v0000014b7aa29810_0, 0, 1;
    %pushi/vec4 1, 0, 1;
    %store/vec4 v0000014b7aa29130_0, 0, 1;
    %pushi/vec4 0, 0, 1;
    %store/vec4 v0000014b7aa29bd0_0, 0, 1;
    %pushi/vec4 1, 0, 1;
    %store/vec4 v0000014b7aa298b0_0, 0, 1;
    %pushi/vec4 1, 0, 1;
    %store/vec4 v0000014b7a9cfd40_0, 0, 1;
    %pushi/vec4 0, 0, 1;
    %store/vec4 v0000014b7a9cfde0_0, 0, 1;
    %pushi/vec4 0, 0, 1;
    %store/vec4 v0000014b7a9cfe80_0, 0, 1;
    %pushi/vec4 0, 0, 2;
    %store/vec4 v0000014b7a9cfca0_0, 0, 2;
    %pushi/vec4 0, 0, 32; draw_string_vec4
    %pushi/vec4 0, 0, 32; draw_string_vec4
    %concat/vec4; draw_string_vec4
    %pushi/vec4 0, 0, 32; draw_string_vec4
    %concat/vec4; draw_string_vec4
    %pushi/vec4 1282367844, 0, 32; draw_string_vec4
    %concat/vec4; draw_string_vec4
    %store/vec4 v0000014b7aa29db0_0, 0, 128;
    %fork TD_control_unit_tb.check_control, S_0000014b7a9cfb10;
    %join;
    %pushi/vec4 35, 0, 7;
    %store/vec4 v0000014b7aa299f0_0, 0, 7;
    %pushi/vec4 0, 0, 1;
    %store/vec4 v0000014b7aa29810_0, 0, 1;
    %pushi/vec4 0, 0, 1;
    %store/vec4 v0000014b7aa29130_0, 0, 1;
    %pushi/vec4 1, 0, 1;
    %store/vec4 v0000014b7aa29bd0_0, 0, 1;
    %pushi/vec4 0, 0, 1;
    %store/vec4 v0000014b7aa298b0_0, 0, 1;
    %pushi/vec4 1, 0, 1;
    %store/vec4 v0000014b7a9cfd40_0, 0, 1;
    %pushi/vec4 0, 0, 1;
    %store/vec4 v0000014b7a9cfde0_0, 0, 1;
    %pushi/vec4 0, 0, 1;
    %store/vec4 v0000014b7a9cfe80_0, 0, 1;
    %pushi/vec4 0, 0, 2;
    %store/vec4 v0000014b7a9cfca0_0, 0, 2;
    %pushi/vec4 0, 0, 32; draw_string_vec4
    %pushi/vec4 0, 0, 32; draw_string_vec4
    %concat/vec4; draw_string_vec4
    %pushi/vec4 83, 0, 32; draw_string_vec4
    %concat/vec4; draw_string_vec4
    %pushi/vec4 1953460837, 0, 32; draw_string_vec4
    %concat/vec4; draw_string_vec4
    %store/vec4 v0000014b7aa29db0_0, 0, 128;
    %fork TD_control_unit_tb.check_control, S_0000014b7a9cfb10;
    %join;
    %pushi/vec4 99, 0, 7;
    %store/vec4 v0000014b7aa299f0_0, 0, 7;
    %pushi/vec4 0, 0, 1;
    %store/vec4 v0000014b7aa29810_0, 0, 1;
    %pushi/vec4 0, 0, 1;
    %store/vec4 v0000014b7aa29130_0, 0, 1;
    %pushi/vec4 0, 0, 1;
    %store/vec4 v0000014b7aa29bd0_0, 0, 1;
    %pushi/vec4 0, 0, 1;
    %store/vec4 v0000014b7aa298b0_0, 0, 1;
    %pushi/vec4 0, 0, 1;
    %store/vec4 v0000014b7a9cfd40_0, 0, 1;
    %pushi/vec4 1, 0, 1;
    %store/vec4 v0000014b7a9cfde0_0, 0, 1;
    %pushi/vec4 0, 0, 1;
    %store/vec4 v0000014b7a9cfe80_0, 0, 1;
    %pushi/vec4 1, 0, 2;
    %store/vec4 v0000014b7a9cfca0_0, 0, 2;
    %pushi/vec4 0, 0, 32; draw_string_vec4
    %pushi/vec4 0, 0, 32; draw_string_vec4
    %concat/vec4; draw_string_vec4
    %pushi/vec4 17010, 0, 32; draw_string_vec4
    %concat/vec4; draw_string_vec4
    %pushi/vec4 1634624360, 0, 32; draw_string_vec4
    %concat/vec4; draw_string_vec4
    %store/vec4 v0000014b7aa29db0_0, 0, 128;
    %fork TD_control_unit_tb.check_control, S_0000014b7a9cfb10;
    %join;
    %pushi/vec4 55, 0, 7;
    %store/vec4 v0000014b7aa299f0_0, 0, 7;
    %pushi/vec4 1, 0, 1;
    %store/vec4 v0000014b7aa29810_0, 0, 1;
    %pushi/vec4 0, 0, 1;
    %store/vec4 v0000014b7aa29130_0, 0, 1;
    %pushi/vec4 0, 0, 1;
    %store/vec4 v0000014b7aa29bd0_0, 0, 1;
    %pushi/vec4 0, 0, 1;
    %store/vec4 v0000014b7aa298b0_0, 0, 1;
    %pushi/vec4 1, 0, 1;
    %store/vec4 v0000014b7a9cfd40_0, 0, 1;
    %pushi/vec4 0, 0, 1;
    %store/vec4 v0000014b7a9cfde0_0, 0, 1;
    %pushi/vec4 0, 0, 1;
    %store/vec4 v0000014b7a9cfe80_0, 0, 1;
    %pushi/vec4 2, 0, 2;
    %store/vec4 v0000014b7a9cfca0_0, 0, 2;
    %pushi/vec4 0, 0, 32; draw_string_vec4
    %pushi/vec4 0, 0, 32; draw_string_vec4
    %concat/vec4; draw_string_vec4
    %pushi/vec4 0, 0, 32; draw_string_vec4
    %concat/vec4; draw_string_vec4
    %pushi/vec4 5002569, 0, 32; draw_string_vec4
    %concat/vec4; draw_string_vec4
    %store/vec4 v0000014b7aa29db0_0, 0, 128;
    %fork TD_control_unit_tb.check_control, S_0000014b7a9cfb10;
    %join;
    %pushi/vec4 23, 0, 7;
    %store/vec4 v0000014b7aa299f0_0, 0, 7;
    %pushi/vec4 1, 0, 1;
    %store/vec4 v0000014b7aa29810_0, 0, 1;
    %pushi/vec4 0, 0, 1;
    %store/vec4 v0000014b7aa29130_0, 0, 1;
    %pushi/vec4 0, 0, 1;
    %store/vec4 v0000014b7aa29bd0_0, 0, 1;
    %pushi/vec4 0, 0, 1;
    %store/vec4 v0000014b7aa298b0_0, 0, 1;
    %pushi/vec4 1, 0, 1;
    %store/vec4 v0000014b7a9cfd40_0, 0, 1;
    %pushi/vec4 0, 0, 1;
    %store/vec4 v0000014b7a9cfde0_0, 0, 1;
    %pushi/vec4 0, 0, 1;
    %store/vec4 v0000014b7a9cfe80_0, 0, 1;
    %pushi/vec4 2, 0, 2;
    %store/vec4 v0000014b7a9cfca0_0, 0, 2;
    %pushi/vec4 0, 0, 32; draw_string_vec4
    %pushi/vec4 0, 0, 32; draw_string_vec4
    %concat/vec4; draw_string_vec4
    %pushi/vec4 65, 0, 32; draw_string_vec4
    %concat/vec4; draw_string_vec4
    %pushi/vec4 1430868035, 0, 32; draw_string_vec4
    %concat/vec4; draw_string_vec4
    %store/vec4 v0000014b7aa29db0_0, 0, 128;
    %fork TD_control_unit_tb.check_control, S_0000014b7a9cfb10;
    %join;
    %pushi/vec4 111, 0, 7;
    %store/vec4 v0000014b7aa299f0_0, 0, 7;
    %pushi/vec4 1, 0, 1;
    %store/vec4 v0000014b7aa29810_0, 0, 1;
    %pushi/vec4 0, 0, 1;
    %store/vec4 v0000014b7aa29130_0, 0, 1;
    %pushi/vec4 0, 0, 1;
    %store/vec4 v0000014b7aa29bd0_0, 0, 1;
    %pushi/vec4 0, 0, 1;
    %store/vec4 v0000014b7aa298b0_0, 0, 1;
    %pushi/vec4 0, 0, 1;
    %store/vec4 v0000014b7a9cfd40_0, 0, 1;
    %pushi/vec4 0, 0, 1;
    %store/vec4 v0000014b7a9cfde0_0, 0, 1;
    %pushi/vec4 1, 0, 1;
    %store/vec4 v0000014b7a9cfe80_0, 0, 1;
    %pushi/vec4 0, 0, 2;
    %store/vec4 v0000014b7a9cfca0_0, 0, 2;
    %pushi/vec4 0, 0, 32; draw_string_vec4
    %pushi/vec4 0, 0, 32; draw_string_vec4
    %concat/vec4; draw_string_vec4
    %pushi/vec4 0, 0, 32; draw_string_vec4
    %concat/vec4; draw_string_vec4
    %pushi/vec4 4866380, 0, 32; draw_string_vec4
    %concat/vec4; draw_string_vec4
    %store/vec4 v0000014b7aa29db0_0, 0, 128;
    %fork TD_control_unit_tb.check_control, S_0000014b7a9cfb10;
    %join;
    %pushi/vec4 103, 0, 7;
    %store/vec4 v0000014b7aa299f0_0, 0, 7;
    %pushi/vec4 1, 0, 1;
    %store/vec4 v0000014b7aa29810_0, 0, 1;
    %pushi/vec4 0, 0, 1;
    %store/vec4 v0000014b7aa29130_0, 0, 1;
    %pushi/vec4 0, 0, 1;
    %store/vec4 v0000014b7aa29bd0_0, 0, 1;
    %pushi/vec4 0, 0, 1;
    %store/vec4 v0000014b7aa298b0_0, 0, 1;
    %pushi/vec4 1, 0, 1;
    %store/vec4 v0000014b7a9cfd40_0, 0, 1;
    %pushi/vec4 0, 0, 1;
    %store/vec4 v0000014b7a9cfde0_0, 0, 1;
    %pushi/vec4 1, 0, 1;
    %store/vec4 v0000014b7a9cfe80_0, 0, 1;
    %pushi/vec4 0, 0, 2;
    %store/vec4 v0000014b7a9cfca0_0, 0, 2;
    %pushi/vec4 0, 0, 32; draw_string_vec4
    %pushi/vec4 0, 0, 32; draw_string_vec4
    %concat/vec4; draw_string_vec4
    %pushi/vec4 0, 0, 32; draw_string_vec4
    %concat/vec4; draw_string_vec4
    %pushi/vec4 1245793362, 0, 32; draw_string_vec4
    %concat/vec4; draw_string_vec4
    %store/vec4 v0000014b7aa29db0_0, 0, 128;
    %fork TD_control_unit_tb.check_control, S_0000014b7a9cfb10;
    %join;
    %pushi/vec4 127, 0, 7;
    %store/vec4 v0000014b7aa299f0_0, 0, 7;
    %pushi/vec4 0, 0, 1;
    %store/vec4 v0000014b7aa29810_0, 0, 1;
    %pushi/vec4 0, 0, 1;
    %store/vec4 v0000014b7aa29130_0, 0, 1;
    %pushi/vec4 0, 0, 1;
    %store/vec4 v0000014b7aa29bd0_0, 0, 1;
    %pushi/vec4 0, 0, 1;
    %store/vec4 v0000014b7aa298b0_0, 0, 1;
    %pushi/vec4 0, 0, 1;
    %store/vec4 v0000014b7a9cfd40_0, 0, 1;
    %pushi/vec4 0, 0, 1;
    %store/vec4 v0000014b7a9cfde0_0, 0, 1;
    %pushi/vec4 0, 0, 1;
    %store/vec4 v0000014b7a9cfe80_0, 0, 1;
    %pushi/vec4 0, 0, 2;
    %store/vec4 v0000014b7a9cfca0_0, 0, 2;
    %pushi/vec4 18798, 0, 32; draw_string_vec4
    %pushi/vec4 1986096233, 0, 32; draw_string_vec4
    %concat/vec4; draw_string_vec4
    %pushi/vec4 1679839088, 0, 32; draw_string_vec4
    %concat/vec4; draw_string_vec4
    %pushi/vec4 1668244581, 0, 32; draw_string_vec4
    %concat/vec4; draw_string_vec4
    %store/vec4 v0000014b7aa29db0_0, 0, 128;
    %fork TD_control_unit_tb.check_control, S_0000014b7a9cfb10;
    %join;
    %vpi_call 2 372 "$display", "\000" {0 0 0};
    %vpi_call 2 373 "$display", "=================================================" {0 0 0};
    %vpi_call 2 374 "$display", "Verification Summary" {0 0 0};
    %vpi_call 2 375 "$display", "=================================================" {0 0 0};
    %vpi_call 2 377 "$display", "Tests  : %0d", v0000014b7aa294f0_0 {0 0 0};
    %vpi_call 2 378 "$display", "Errors : %0d", v0000014b7aa29950_0 {0 0 0};
    %vpi_call 2 380 "$display", "\000" {0 0 0};
    %load/vec4 v0000014b7aa29950_0;
    %cmpi/e 0, 0, 32;
    %jmp/0xz  T_3.0, 4;
    %vpi_call 2 384 "$display", "***********************************************" {0 0 0};
    %vpi_call 2 385 "$display", "*                                             *" {0 0 0};
    %vpi_call 2 386 "$display", "*       ALL TESTS PASSED SUCCESSFULLY!       *" {0 0 0};
    %vpi_call 2 387 "$display", "*                                             *" {0 0 0};
    %vpi_call 2 388 "$display", "***********************************************" {0 0 0};
    %jmp T_3.1;
T_3.0 ;
    %vpi_call 2 394 "$display", "***********************************************" {0 0 0};
    %vpi_call 2 395 "$display", "*                                             *" {0 0 0};
    %vpi_call 2 396 "$display", "*       VERIFICATION FAILED                   *" {0 0 0};
    %vpi_call 2 397 "$display", "*                                             *" {0 0 0};
    %vpi_call 2 398 "$display", "*       Errors : %0d                           *", v0000014b7aa29950_0 {0 0 0};
    %vpi_call 2 399 "$display", "*                                             *" {0 0 0};
    %vpi_call 2 400 "$display", "***********************************************" {0 0 0};
T_3.1 ;
    %vpi_call 2 404 "$finish" {0 0 0};
    %end;
    .thread T_3;
# The file index is used to find the file name in the following table.
:file_names 4;
    "N/A";
    "<interactive>";
    "tb/core/control_unit_tb.v";
    "rtl/core/control_unit.v";
